
--- start 2026-08-05T18:54:32+07:00 ---
[bridge] live monitor=http://127.0.0.1:8805
[bridge] dir=C:\Work\ThuyenRepo\EdgeMinerM15B4\mt5\bridge_m15b4 model=tm_h_c_3_tu_n_h_c_2025-2026-6th_f574b07e conditions_fp=e396506059c5
[bridge] history bars=39243
[bridge] live monitor=http://127.0.0.1:8805
[bridge] dir=C:\Work\ThuyenRepo\EdgeMinerM15B4\mt5\bridge_m15b4 model=tm_breakthrough_elite_or_qualit_d23dbb33 conditions_fp=490a57dc1f9e
[bridge] history bars=39244
[bridge] schedule week=2026-08-03 strategy=Forge RR3 full 2L4S rsi+range #7A74|chase:fixed_or_rsi<58+vwap<1.5 fm_len=39244 train_bars=2867 fp=490a57dc1f9e
[bridge] bar=2026.08.05 14:30 action=FLAT reason=no_signal strat=Forge RR3 full 2L4S rsi+range #7A74|chase:fixed_or_rsi<58+vwap<1.5
[bridge] bar=2026.08.05 14:45 action=FLAT reason=no_signal strat=Forge RR3 full 2L4S rsi+range #7A74|chase:fixed_or_rsi<58+vwap<1.5

--- start 2026-08-05T19:24:43+05:30 ---
[bridge] live monitor unavailable: [Errno 98] Address already in use
[bridge] dir=C:\Work\ThuyenRepo\EdgeMinerM15B4\mt5\bridge_m15b4 model=tm_breakthrough_elite_or_qualit_d23dbb33 conditions_fp=490a57dc1f9e
[bridge] history bars=39484

--- start 2026-08-06T10:30:57+05:30 ---
[bridge] live monitor unavailable: [Errno 98] Address already in use
[bridge] dir=C:\Work\ThuyenRepo\EdgeMinerM15B4\mt5\bridge_m15b4 model=tm_h_c_3_tu_n_h_c_2025-2026-6th_f574b07e conditions_fp=e396506059c5
[bridge] history bars=39484

--- start 2026-08-06T11:08:24+05:30 ---
[bridge] live monitor unavailable: [Errno 98] Address already in use
[bridge] dir=C:\Work\ThuyenRepo\EdgeMinerM15B4\mt5\bridge_m15b4 model=tm_h_c_3_tu_n_h_c_2025-2026-6th_f574b07e conditions_fp=e396506059c5
[bridge] history bars=39484

--- start 2026-08-06T12:29:18+05:30 ---
[bridge] live monitor=http://127.0.0.1:8805
[bridge] dir=C:\Work\ThuyenRepo\EdgeMinerM15B4\mt5\bridge_m15b4 model=tm_h_c_3_tu_n_h_c_2025-2026-6th_f574b07e conditions_fp=e396506059c5
[bridge] history bars=39484
