==> Locate XM Global MT5
Install : C:\Program Files\XM Global MT5
Data    : C:\Users\Thuyen\AppData\Roaming\MetaQuotes\Terminal\BB16F565FAAA6B23A20C26C49416FF05
Desk    : e21 (CL1E21 EURUSD M15)
Runtime : C:\Work\ThuyenRepo\M15_clone1\Train\runtime\e21
Mode    : Live
==> Stop XM MT5 (unlock EA files / Files junction)
==> Link MQL5 Files to app
Live    : C:\Users\Thuyen\AppData\Roaming\MetaQuotes\Terminal\BB16F565FAAA6B23A20C26C49416FF05\MQL5\Files\bridge_cl1_e21 -> C:\Work\ThuyenRepo\M15_clone1\Train\runtime\e21\mt5\bridge_cl1_e21
==> Render ForgeBridge EA v1.27 for desk e21
OK runtime\e21\mt5\Experts\ForgeBridgeCL1E21.mq5
==> Copy and compile ForgeBridgeCL1E21
EX5     : C:\Users\Thuyen\AppData\Roaming\MetaQuotes\Terminal\BB16F565FAAA6B23A20C26C49416FF05\MQL5\Experts\EdgeMinerCL1E21\ForgeBridgeCL1E21.ex5
==> Attach ForgeBridgeCL1E21 Live to EURUSD M15
Attach target: existing ForgeBridgeCL1E21 on chart10.chr
Attached ForgeBridgeCL1E21 (mode=0, subdir=bridge_cl1_e21) -> chart10.chr
Chart   : C:\Users\Thuyen\AppData\Roaming\MetaQuotes\Terminal\BB16F565FAAA6B23A20C26C49416FF05\MQL5\Profiles\Charts\Default\chart10.chr
Trading : True
History test: same EA + chart; App writes sim_control.json on bridge_cl1_e21
==> Restart MT5 Bridge service
Service : PID 740
==> Done
Live EA ready. History test: App from/to writes sim_control.json on this same chart (no Sim EX5).
Next update command:
powershell -ExecutionPolicy Bypass -File "C:\Work\ThuyenRepo\M15_clone1\Train\scripts\deploy_xm_forgebridge.ps1" -Desk e21
