Breakthrough A/B | model=tm_h_c_6_tu_n_h_c_2025-2026-6th_bc18d887 | presets=['baseline', 'frontier_rr', 'edge_side_only', 'edge_gentle'] | workers=2
  baseline: {'n_trades': 273, 'trades_per_week': 9.1, 'win_rate_pct': 47.25, 'avg_rr': 2.437, 'profit_factor': 2.058, 'total_pips': 1070.46, 'total_r': 195.609, 'max_drawdown_r': 11.32, 'max_win_streak': 7, 'max_loss_streak': 10, 'risk_of_ruin_pct': 0.0}
  frontier_rr: {'n_trades': 272, 'trades_per_week': 9.07, 'win_rate_pct': 48.53, 'avg_rr': 2.512, 'profit_factor': 2.272, 'total_pips': 1270.72, 'total_r': 219.582, 'max_drawdown_r': 11.32, 'max_win_streak': 9, 'max_loss_streak': 10, 'risk_of_ruin_pct': 0.0}
  edge_gentle: {'n_trades': 268, 'trades_per_week': 8.93, 'win_rate_pct': 48.13, 'avg_rr': 2.486, 'profit_factor': 2.298, 'total_pips': 1245.17, 'total_r': 209.076, 'max_drawdown_r': 11.32, 'max_win_streak': 9, 'max_loss_streak': 10, 'risk_of_ruin_pct': 0.0}
  edge_side_only: {'n_trades': 267, 'trades_per_week': 8.9, 'win_rate_pct': 46.82, 'avg_rr': 2.535, 'profit_factor': 1.998, 'total_pips': 1014.52, 'total_r': 200.526, 'max_drawdown_r': 12.43, 'max_win_streak': 9, 'max_loss_streak': 10, 'risk_of_ruin_pct': 0.0}
{
  "winner": "frontier_rr",
  "beats_wr_and_rr": true,
  "deltas_vs_baseline": {
    "frontier_rr": {
      "win_rate_pct": 1.28,
      "avg_rr": 0.075,
      "total_r": 23.973,
      "max_drawdown_r": 0.0,
      "profit_factor": 0.214,
      "n_trades": -1.0
    },
    "edge_gentle": {
      "win_rate_pct": 0.88,
      "avg_rr": 0.049,
      "total_r": 13.467,
      "max_drawdown_r": 0.0,
      "profit_factor": 0.24,
      "n_trades": -5.0
    },
    "edge_side_only": {
      "win_rate_pct": -0.43,
      "avg_rr": 0.098,
      "total_r": 4.917,
      "max_drawdown_r": 1.11,
      "profit_factor": -0.06,
      "n_trades": -6.0
    }
  },
  "path": "/home/thuyenng/work/ThuyenRepo/EdgeMinerM15/results/research/wr_rr_breakthrough/latest.json"
}
