Breakthrough A/B | model=tm_h_c_6_tu_n_h_c_2025-2026-6th_bc18d887 | presets=['baseline', 'frontier_rr', 'frontier_rr_hi', 'edge_gentle'] | workers=2
  frontier_rr: {'n_trades': 272, 'trades_per_week': 9.07, 'win_rate_pct': 48.53, 'avg_rr': 2.512, 'profit_factor': 2.272, 'total_pips': 1270.72, 'total_r': 219.582, 'max_drawdown_r': 11.32, 'max_win_streak': 9, 'max_loss_streak': 10, 'risk_of_ruin_pct': 0.0}
  baseline: {'n_trades': 273, 'trades_per_week': 9.1, 'win_rate_pct': 47.25, 'avg_rr': 2.437, 'profit_factor': 2.058, 'total_pips': 1070.46, 'total_r': 195.609, 'max_drawdown_r': 11.32, 'max_win_streak': 7, 'max_loss_streak': 10, 'risk_of_ruin_pct': 0.0}
  frontier_rr_hi: {'n_trades': 269, 'trades_per_week': 8.97, 'win_rate_pct': 46.84, 'avg_rr': 2.516, 'profit_factor': 2.08, 'total_pips': 1100.34, 'total_r': 199.337, 'max_drawdown_r': 10.19, 'max_win_streak': 9, 'max_loss_streak': 9, 'risk_of_ruin_pct': 0.0}
  edge_gentle: {'n_trades': 268, 'trades_per_week': 8.93, 'win_rate_pct': 48.13, 'avg_rr': 2.486, 'profit_factor': 2.298, 'total_pips': 1245.17, 'total_r': 209.076, 'max_drawdown_r': 11.32, 'max_win_streak': 9, 'max_loss_streak': 10, 'risk_of_ruin_pct': 0.0}
2026-08-03 12:20:30.353 WARNING streamlit.runtime.caching.cache_data_api: No runtime found, using MemoryCacheStorageManager
2026-08-03 12:20:30.355 WARNING streamlit.runtime.caching.cache_data_api: No runtime found, using MemoryCacheStorageManager
Promoted NEW model: tm_breakthrough_frontier_rr_vs__c0886511 (active=False)
{
  "winner": "frontier_rr",
  "beats_wr_and_rr": true,
  "deltas_vs_baseline": {
    "frontier_rr": {
      "win_rate_pct": 1.28,
      "avg_rr": 0.075,
      "total_r": 23.973,
      "max_drawdown_r": 0.0,
      "profit_factor": 0.214,
      "n_trades": -1.0
    },
    "frontier_rr_hi": {
      "win_rate_pct": -0.41,
      "avg_rr": 0.079,
      "total_r": 3.728,
      "max_drawdown_r": -1.13,
      "profit_factor": 0.022,
      "n_trades": -4.0
    },
    "edge_gentle": {
      "win_rate_pct": 0.88,
      "avg_rr": 0.049,
      "total_r": 13.467,
      "max_drawdown_r": 0.0,
      "profit_factor": 0.24,
      "n_trades": -5.0
    }
  },
  "path": "/home/thuyenng/work/ThuyenRepo/EdgeMinerM15/results/research/wr_rr_breakthrough/latest.json"
}
