
--- start 2026-07-23T22:48:44+07:00 ---
paper chart=http://127.0.0.1:8766
2026-07-23 22:48:46.092 WARNING streamlit.runtime.caching.cache_data_api: No runtime found, using MemoryCacheStorageManager
2026-07-23 22:48:46.093 WARNING streamlit.runtime.caching.cache_data_api: No runtime found, using MemoryCacheStorageManager
paper bar=2026-07-23 14:00:00 model=tm_mt5_best_94ef551a trades=1

--- start 2026-07-23T22:51:09+07:00 ---
paper chart=http://127.0.0.1:8766
2026-07-23 22:51:11.829 WARNING streamlit.runtime.caching.cache_data_api: No runtime found, using MemoryCacheStorageManager
2026-07-23 22:51:11.838 WARNING streamlit.runtime.caching.cache_data_api: No runtime found, using MemoryCacheStorageManager
paper bar=2026-07-23 14:00:00 model=tm_mt5_best_94ef551a trades=1
paper bar=2026-07-23 14:00:00 model=tm_mt5_best_94ef551a trades=1

--- start 2026-07-23T22:53:24+07:00 ---
paper chart=http://127.0.0.1:8766
2026-07-23 22:53:26.577 WARNING streamlit.runtime.caching.cache_data_api: No runtime found, using MemoryCacheStorageManager
2026-07-23 22:53:26.578 WARNING streamlit.runtime.caching.cache_data_api: No runtime found, using MemoryCacheStorageManager
paper bar=2026-07-23 14:00:00 model=tm_mt5_best_94ef551a trades=1

--- start 2026-07-23T22:54:34+07:00 ---
paper chart=http://127.0.0.1:8766
2026-07-23 22:54:36.058 WARNING streamlit.runtime.caching.cache_data_api: No runtime found, using MemoryCacheStorageManager
2026-07-23 22:54:36.059 WARNING streamlit.runtime.caching.cache_data_api: No runtime found, using MemoryCacheStorageManager
paper bar=2026-07-23 14:00:00 model=tm_mt5_best_94ef551a trades=1
paper bar=2026-07-23 15:00:00 model=tm_mt5_best_94ef551a trades=1

--- start 2026-07-23T23:03:18+07:00 ---
paper chart=http://127.0.0.1:8766
2026-07-23 23:03:20.130 WARNING streamlit.runtime.caching.cache_data_api: No runtime found, using MemoryCacheStorageManager
2026-07-23 23:03:20.131 WARNING streamlit.runtime.caching.cache_data_api: No runtime found, using MemoryCacheStorageManager
paper bar=2026-07-23 15:00:00 model=tm_mt5_best_94ef551a trades=1

--- start 2026-07-23T23:10:33+07:00 ---
paper chart=http://127.0.0.1:8766
2026-07-23 23:10:35.594 WARNING streamlit.runtime.caching.cache_data_api: No runtime found, using MemoryCacheStorageManager
2026-07-23 23:10:35.595 WARNING streamlit.runtime.caching.cache_data_api: No runtime found, using MemoryCacheStorageManager
paper bar=2026-07-23 15:00:00 model=tm_mt5_best_94ef551a trades=1

--- start 2026-07-24T09:35:30+07:00 ---
paper chart=http://127.0.0.1:8866
2026-07-24 09:35:32.861 WARNING streamlit.runtime.caching.cache_data_api: No runtime found, using MemoryCacheStorageManager
2026-07-24 09:35:32.862 WARNING streamlit.runtime.caching.cache_data_api: No runtime found, using MemoryCacheStorageManager
paper bar=2026-07-24 01:00:00 model=tm_mt5_best_94ef551a trades=1
paper bar=2026-07-24 01:00:00 model=tm_mt5_best_94ef551a trades=1

--- start 2026-07-24T09:39:24+07:00 ---
paper chart=http://127.0.0.1:8866
2026-07-24 09:39:26.592 WARNING streamlit.runtime.caching.cache_data_api: No runtime found, using MemoryCacheStorageManager
2026-07-24 09:39:26.592 WARNING streamlit.runtime.caching.cache_data_api: No runtime found, using MemoryCacheStorageManager
paper bar=2026-07-24 01:00:00 model=tm_mt5_best_94ef551a trades=1
paper bar=2026-07-24 02:00:00 model=tm_mt5_best_94ef551a trades=1

--- start 2026-07-26T22:59:24+07:00 ---
paper chart=http://127.0.0.1:8766
2026-07-26 22:59:26.513 WARNING streamlit.runtime.caching.cache_data_api: No runtime found, using MemoryCacheStorageManager
2026-07-26 22:59:26.514 WARNING streamlit.runtime.caching.cache_data_api: No runtime found, using MemoryCacheStorageManager
paper ERROR: get_paper_monitor() got an unexpected keyword argument 'model_id'
paper ERROR: get_paper_monitor() got an unexpected keyword argument 'model_id'
paper ERROR: get_paper_monitor() got an unexpected keyword argument 'model_id'
paper ERROR: get_paper_monitor() got an unexpected keyword argument 'model_id'
paper ERROR: get_paper_monitor() got an unexpected keyword argument 'model_id'
paper ERROR: get_paper_monitor() got an unexpected keyword argument 'model_id'
paper ERROR: get_paper_monitor() got an unexpected keyword argument 'model_id'
paper ERROR: get_paper_monitor() got an unexpected keyword argument 'model_id'
paper ERROR: get_paper_monitor() got an unexpected keyword argument 'model_id'
paper ERROR: get_paper_monitor() got an unexpected keyword argument 'model_id'
paper ERROR: get_paper_monitor() got an unexpected keyword argument 'model_id'
paper ERROR: get_paper_monitor() got an unexpected keyword argument 'model_id'
paper ERROR: get_paper_monitor() got an unexpected keyword argument 'model_id'
paper ERROR: get_paper_monitor() got an unexpected keyword argument 'model_id'
paper ERROR: get_paper_monitor() got an unexpected keyword argument 'model_id'
paper ERROR: get_paper_monitor() got an unexpected keyword argument 'model_id'
paper ERROR: get_paper_monitor() got an unexpected keyword argument 'model_id'
paper ERROR: get_paper_monitor() got an unexpected keyword argument 'model_id'
paper ERROR: get_paper_monitor() got an unexpected keyword argument 'model_id'
paper ERROR: get_paper_monitor() got an unexpected keyword argument 'model_id'
paper ERROR: get_paper_monitor() got an unexpected keyword argument 'model_id'
paper ERROR: get_paper_monitor() got an unexpected keyword argument 'model_id'
paper ERROR: get_paper_monitor() got an unexpected keyword argument 'model_id'
paper ERROR: get_paper_monitor() got an unexpected keyword argument 'model_id'
paper ERROR: get_paper_monitor() got an unexpected keyword argument 'model_id'
paper ERROR: get_paper_monitor() got an unexpected keyword argument 'model_id'
paper ERROR: get_paper_monitor() got an unexpected keyword argument 'model_id'
paper ERROR: get_paper_monitor() got an unexpected keyword argument 'model_id'
paper ERROR: get_paper_monitor() got an unexpected keyword argument 'model_id'
paper ERROR: get_paper_monitor() got an unexpected keyword argument 'model_id'
paper ERROR: get_paper_monitor() got an unexpected keyword argument 'model_id'
paper ERROR: get_paper_monitor() got an unexpected keyword argument 'model_id'
paper ERROR: get_paper_monitor() got an unexpected keyword argument 'model_id'
paper ERROR: get_paper_monitor() got an unexpected keyword argument 'model_id'
paper ERROR: get_paper_monitor() got an unexpected keyword argument 'model_id'
paper ERROR: get_paper_monitor() got an unexpected keyword argument 'model_id'
paper ERROR: get_paper_monitor() got an unexpected keyword argument 'model_id'
paper ERROR: get_paper_monitor() got an unexpected keyword argument 'model_id'
paper ERROR: get_paper_monitor() got an unexpected keyword argument 'model_id'
paper ERROR: get_paper_monitor() got an unexpected keyword argument 'model_id'
paper ERROR: get_paper_monitor() got an unexpected keyword argument 'model_id'
paper ERROR: get_paper_monitor() got an unexpected keyword argument 'model_id'
paper ERROR: get_paper_monitor() got an unexpected keyword argument 'model_id'
paper ERROR: get_paper_monitor() got an unexpected keyword argument 'model_id'
paper ERROR: get_paper_monitor() got an unexpected keyword argument 'model_id'
paper ERROR: get_paper_monitor() got an unexpected keyword argument 'model_id'
paper ERROR: get_paper_monitor() got an unexpected keyword argument 'model_id'
paper ERROR: get_paper_monitor() got an unexpected keyword argument 'model_id'
paper ERROR: get_paper_monitor() got an unexpected keyword argument 'model_id'
paper ERROR: get_paper_monitor() got an unexpected keyword argument 'model_id'
paper ERROR: get_paper_monitor() got an unexpected keyword argument 'model_id'
paper ERROR: get_paper_monitor() got an unexpected keyword argument 'model_id'
paper ERROR: get_paper_monitor() got an unexpected keyword argument 'model_id'
paper ERROR: get_paper_monitor() got an unexpected keyword argument 'model_id'
paper ERROR: get_paper_monitor() got an unexpected keyword argument 'model_id'
paper ERROR: get_paper_monitor() got an unexpected keyword argument 'model_id'
paper ERROR: get_paper_monitor() got an unexpected keyword argument 'model_id'
paper ERROR: get_paper_monitor() got an unexpected keyword argument 'model_id'
paper ERROR: get_paper_monitor() got an unexpected keyword argument 'model_id'
paper ERROR: get_paper_monitor() got an unexpected keyword argument 'model_id'
paper ERROR: get_paper_monitor() got an unexpected keyword argument 'model_id'
paper ERROR: get_paper_monitor() got an unexpected keyword argument 'model_id'
paper ERROR: get_paper_monitor() got an unexpected keyword argument 'model_id'
paper ERROR: get_paper_monitor() got an unexpected keyword argument 'model_id'
paper ERROR: get_paper_monitor() got an unexpected keyword argument 'model_id'
paper ERROR: get_paper_monitor() got an unexpected keyword argument 'model_id'
paper ERROR: get_paper_monitor() got an unexpected keyword argument 'model_id'
paper ERROR: get_paper_monitor() got an unexpected keyword argument 'model_id'
paper ERROR: get_paper_monitor() got an unexpected keyword argument 'model_id'
paper ERROR: get_paper_monitor() got an unexpected keyword argument 'model_id'
paper ERROR: get_paper_monitor() got an unexpected keyword argument 'model_id'
paper ERROR: get_paper_monitor() got an unexpected keyword argument 'model_id'
paper ERROR: get_paper_monitor() got an unexpected keyword argument 'model_id'
paper ERROR: get_paper_monitor() got an unexpected keyword argument 'model_id'
paper ERROR: get_paper_monitor() got an unexpected keyword argument 'model_id'
paper ERROR: get_paper_monitor() got an unexpected keyword argument 'model_id'
paper ERROR: get_paper_monitor() got an unexpected keyword argument 'model_id'
paper ERROR: get_paper_monitor() got an unexpected keyword argument 'model_id'
paper ERROR: get_paper_monitor() got an unexpected keyword argument 'model_id'
paper ERROR: get_paper_monitor() got an unexpected keyword argument 'model_id'
paper ERROR: get_paper_monitor() got an unexpected keyword argument 'model_id'
paper ERROR: get_paper_monitor() got an unexpected keyword argument 'model_id'
paper ERROR: get_paper_monitor() got an unexpected keyword argument 'model_id'
paper ERROR: get_paper_monitor() got an unexpected keyword argument 'model_id'
paper ERROR: get_paper_monitor() got an unexpected keyword argument 'model_id'
paper ERROR: get_paper_monitor() got an unexpected keyword argument 'model_id'
paper ERROR: get_paper_monitor() got an unexpected keyword argument 'model_id'
paper ERROR: get_paper_monitor() got an unexpected keyword argument 'model_id'
paper ERROR: get_paper_monitor() got an unexpected keyword argument 'model_id'
paper ERROR: get_paper_monitor() got an unexpected keyword argument 'model_id'
paper ERROR: get_paper_monitor() got an unexpected keyword argument 'model_id'
paper ERROR: get_paper_monitor() got an unexpected keyword argument 'model_id'
paper ERROR: get_paper_monitor() got an unexpected keyword argument 'model_id'
paper ERROR: get_paper_monitor() got an unexpected keyword argument 'model_id'
paper ERROR: get_paper_monitor() got an unexpected keyword argument 'model_id'
paper ERROR: get_paper_monitor() got an unexpected keyword argument 'model_id'
paper ERROR: get_paper_monitor() got an unexpected keyword argument 'model_id'
paper ERROR: get_paper_monitor() got an unexpected keyword argument 'model_id'
paper ERROR: get_paper_monitor() got an unexpected keyword argument 'model_id'
paper ERROR: get_paper_monitor() got an unexpected keyword argument 'model_id'
paper ERROR: get_paper_monitor() got an unexpected keyword argument 'model_id'
paper ERROR: get_paper_monitor() got an unexpected keyword argument 'model_id'
paper ERROR: get_paper_monitor() got an unexpected keyword argument 'model_id'
paper ERROR: get_paper_monitor() got an unexpected keyword argument 'model_id'
paper ERROR: get_paper_monitor() got an unexpected keyword argument 'model_id'
paper ERROR: get_paper_monitor() got an unexpected keyword argument 'model_id'
paper ERROR: get_paper_monitor() got an unexpected keyword argument 'model_id'
paper ERROR: get_paper_monitor() got an unexpected keyword argument 'model_id'
paper ERROR: get_paper_monitor() got an unexpected keyword argument 'model_id'
paper ERROR: get_paper_monitor() got an unexpected keyword argument 'model_id'
paper ERROR: get_paper_monitor() got an unexpected keyword argument 'model_id'
paper ERROR: get_paper_monitor() got an unexpected keyword argument 'model_id'
paper ERROR: get_paper_monitor() got an unexpected keyword argument 'model_id'
paper ERROR: get_paper_monitor() got an unexpected keyword argument 'model_id'
paper ERROR: get_paper_monitor() got an unexpected keyword argument 'model_id'
paper ERROR: get_paper_monitor() got an unexpected keyword argument 'model_id'
paper ERROR: get_paper_monitor() got an unexpected keyword argument 'model_id'
paper ERROR: get_paper_monitor() got an unexpected keyword argument 'model_id'
paper ERROR: get_paper_monitor() got an unexpected keyword argument 'model_id'
paper ERROR: get_paper_monitor() got an unexpected keyword argument 'model_id'
paper ERROR: get_paper_monitor() got an unexpected keyword argument 'model_id'
paper ERROR: get_paper_monitor() got an unexpected keyword argument 'model_id'
paper ERROR: get_paper_monitor() got an unexpected keyword argument 'model_id'
paper ERROR: get_paper_monitor() got an unexpected keyword argument 'model_id'
paper ERROR: get_paper_monitor() got an unexpected keyword argument 'model_id'
paper ERROR: get_paper_monitor() got an unexpected keyword argument 'model_id'
paper ERROR: get_paper_monitor() got an unexpected keyword argument 'model_id'
paper ERROR: get_paper_monitor() got an unexpected keyword argument 'model_id'
paper ERROR: get_paper_monitor() got an unexpected keyword argument 'model_id'
paper ERROR: get_paper_monitor() got an unexpected keyword argument 'model_id'
paper ERROR: get_paper_monitor() got an unexpected keyword argument 'model_id'
paper ERROR: get_paper_monitor() got an unexpected keyword argument 'model_id'
paper ERROR: get_paper_monitor() got an unexpected keyword argument 'model_id'
paper ERROR: get_paper_monitor() got an unexpected keyword argument 'model_id'
paper ERROR: get_paper_monitor() got an unexpected keyword argument 'model_id'
paper ERROR: get_paper_monitor() got an unexpected keyword argument 'model_id'
paper ERROR: get_paper_monitor() got an unexpected keyword argument 'model_id'
paper ERROR: get_paper_monitor() got an unexpected keyword argument 'model_id'
paper ERROR: get_paper_monitor() got an unexpected keyword argument 'model_id'
paper ERROR: get_paper_monitor() got an unexpected keyword argument 'model_id'
paper ERROR: get_paper_monitor() got an unexpected keyword argument 'model_id'
paper ERROR: get_paper_monitor() got an unexpected keyword argument 'model_id'
paper ERROR: get_paper_monitor() got an unexpected keyword argument 'model_id'
paper ERROR: get_paper_monitor() got an unexpected keyword argument 'model_id'
paper ERROR: get_paper_monitor() got an unexpected keyword argument 'model_id'
paper ERROR: get_paper_monitor() got an unexpected keyword argument 'model_id'
paper ERROR: get_paper_monitor() got an unexpected keyword argument 'model_id'
paper ERROR: get_paper_monitor() got an unexpected keyword argument 'model_id'
paper ERROR: get_paper_monitor() got an unexpected keyword argument 'model_id'
paper ERROR: get_paper_monitor() got an unexpected keyword argument 'model_id'
paper ERROR: get_paper_monitor() got an unexpected keyword argument 'model_id'
paper ERROR: get_paper_monitor() got an unexpected keyword argument 'model_id'
paper ERROR: get_paper_monitor() got an unexpected keyword argument 'model_id'
paper ERROR: get_paper_monitor() got an unexpected keyword argument 'model_id'
paper ERROR: get_paper_monitor() got an unexpected keyword argument 'model_id'
paper ERROR: get_paper_monitor() got an unexpected keyword argument 'model_id'
paper ERROR: get_paper_monitor() got an unexpected keyword argument 'model_id'
paper ERROR: get_paper_monitor() got an unexpected keyword argument 'model_id'
paper ERROR: get_paper_monitor() got an unexpected keyword argument 'model_id'
paper ERROR: get_paper_monitor() got an unexpected keyword argument 'model_id'
paper ERROR: get_paper_monitor() got an unexpected keyword argument 'model_id'
paper ERROR: get_paper_monitor() got an unexpected keyword argument 'model_id'
paper ERROR: get_paper_monitor() got an unexpected keyword argument 'model_id'
paper ERROR: get_paper_monitor() got an unexpected keyword argument 'model_id'
paper ERROR: get_paper_monitor() got an unexpected keyword argument 'model_id'
paper ERROR: get_paper_monitor() got an unexpected keyword argument 'model_id'
paper ERROR: get_paper_monitor() got an unexpected keyword argument 'model_id'
paper ERROR: get_paper_monitor() got an unexpected keyword argument 'model_id'
paper ERROR: get_paper_monitor() got an unexpected keyword argument 'model_id'
paper ERROR: get_paper_monitor() got an unexpected keyword argument 'model_id'
paper ERROR: get_paper_monitor() got an unexpected keyword argument 'model_id'
paper ERROR: get_paper_monitor() got an unexpected keyword argument 'model_id'
paper ERROR: get_paper_monitor() got an unexpected keyword argument 'model_id'
paper ERROR: get_paper_monitor() got an unexpected keyword argument 'model_id'
paper ERROR: get_paper_monitor() got an unexpected keyword argument 'model_id'
paper ERROR: get_paper_monitor() got an unexpected keyword argument 'model_id'
paper ERROR: get_paper_monitor() got an unexpected keyword argument 'model_id'
paper ERROR: get_paper_monitor() got an unexpected keyword argument 'model_id'
paper ERROR: get_paper_monitor() got an unexpected keyword argument 'model_id'
paper ERROR: get_paper_monitor() got an unexpected keyword argument 'model_id'
paper ERROR: get_paper_monitor() got an unexpected keyword argument 'model_id'
paper ERROR: get_paper_monitor() got an unexpected keyword argument 'model_id'
paper ERROR: get_paper_monitor() got an unexpected keyword argument 'model_id'
paper ERROR: get_paper_monitor() got an unexpected keyword argument 'model_id'
paper ERROR: get_paper_monitor() got an unexpected keyword argument 'model_id'
paper ERROR: get_paper_monitor() got an unexpected keyword argument 'model_id'
paper ERROR: get_paper_monitor() got an unexpected keyword argument 'model_id'
paper ERROR: get_paper_monitor() got an unexpected keyword argument 'model_id'
paper ERROR: get_paper_monitor() got an unexpected keyword argument 'model_id'
paper ERROR: get_paper_monitor() got an unexpected keyword argument 'model_id'
paper ERROR: get_paper_monitor() got an unexpected keyword argument 'model_id'
paper ERROR: get_paper_monitor() got an unexpected keyword argument 'model_id'
paper ERROR: get_paper_monitor() got an unexpected keyword argument 'model_id'
paper ERROR: get_paper_monitor() got an unexpected keyword argument 'model_id'
paper ERROR: get_paper_monitor() got an unexpected keyword argument 'model_id'
paper ERROR: get_paper_monitor() got an unexpected keyword argument 'model_id'
paper ERROR: get_paper_monitor() got an unexpected keyword argument 'model_id'
paper ERROR: get_paper_monitor() got an unexpected keyword argument 'model_id'
paper ERROR: get_paper_monitor() got an unexpected keyword argument 'model_id'
paper ERROR: get_paper_monitor() got an unexpected keyword argument 'model_id'
paper ERROR: get_paper_monitor() got an unexpected keyword argument 'model_id'
paper ERROR: get_paper_monitor() got an unexpected keyword argument 'model_id'
paper ERROR: get_paper_monitor() got an unexpected keyword argument 'model_id'
paper ERROR: get_paper_monitor() got an unexpected keyword argument 'model_id'
paper ERROR: get_paper_monitor() got an unexpected keyword argument 'model_id'
paper ERROR: get_paper_monitor() got an unexpected keyword argument 'model_id'
paper ERROR: get_paper_monitor() got an unexpected keyword argument 'model_id'
paper ERROR: get_paper_monitor() got an unexpected keyword argument 'model_id'
paper ERROR: get_paper_monitor() got an unexpected keyword argument 'model_id'
paper ERROR: get_paper_monitor() got an unexpected keyword argument 'model_id'
paper ERROR: get_paper_monitor() got an unexpected keyword argument 'model_id'
paper ERROR: get_paper_monitor() got an unexpected keyword argument 'model_id'
paper ERROR: get_paper_monitor() got an unexpected keyword argument 'model_id'
paper ERROR: get_paper_monitor() got an unexpected keyword argument 'model_id'
paper ERROR: get_paper_monitor() got an unexpected keyword argument 'model_id'
paper ERROR: get_paper_monitor() got an unexpected keyword argument 'model_id'
paper ERROR: get_paper_monitor() got an unexpected keyword argument 'model_id'
paper ERROR: get_paper_monitor() got an unexpected keyword argument 'model_id'
paper ERROR: get_paper_monitor() got an unexpected keyword argument 'model_id'
paper ERROR: get_paper_monitor() got an unexpected keyword argument 'model_id'
paper ERROR: get_paper_monitor() got an unexpected keyword argument 'model_id'
paper ERROR: get_paper_monitor() got an unexpected keyword argument 'model_id'
paper ERROR: get_paper_monitor() got an unexpected keyword argument 'model_id'
paper ERROR: get_paper_monitor() got an unexpected keyword argument 'model_id'
paper ERROR: get_paper_monitor() got an unexpected keyword argument 'model_id'
paper ERROR: get_paper_monitor() got an unexpected keyword argument 'model_id'
paper ERROR: get_paper_monitor() got an unexpected keyword argument 'model_id'
paper ERROR: get_paper_monitor() got an unexpected keyword argument 'model_id'
paper ERROR: get_paper_monitor() got an unexpected keyword argument 'model_id'
paper ERROR: get_paper_monitor() got an unexpected keyword argument 'model_id'
paper ERROR: get_paper_monitor() got an unexpected keyword argument 'model_id'
paper ERROR: get_paper_monitor() got an unexpected keyword argument 'model_id'
paper ERROR: get_paper_monitor() got an unexpected keyword argument 'model_id'
paper ERROR: get_paper_monitor() got an unexpected keyword argument 'model_id'
paper ERROR: get_paper_monitor() got an unexpected keyword argument 'model_id'
paper ERROR: get_paper_monitor() got an unexpected keyword argument 'model_id'
paper ERROR: get_paper_monitor() got an unexpected keyword argument 'model_id'
paper ERROR: get_paper_monitor() got an unexpected keyword argument 'model_id'
paper ERROR: get_paper_monitor() got an unexpected keyword argument 'model_id'
paper ERROR: get_paper_monitor() got an unepaper chart=http://127.0.0.1:8766
20paper ERROR: get_paper_monitor() got an unexpected keyword argument 'model_id'
paper ERROR: get_paper_monitor() got an unexpected keyword argument 'model_id'
paper ERROR: get_paper_monitor() got an unexpected keyword argument 'model_id'
paper ERROR: get_paper_monitor() got an unexpected keyword argument 'model_id'
paper ERROR: get_paper_monitor() got an unexpected keyword argument 'model_id'
paper ERROR: get_paper_monitor() got an unexpected keyword argument 'model_id'
paper ERROR: get_paper_monitor() got an unexpected keyword argument 'model_id'
paper ERROR: get_paper_monitor() got an unexpected keyword argument 'model_id'
paper ERROR: get_paper_monitor() got an unexpected keyword argument 'model_id'
paper ERROR: get_paper_monitor() got an unexpected keyword argument 'model_id'
paper ERROR: get_paper_monitor() got an unexpected keyword argument 'model_id'
paper ERROR: get_paper_monitor() got an unexpected keyword argument 'model_id'
paper ERROR: get_paper_monitor() got an unexpected keyword argument 'model_id'
paper ERROR: get_paper_monitor() got an unexpected keyword argument 'model_id'
paper ERROR: get_paper_monitor() got an unexpected keyword argument 'model_id'
paper ERROR: get_paper_monitor() got an unexpected keyword argument 'model_id'
paper ERROR: get_paper_monitor() got an unexpected keyword argument 'model_id'
paper ERROR: get_paper_monitor() got an unexpected keyword argument 'model_id'
paper ERROR: get_paper_monitor() got an unexpected keyword argument 'model_id'
paper ERROR: get_paper_monitor() got an unexpected keyword argument 'model_id'
paper ERROR: get_paper_monitor() got an unexpected keyword argument 'model_id'
paper ERROR: get_paper_monitor() got an unexpected keyword argument 'model_id'
paper ERROR: get_paper_monitor() got an unexpected keyword argument 'model_id'
paper ERROR: get_paper_monitor() got an unexpected keyword argument 'model_id'
paper ERROR: get_paper_monitor() got an unexpected keyword argument 'model_id'
paper ERROR: get_paper_monitor() got an unexpected keyword argument 'model_id'
paper ERROR: get_paper_monitor() got an unexpected keyword argument 'model_id'
paper ERROR: get_paper_monitor() got an unexpected keyword argument 'model_id'
paper ERROR: get_paper_monitor() got an unexpected keyword argument 'model_id'
paper ERROR: get_paper_monitor() got an unexpected keyword argument 'model_id'
paper ERROR: get_paper_monitor() got an unexpected keyword argument 'model_id'
paper ERROR: get_paper_monitor() got an unexpected keyword argument 'model_id'
paper ERROR: get_paper_monitor() got an unexpected keyword argument 'model_id'
paper ERROR: get_paper_monitor() got an unexpected keyword argument 'model_id'
paper ERROR: get_paper_monitor() got an unexpected keyword argument 'model_id'
paper ERROR: get_paper_monitor() got an unexpected keyword argument 'model_id'
paper ERROR: get_paper_monitor() got an unexpected keyword argument 'model_id'
paper ERROR: get_paper_monitor() got an unexpected keyword argument 'model_id'
paper ERROR: get_paper_monitor() got an unexpected keyword argument 'model_id'
paper ERROR: get_paper_monitor() got an unexpected keyword argument 'model_id'
paper ERROR: get_paper_monitor() got an unexpected keyword argument 'model_id'
paper ERROR: get_paper_monitor() got an unexpected keyword argument 'model_id'
paper ERROR: get_paper_monitor() got an unexpected keyword argument 'model_id'
paper ERROR: get_paper_monitor() got an unexpected keyword argument 'model_id'
paper ERROR: get_paper_monitor() got an unexpected keyword argument 'model_id'
paper ERROR: get_paper_monitor() got an unexpected keyword argument 'model_id'
paper ERROR: get_paper_monitor() got an unexpected keyword argument 'model_id'
paper ERROR: get_paper_monitor() got an unexpected keyword argument 'model_id'
paper ERROR: get_paper_monitor() got an unexpected keyword argument 'model_id'
paper ERROR: get_paper_monitor() got an unexpected keyword argument 'model_id'
paper ERROR: get_paper_monitor() got an unexpected keyword argument 'model_id'
paper ERROR: get_paper_monitor() got an unexpected keyword argument 'model_id'
paper ERROR: get_paper_monitor() got an unexpected keyword argument 'model_id'
paper ERROR: get_paper_monitor() got an unexpected keyword argument 'model_id'
paper ERROR: get_paper_monitor() got an unexpected keyword argument 'model_id'
paper ERROR: get_paper_monitor() got an unexpected keyword argument 'model_id'
paper ERROR: get_paper_monitor() got an unexpected keyword argument 'model_id'
paper ERROR: get_paper_monitor() got an unexpected keyword argument 'model_id'
paper ERROR: get_paper_monitor() got an unexpected keyword argument 'model_id'
paper ERROR: get_paper_monitor() got an unexpected keyword argument 'model_id'
paper ERROR: get_paper_monitor() got an unexpected keyword argument 'model_id'
paper ERROR: get_paper_monitor() got an unexpected keyword argument 'model_id'
paper ERROR: get_paper_monitor() got an unexpected keyword argument 'model_id'
paper ERROR: get_paper_monitor() got an unexpected keyword argument 'model_id'
paper ERROR: get_paper_monitor() got an unexpected keyword argument 'model_id'
paper ERROR: get_paper_monitor() got an unexpected keyword argument 'model_id'
paper ERROR: get_paper_monitor() got an unexpected keyword argument 'model_id'
paper ERROR: get_paper_monitor() got an unexpected keyword argument 'model_id'
paper ERROR: get_paper_monitor() got an unexpected keyword argument 'model_id'
paper ERROR: get_paper_monitor() got an unexpected keyword argument 'model_id'
paper ERROR: get_paper_monitor() got an unexpected keyword argument 'model_id'
paper ERROR: get_paper_monitor() got an unexpected keyword argument 'model_id'
paper ERROR: get_paper_monitor() got an unexpected keyword argument 'model_id'
paper ERROR: get_paper_monitor() got an unexpected keyword argument 'model_id'
paper ERROR: get_paper_monitor() got an unexpected keyword argument 'model_id'
paper ERROR: get_paper_monitor() got an unexpected keyword argument 'model_id'
paper ERROR: get_paper_monitor() got an unexpected keyword argument 'model_id'
paper ERROR: get_paper_monitor() got an unexpected keyword argument 'model_id'
paper ERROR: get_paper_monitor() got an unexpected keyword argument 'model_id'
paper ERROR: get_paper_monitor() got an unexpected keyword argument 'model_id'
paper ERROR: get_paper_monitor() got an unexpected keyword argument 'model_id'
paper ERROR: get_paper_monitor() got an unexpected keyword argument 'model_id'
paper ERROR: get_paper_monitor() got an unexpected keyword argument 'model_id'
paper ERROR: get_paper_monitor() got an unexpected keyword argument 'model_id'
paper ERROR: get_paper_monitor() got an unexpected keyword argument 'model_id'
paper ERROR: get_paper_monitor() got an unexpected keyword argument 'model_id'
paper ERROR: get_paper_monitor() got an unexpected keyword argument 'model_id'
paper ERROR: get_paper_monitor() got an unexpected keyword argument 'model_id'
paper ERROR: get_paper_monitor() got an unexpected keyword argument 'model_id'
paper ERROR: get_paper_monitor() got an unexpected keyword argument 'model_id'
paper ERROR: get_paper_monitor() got an unexpected keyword argument 'model_id'
paper ERROR: get_paper_monitor() got an unexpected keyword argument 'model_id'
paper ERROR: get_paper_monitor() got an unexpected keyword argument 'model_id'
paper ERROR: get_paper_monitor() got an unexpected keyword argument 'model_id'
paper ERROR: get_paper_monitor() got an unexpected keyword argument 'model_id'
paper ERROR: get_paper_monitor() got an unexpected keyword argument 'model_id'
paper ERROR: get_paper_monitor() got an unexpected keyword argument 'model_id'
paper ERROR: get_paper_monitor() got an unexpected keyword argument 'model_id'
paper ERROR: get_paper_monitor() got an unexpected keyword argument 'model_id'
paper ERROR: get_paper_monitor() got an unexpected keyword argument 'model_id'
paper ERROR: get_paper_monitor() got an unexpected keyword argument 'model_id'
paper ERROR: get_paper_monitor() got an unexpected keyword argument 'model_id'
paper ERROR: get_paper_monitor() got an unexpected keyword argument 'model_id'
paper ERROR: get_paper_monitor() got an unexpected keyword argument 'model_id'
paper ERROR: get_paper_monitor() got an unexpected keyword argument 'model_id'
paper ERROR: get_paper_monitor() got an unexpected keyword argument 'model_id'
paper ERROR: get_paper_monitor() got an unexpected keyword argument 'model_id'
paper ERROR: get_paper_monitor() got an unexpected keyword argument 'model_id'
paper ERROR: get_paper_monitor() got an unexpected keyword argument 'model_id'
paper ERROR: get_paper_monitor() got an unexpected keyword argument 'model_id'
paper ERROR: get_paper_monitor() got an unexpected keyword argument 'model_id'
paper ERROR: get_paper_monitor() got an unexpected keyword argument 'model_id'
paper ERROR: get_paper_monitor() got an unexpected keyword argument 'model_id'
paper ERROR: get_paper_monitor() got an unexpected keyword argument 'model_id'
paper ERROR: get_paper_monitor() got an unexpected keyword argument 'model_id'
paper ERROR: get_paper_monitor() got an unexpected keyword argument 'model_id'
paper ERROR: get_paper_monitor() got an unexpected keyword argument 'model_id'
paper ERROR: get_paper_monitor() got an unexpected keyword argument 'model_id'
paper ERROR: get_paper_monitor() got an unexpected keyword argument 'model_id'
paper ERROR: get_paper_monitor() got an unexpected keyword argument 'model_id'
paper ERROR: get_paper_monitor() got an unexpected keyword argument 'model_id'
paper ERROR: get_paper_monitor() got an unexpected keyword argument 'model_id'
paper ERROR: get_paper_monitor() got an unexpected keyword argument 'model_id'
paper ERROR: get_paper_monitor() got an unexpected keyword argument 'model_id'
paper ERROR: get_paper_monitor() got an unexpected keyword argument 'model_id'
paper ERROR: get_paper_monitor() got an unexpected keyword argument 'model_id'
paper ERROR: get_paper_monitor() got an unexpected keyword argument 'model_id'
paper ERROR: get_paper_monitor() got an unexpected keyword argument 'model_id'
paper ERROR: get_paper_monitor() got an unexpected keyword argument 'model_id'
paper ERROR: get_paper_monitor() got an unexpected keyword argument 'model_id'
paper ERROR: get_paper_monitor() got an unexpected keyword argument 'model_id'
paper ERROR: get_paper_monitor() got an unexpected keyword argument 'model_id'
paper ERROR: get_paper_monitor() got an unexpected keyword argument 'model_id'
paper ERROR: get_paper_monitor() got an unexpected keyword argument 'model_id'
paper ERROR: get_paper_monitor() got an unexpected keyword argument 'model_id'
paper ERROR: get_paper_monitor() got an unexpected keyword argument 'model_id'
paper ERROR: get_paper_monitor() got an unexpected keyword argument 'model_id'
paper ERROR: get_paper_monitor() got an unexpected keyword argument 'model_id'
paper ERROR: get_paper_monitor() got an unexpected keyword argument 'model_id'
paper ERROR: get_paper_monitor() got an unexpected keyword argument 'model_id'
paper ERROR: get_paper_monitor() got an unexpected keyword argument 'model_id'
paper ERROR: get_paper_monitor() got an unexpected keyword argument 'model_id'
paper ERROR: get_paper_monitor() got an unexpected keyword argument 'model_id'
paper ERROR: get_paper_monitor() got an unexpected keyword argument 'model_id'
paper ERROR: get_paper_monitor() got an unexpected keyword argument 'model_id'
paper ERROR: get_paper_monitor() got an unexpected keyword argument 'model_id'
paper ERROR: get_paper_monitor() got an unexpected keyword argument 'model_id'
paper ERROR: get_paper_monitor() got an unexpected keyword argument 'model_id'
paper ERROR: get_paper_monitor() got an unexpected keyword argument 'model_id'
paper ERROR: get_paper_monitor() got an unexpected keyword argument 'model_id'
paper ERROR: get_paper_monitor() got an unexpected keyword argument 'model_id'
paper ERROR: get_paper_monitor() got an unexpected keyword argument 'model_id'
paper ERROR: get_paper_monitor() got an unexpected keyword argument 'model_id'
paper ERROR: get_paper_monitor() got an unexpected keyword argument 'model_id'
paper ERROR: get_paper_monitor() got an unexpected keyword argument 'model_id'
paper ERROR: name 'time' is not defined
got an unexpected keyword argument 'model_id'
paper ERROR: get_paper_monitor() got an unexpected keyword argument 'model_id'
paper ERROR: get_paper_monitor() got an unexpected keyword argument 'model_id'
paper ERROR: get_paper_monitor() got an unexpected keyword argument 'model_id'
Traceback (most recent call last):
  File "C:\Work\ThuyenRepo\EdgeMinerH1\scripts\paper_monitor_service.py", line 130, in <module>
    raise SystemExit(main())
                     ~~~~^^
  File "C:\Work\ThuyenRepo\EdgeMinerH1\scripts\paper_monitor_service.py", line 98, in main
    cfg = _runtime_config()
  File "C:\Work\ThuyenRepo\EdgeMinerH1\scripts\paper_monitor_service.py", line 51, in _runtime_config
    cfg = save_config(**desired, last_model_reload_at=time.strftime("%Y-%m-%dT%H:%M:%S"))
  File "C:\Work\ThuyenRepo\EdgeMinerH1\paper_service.py", line 96, in save_config
    _write_json(CONFIG_PATH, cfg)
    ~~~~~~~~~~~^^^^^^^^^^^^^^^^^^
  File "C:\Work\ThuyenRepo\EdgeMinerH1\paper_service.py", line 43, in _write_json
    with open(tmp, "w", encoding="utf-8") as handle:
         ~~~~^^^^^^^^^^^^^^^^^^^^^^^^^^^^
PermissionError: [Errno 13] Permission denied: 'C:\\Work\\ThuyenRepo\\EdgeMinerH1\\results\\paper_monitor_config.json.tmp'
