
--- start 2026-08-06T21:04:20+07:00 ---
[bridge] live monitor=http://127.0.0.1:8845
[bridge] dir=C:\Work\ThuyenRepo\clone_app\EdgeMinerM15A8\mt5\bridge_m15a8 model=tm_breakthrough_anti_chase_fixe_748923b2 conditions_fp=c58232d10b00
[bridge] history bars=39246
[bridge] schedule week=2026-08-03 strategy=Forge RR3 full 2L3S rsi+ema #660A|chase:fixed_or_rsi<62+vwap<99 fm_len=39247 train_bars=2867 fp=c58232d10b00
[bridge] bar=2026.08.06 16:45 action=FLAT reason=no_signal strat=Forge RR3 full 2L3S rsi+ema #660A|chase:fixed_or_rsi<62+vwap<99
[bridge] live monitor=http://127.0.0.1:8845
[bridge] dir=C:\Work\ThuyenRepo\clone_app\EdgeMinerM15A8\mt5\bridge_m15a8 model=tm_breakthrough_anti_chase_fixe_748923b2 conditions_fp=c58232d10b00
[bridge] history bars=39247
[bridge] schedule week=2026-08-03 strategy=Forge RR3 full 2L3S rsi+ema #660A|chase:fixed_or_rsi<62+vwap<99 fm_len=39247 train_bars=2867 fp=c58232d10b00
[bridge] bar=2026.08.06 16:45 action=FLAT reason=no_signal strat=Forge RR3 full 2L3S rsi+ema #660A|chase:fixed_or_rsi<62+vwap<99
[bridge] live monitor=http://127.0.0.1:8845
[bridge] dir=C:\Work\ThuyenRepo\clone_app\EdgeMinerM15A8\mt5\bridge_m15a8 model=tm_breakthrough_anti_chase_fixe_748923b2 conditions_fp=c58232d10b00
[bridge] history bars=39247
[bridge] schedule week=2026-08-03 strategy=Forge RR3 full 2L3S rsi+ema #660A|chase:fixed_or_rsi<62+vwap<99 fm_len=39247 train_bars=2867 fp=c58232d10b00
[bridge] bar=2026.08.06 16:45 action=FLAT reason=no_signal strat=Forge RR3 full 2L3S rsi+ema #660A|chase:fixed_or_rsi<62+vwap<99
[bridge] live monitor=http://127.0.0.1:8845
[bridge] dir=C:\Work\ThuyenRepo\clone_app\EdgeMinerM15A8\mt5\bridge_m15a8 model=tm_breakthrough_anti_chase_fixe_748923b2 conditions_fp=c58232d10b00
[bridge] history bars=39247
[bridge] schedule week=2026-08-03 strategy=Forge RR3 full 2L3S rsi+ema #660A|chase:fixed_or_rsi<62+vwap<99 fm_len=39247 train_bars=2867 fp=c58232d10b00
[bridge] bar=2026.08.06 16:45 action=FLAT reason=no_signal strat=Forge RR3 full 2L3S rsi+ema #660A|chase:fixed_or_rsi<62+vwap<99
[bridge] schedule week=2026-08-03 strategy=Forge RR3 full 2L4S range+rsi #D579 fm_len=39247 train_bars=2867 fp=a6a3446b8896
[bridge] bar=2026.08.06 16:45 action=FLAT reason=no_signal strat=Forge RR3 full 2L4S range+rsi #D579
[bridge] bar=2026.08.06 17:00 action=FLAT reason=no_signal strat=Forge RR3 full 2L4S range+rsi #D579
[bridge] bar=2026.08.06 17:15 action=FLAT reason=no_signal strat=Forge RR3 full 2L4S range+rsi #D579
[bridge] bar=2026.08.06 17:30 action=FLAT reason=no_signal strat=Forge RR3 full 2L4S range+rsi #D579
