==> Locate XM Global MT5
Install : C:\Program Files\XM Global MT5
Data    : C:\Users\Thuyen\AppData\Roaming\MetaQuotes\Terminal\BB16F565FAAA6B23A20C26C49416FF05
Desk    : g23 (RR1G23 GBPUSD M15)
Runtime : C:\Work\ThuyenRepo\M15\M15_RR1\Train\runtime\g23
Mode    : Live
==> Stop XM MT5 (unlock EA files / Files junction)
==> Link MQL5 Files to app
Live    : C:\Users\Thuyen\AppData\Roaming\MetaQuotes\Terminal\BB16F565FAAA6B23A20C26C49416FF05\MQL5\Files\bridge_rr1_g23 -> C:\Work\ThuyenRepo\M15\M15_RR1\Train\runtime\g23\mt5\bridge_rr1_g23
==> Render ForgeBridge EA v1.27 for desk g23
OK runtime\g23\mt5\Experts\ForgeBridgeRR1G23.mq5
==> Copy and compile ForgeBridgeRR1G23
EX5     : C:\Users\Thuyen\AppData\Roaming\MetaQuotes\Terminal\BB16F565FAAA6B23A20C26C49416FF05\MQL5\Experts\EdgeMinerRR1G23\ForgeBridgeRR1G23.ex5
==> Attach ForgeBridgeRR1G23 Live to GBPUSD M15
Attach target: free GBPUSD M15 chart chart03.chr for ForgeBridgeRR1G23
Attached ForgeBridgeRR1G23 (mode=0, subdir=bridge_rr1_g23) -> chart03.chr
Chart   : C:\Users\Thuyen\AppData\Roaming\MetaQuotes\Terminal\BB16F565FAAA6B23A20C26C49416FF05\MQL5\Profiles\Charts\Default\chart03.chr
Trading : True
History test: same EA + chart; App writes sim_control.json on bridge_rr1_g23
==> Restart MT5 Bridge service
Service : PID 13576
==> Done
Live EA ready. History test: App from/to writes sim_control.json on this same chart (no Sim EX5).
Next update command:
powershell -ExecutionPolicy Bypass -File "C:\Work\ThuyenRepo\M15\M15_RR1\Train\scripts\deploy_xm_forgebridge.ps1" -Desk g23
