Breakthrough A/B | model=tm_h_c_6_tu_n_h_c_2025-2026-6th_bc18d887 | presets=['baseline', 'wr_rr_sniper', 'wr_rr_frontier'] | workers=2
  wr_rr_sniper: {'n_trades': 225, 'trades_per_week': 7.5, 'win_rate_pct': 44.44, 'avg_rr': 2.388, 'profit_factor': 1.782, 'total_pips': 673.26, 'total_r': 130.948, 'max_drawdown_r': 13.46, 'max_win_streak': 8, 'max_loss_streak': 9, 'risk_of_ruin_pct': 0.0}
  baseline: {'n_trades': 274, 'trades_per_week': 9.13, 'win_rate_pct': 47.08, 'avg_rr': 2.453, 'profit_factor': 2.056, 'total_pips': 1066.42, 'total_r': 197.149, 'max_drawdown_r': 11.32, 'max_win_streak': 9, 'max_loss_streak': 10, 'risk_of_ruin_pct': 0.0}
  wr_rr_frontier: {'n_trades': 222, 'trades_per_week': 7.4, 'win_rate_pct': 40.99, 'avg_rr': 2.432, 'profit_factor': 1.615, 'total_pips': 546.64, 'total_r': 104.142, 'max_drawdown_r': 12.02, 'max_win_streak': 4, 'max_loss_streak': 11, 'risk_of_ruin_pct': 0.0}
{
  "winner": "baseline",
  "beats_wr_and_rr": false,
  "deltas_vs_baseline": {
    "wr_rr_sniper": {
      "win_rate_pct": -2.64,
      "avg_rr": -0.065,
      "total_r": -66.201,
      "max_drawdown_r": 2.14,
      "profit_factor": -0.274,
      "n_trades": -49.0
    },
    "wr_rr_frontier": {
      "win_rate_pct": -6.09,
      "avg_rr": -0.021,
      "total_r": -93.007,
      "max_drawdown_r": 0.7,
      "profit_factor": -0.441,
      "n_trades": -52.0
    }
  },
  "path": "/home/thuyenng/work/ThuyenRepo/EdgeMinerM15/results/research/wr_rr_breakthrough/latest.json"
}
