Breakthrough A/B | model=tm_h_c_6_tu_n_h_c_2025-2026-6th_bc18d887 | presets=['baseline', 'frontier_rr', 'anti_chase', 'anti_chase_strict', 'nova'] | workers=2
  baseline: {'n_trades': 267, 'trades_per_week': 8.9, 'win_rate_pct': 48.69, 'avg_rr': 2.468, 'profit_factor': 2.275, 'total_pips': 1228.38, 'total_r': 211.319, 'max_drawdown_r': 11.32, 'max_win_streak': 9, 'max_loss_streak': 10, 'risk_of_ruin_pct': 0.0}
  frontier_rr: {'n_trades': 270, 'trades_per_week': 9.0, 'win_rate_pct': 48.52, 'avg_rr': 2.489, 'profit_factor': 2.234, 'total_pips': 1235.36, 'total_r': 214.122, 'max_drawdown_r': 8.1, 'max_win_streak': 9, 'max_loss_streak': 6, 'risk_of_ruin_pct': 0.0}
  anti_chase_strict: {'n_trades': 236, 'trades_per_week': 7.87, 'win_rate_pct': 37.29, 'avg_rr': 2.379, 'profit_factor': 1.46, 'total_pips': 466.73, 'total_r': 70.796, 'max_drawdown_r': 17.62, 'max_win_streak': 9, 'max_loss_streak': 8, 'risk_of_ruin_pct': 0.0}
  anti_chase: {'n_trades': 255, 'trades_per_week': 8.5, 'win_rate_pct': 41.96, 'avg_rr': 2.481, 'profit_factor': 1.696, 'total_pips': 709.29, 'total_r': 135.32, 'max_drawdown_r': 18.69, 'max_win_streak': 9, 'max_loss_streak': 9, 'risk_of_ruin_pct': 0.0}
  nova: {'n_trades': 247, 'trades_per_week': 8.23, 'win_rate_pct': 45.75, 'avg_rr': 2.414, 'profit_factor': 1.926, 'total_pips': 869.12, 'total_r': 159.641, 'max_drawdown_r': 9.17, 'max_win_streak': 7, 'max_loss_streak': 7, 'risk_of_ruin_pct': 0.0}
{
  "winner": "frontier_rr",
  "beats_wr_and_rr": false,
  "deltas_vs_baseline": {
    "frontier_rr": {
      "win_rate_pct": -0.17,
      "avg_rr": 0.021,
      "total_r": 2.803,
      "max_drawdown_r": -3.22,
      "profit_factor": -0.041,
      "n_trades": 3.0
    },
    "anti_chase_strict": {
      "win_rate_pct": -11.4,
      "avg_rr": -0.089,
      "total_r": -140.523,
      "max_drawdown_r": 6.3,
      "profit_factor": -0.815,
      "n_trades": -31.0
    },
    "anti_chase": {
      "win_rate_pct": -6.73,
      "avg_rr": 0.013,
      "total_r": -75.999,
      "max_drawdown_r": 7.37,
      "profit_factor": -0.579,
      "n_trades": -12.0
    },
    "nova": {
      "win_rate_pct": -2.94,
      "avg_rr": -0.054,
      "total_r": -51.678,
      "max_drawdown_r": -2.15,
      "profit_factor": -0.349,
      "n_trades": -20.0
    }
  },
  "path": "/home/thuyenng/work/ThuyenRepo/EdgeMinerM15/results/research/wr_rr_breakthrough/latest.json"
}
