Breakthrough A/B | model=tm_h_c_6_tu_n_h_c_2025-2026-6th_bc18d887 | presets=['elite_or_quality', 'anti_chase_fixed_70', 'edge_gentle', 'elite_60_3_vwap', 'elite_55_4', 'elite_60_3', 'elite_60_35', 'anti_chase', 'anti_chase_and_70_15', 'frontier_rr_hi', 'baseline'] | workers=4
  cfg train=6w kb=era_2025_2026_6thang ep=4 OOS=2026-04-01→2026-07-25
  elite_60_3_vwap: {'n_trades': 26, 'trades_per_week': 1.62, 'win_rate_pct': 73.08, 'avg_rr': 2.881, 'profit_factor': 7.546, 'total_pips': 273.75, 'total_r': 55.448, 'max_drawdown_r': 2.29, 'max_win_streak': 8, 'max_loss_streak': 2, 'risk_of_ruin_pct': 0.0}
  anti_chase_fixed_70: {'n_trades': 125, 'trades_per_week': 7.81, 'win_rate_pct': 47.2, 'avg_rr': 2.459, 'profit_factor': 2.164, 'total_pips': 472.19, 'total_r': 92.056, 'max_drawdown_r': 7.98, 'max_win_streak': 5, 'max_loss_streak': 7, 'risk_of_ruin_pct': 0.0}
  elite_or_quality: {'n_trades': 33, 'trades_per_week': 2.06, 'win_rate_pct': 69.7, 'avg_rr': 2.59, 'profit_factor': 6.062, 'total_pips': 294.46, 'total_r': 58.569, 'max_drawdown_r': 2.53, 'max_win_streak': 8, 'max_loss_streak': 2, 'risk_of_ruin_pct': 0.0}
  edge_gentle: {'n_trades': 147, 'trades_per_week': 9.19, 'win_rate_pct': 44.9, 'avg_rr': 2.453, 'profit_factor': 1.932, 'total_pips': 460.18, 'total_r': 94.283, 'max_drawdown_r': 12.43, 'max_win_streak': 5, 'max_loss_streak': 12, 'risk_of_ruin_pct': 0.0}
  elite_60_35: {'n_trades': 45, 'trades_per_week': 2.81, 'win_rate_pct': 57.78, 'avg_rr': 2.831, 'profit_factor': 3.803, 'total_pips': 313.49, 'total_r': 63.988, 'max_drawdown_r': 3.71, 'max_win_streak': 8, 'max_loss_streak': 4, 'risk_of_ruin_pct': 0.0}
  elite_55_4: {'n_trades': 20, 'trades_per_week': 1.25, 'win_rate_pct': 55.0, 'avg_rr': 3.323, 'profit_factor': 4.004, 'total_pips': 165.72, 'total_r': 31.8, 'max_drawdown_r': 4.63, 'max_win_streak': 3, 'max_loss_streak': 4, 'risk_of_ruin_pct': 0.0}
  elite_60_3: {'n_trades': 30, 'trades_per_week': 1.88, 'win_rate_pct': 70.0, 'avg_rr': 2.829, 'profit_factor': 6.79, 'total_pips': 300.73, 'total_r': 59.637, 'max_drawdown_r': 2.53, 'max_win_streak': 9, 'max_loss_streak': 2, 'risk_of_ruin_pct': 0.0}
  frontier_rr_hi: {'n_trades': 152, 'trades_per_week': 9.5, 'win_rate_pct': 44.74, 'avg_rr': 2.477, 'profit_factor': 1.913, 'total_pips': 471.69, 'total_r': 98.218, 'max_drawdown_r': 17.02, 'max_win_streak': 5, 'max_loss_streak': 16, 'risk_of_ruin_pct': 0.0}
  anti_chase_and_70_15: {'n_trades': 123, 'trades_per_week': 7.69, 'win_rate_pct': 47.15, 'avg_rr': 2.522, 'profit_factor': 2.226, 'total_pips': 485.05, 'total_r': 94.733, 'max_drawdown_r': 7.99, 'max_win_streak': 5, 'max_loss_streak': 8, 'risk_of_ruin_pct': 0.0}
  baseline: {'n_trades': 150, 'trades_per_week': 9.38, 'win_rate_pct': 45.33, 'avg_rr': 2.427, 'profit_factor': 1.981, 'total_pips': 489.6, 'total_r': 96.786, 'max_drawdown_r': 10.12, 'max_win_streak': 5, 'max_loss_streak': 10, 'risk_of_ruin_pct': 0.0}
  anti_chase: {'n_trades': 101, 'trades_per_week': 6.31, 'win_rate_pct': 50.5, 'avg_rr': 2.46, 'profit_factor': 2.503, 'total_pips': 457.78, 'total_r': 88.248, 'max_drawdown_r': 7.94, 'max_win_streak': 6, 'max_loss_streak': 7, 'risk_of_ruin_pct': 0.0}
{
  "winner": "anti_chase",
  "beats_wr_and_rr": true,
  "deltas_vs_baseline": {
    "elite_60_3_vwap": {
      "win_rate_pct": 27.75,
      "avg_rr": 0.454,
      "total_r": -41.338,
      "max_drawdown_r": -7.83,
      "profit_factor": 5.565,
      "n_trades": -124.0
    },
    "anti_chase_fixed_70": {
      "win_rate_pct": 1.87,
      "avg_rr": 0.032,
      "total_r": -4.73,
      "max_drawdown_r": -2.14,
      "profit_factor": 0.183,
      "n_trades": -25.0
    },
    "elite_or_quality": {
      "win_rate_pct": 24.37,
      "avg_rr": 0.163,
      "total_r": -38.217,
      "max_drawdown_r": -7.59,
      "profit_factor": 4.081,
      "n_trades": -117.0
    },
    "edge_gentle": {
      "win_rate_pct": -0.43,
      "avg_rr": 0.026,
      "total_r": -2.503,
      "max_drawdown_r": 2.31,
      "profit_factor": -0.049,
      "n_trades": -3.0
    },
    "elite_60_35": {
      "win_rate_pct": 12.45,
      "avg_rr": 0.404,
      "total_r": -32.798,
      "max_drawdown_r": -6.41,
      "profit_factor": 1.822,
      "n_trades": -105.0
    },
    "elite_55_4": {
      "win_rate_pct": 9.67,
      "avg_rr": 0.896,
      "total_r": -64.986,
      "max_drawdown_r": -5.49,
      "profit_factor": 2.023,
      "n_trades": -130.0
    },
    "elite_60_3": {
      "win_rate_pct": 24.67,
      "avg_rr": 0.402,
      "total_r": -37.149,
      "max_drawdown_r": -7.59,
      "profit_factor": 4.809,
      "n_trades": -120.0
    },
    "frontier_rr_hi": {
      "win_rate_pct": -0.59,
      "avg_rr": 0.05,
      "total_r": 1.432,
      "max_drawdown_r": 6.9,
      "profit_factor": -0.068,
      "n_trades": 2.0
    },
    "anti_chase_and_70_15": {
      "win_rate_pct": 1.82,
      "avg_rr": 0.095,
      "total_r": -2.053,
      "max_drawdown_r": -2.13,
      "profit_factor": 0.245,
      "n_trades": -27.0
    },
    "anti_chase": {
      "win_rate_pct": 5.17,
      "avg_rr": 0.033,
      "total_r": -8.538,
      "max_drawdown_r": -2.18,
      "profit_factor": 0.522,
      "n_trades": -49.0
    }
  },
  "path": "/home/thuyenng/work/ThuyenRepo/EdgeMinerM15/results/research/wr_rr_breakthrough/kb_202510_202603_oos_202604_202607.json"
}
