[2026-08-14T10:02:26+05:30] Loaded 12 Live roster slots
[2026-08-14T10:02:27+05:30] PASS2: 8 slots · 56 jobs · workers=4
[2026-08-14T10:02:27+05:30] PASS2 desk EdgeMinerEURUSDM15: 24 jobs (isolated)
DONE n=24 ok=24
[2026-08-14T10:24:41+05:30]   OK EURUSD_M15_WR_eur_m15_stretch_wr_tw6: R=47.821 WR=36.6 PF=1.329 n=153 (185.4s)
[2026-08-14T10:24:41+05:30]   OK EURUSD_M15_WR_eur_m15_stretch_wr_tw9: R=77.362 WR=42.25 PF=1.936 n=142 (205.7s)
[2026-08-14T10:24:41+05:30]   OK EURUSD_M15_WR_eur_m15_wr_tw6: R=23.451 WR=37.18 PF=1.198 n=78 (216.8s)
[2026-08-14T10:24:41+05:30]   OK EURUSD_M15_WR_eur_m15_wr_tw9: R=33.733 WR=40.85 PF=1.939 n=71 (244.4s)
[2026-08-14T10:24:41+05:30]   OK EURUSD_M15_WR_eur_m15_balance_v2_tw6: R=44.072 WR=42.39 PF=1.511 n=92 (218.4s)
[2026-08-14T10:24:41+05:30]   OK EURUSD_M15_WR_elite_or_quality_tw6: R=35.272 WR=40.74 PF=2.183 n=54 (196.2s)
[2026-08-14T10:24:41+05:30]   OK EURUSD_M15_WR_elite_or_quality_tw9: R=18.667 WR=35.19 PF=1.559 n=54 (207.1s)
[2026-08-14T10:24:41+05:30]   OK EURUSD_M15_WR_eur_m15_balance_v2_tw9: R=46.391 WR=40.59 PF=1.739 n=101 (253.3s)
[2026-08-14T10:24:41+05:30]   OK EURUSD_M15_R_eur_m15_wr_tw6: R=23.451 WR=37.18 PF=1.198 n=78 (225.4s)
[2026-08-14T10:24:41+05:30]   OK EURUSD_M15_R_eur_m15_stretch_wr_tw6: R=47.821 WR=36.6 PF=1.329 n=153 (199.7s)
[2026-08-14T10:24:41+05:30]   OK EURUSD_M15_R_eur_m15_wr_tw9: R=33.733 WR=40.85 PF=1.939 n=71 (254.9s)
[2026-08-14T10:24:41+05:30]   OK EURUSD_M15_R_eur_m15_stretch_wr_tw9: R=77.362 WR=42.25 PF=1.936 n=142 (219.5s)
[2026-08-14T10:24:41+05:30]   OK EURUSD_M15_R_eur_m15_balance_v2_tw6: R=44.072 WR=42.39 PF=1.511 n=92 (225.8s)
[2026-08-14T10:24:41+05:30]   OK EURUSD_M15_R_elite_or_quality_tw6: R=35.272 WR=40.74 PF=2.183 n=54 (201.3s)
[2026-08-14T10:24:41+05:30]   OK EURUSD_M15_R_elite_or_quality_tw9: R=18.667 WR=35.19 PF=1.559 n=54 (214.8s)
[2026-08-14T10:24:41+05:30]   OK EURUSD_M15_R_eur_m15_balance_v2_tw9: R=46.391 WR=40.59 PF=1.739 n=101 (260.6s)
[2026-08-14T10:24:41+05:30]   OK EURUSD_M15_Balance_eur_m15_wr_tw6: R=23.451 WR=37.18 PF=1.198 n=78 (219.6s)
[2026-08-14T10:24:41+05:30]   OK EURUSD_M15_Balance_eur_m15_stretch_wr_tw6: R=47.821 WR=36.6 PF=1.329 n=153 (190.6s)
[2026-08-14T10:24:41+05:30]   OK EURUSD_M15_Balance_eur_m15_wr_tw9: R=33.733 WR=40.85 PF=1.939 n=71 (250.8s)
[2026-08-14T10:24:41+05:30]   OK EURUSD_M15_Balance_eur_m15_stretch_wr_tw9: R=77.362 WR=42.25 PF=1.936 n=142 (208.6s)
[2026-08-14T10:24:41+05:30]   OK EURUSD_M15_Balance_eur_m15_balance_v2_tw6: R=44.072 WR=42.39 PF=1.511 n=92 (220.2s)
[2026-08-14T10:24:41+05:30]   OK EURUSD_M15_Balance_elite_or_quality_tw6: R=35.272 WR=40.74 PF=2.183 n=54 (192.8s)
[2026-08-14T10:24:41+05:30]   OK EURUSD_M15_Balance_elite_or_quality_tw9: R=18.667 WR=35.19 PF=1.559 n=54 (204.2s)
[2026-08-14T10:24:41+05:30]   OK EURUSD_M15_Balance_eur_m15_balance_v2_tw9: R=46.391 WR=40.59 PF=1.739 n=101 (249.5s)
[2026-08-14T10:24:41+05:30] PASS2 desk EdgeMinerEURUSDM5: 12 jobs (isolated)
DONE n=12 ok=12
[2026-08-14T10:39:51+05:30]   OK EURUSD_M5_WR_anti_chase_fixed_70_tw3: R=259.159 WR=41.72 PF=1.523 n=676 (245.7s)
[2026-08-14T10:39:51+05:30]   OK EURUSD_M5_WR_elite_or_quality_tw3: R=88.888 WR=43.03 PF=1.68 n=165 (248.9s)
[2026-08-14T10:39:51+05:30]   OK EURUSD_M5_WR_anti_chase_fixed_70_tw6: R=239.341 WR=40.37 PF=1.455 n=696 (306.9s)
[2026-08-14T10:39:51+05:30]   OK EURUSD_M5_WR_elite_or_quality_tw6: R=127.136 WR=46.41 PF=1.927 n=181 (310.5s)
[2026-08-14T10:39:51+05:30]   OK EURUSD_M5_WR_baseline_tw3: R=286.717 WR=43.47 PF=1.591 n=681 (239.0s)
[2026-08-14T10:39:51+05:30]   OK EURUSD_M5_R_elite_or_quality_tw3: R=88.888 WR=43.03 PF=1.68 n=165 (236.2s)
[2026-08-14T10:39:51+05:30]   OK EURUSD_M5_WR_baseline_tw6: R=298.125 WR=42.96 PF=1.572 n=717 (308.2s)
[2026-08-14T10:39:51+05:30]   OK EURUSD_M5_R_elite_or_quality_tw6: R=127.136 WR=46.41 PF=1.927 n=181 (306.7s)
[2026-08-14T10:39:51+05:30]   OK EURUSD_M5_R_anti_chase_fixed_70_tw3: R=259.159 WR=41.72 PF=1.523 n=676 (244.8s)
[2026-08-14T10:39:51+05:30]   OK EURUSD_M5_R_baseline_tw3: R=286.717 WR=43.47 PF=1.591 n=681 (239.9s)
[2026-08-14T10:39:51+05:30]   OK EURUSD_M5_R_anti_chase_fixed_70_tw6: R=239.341 WR=40.37 PF=1.455 n=696 (294.5s)
[2026-08-14T10:39:51+05:30]   OK EURUSD_M5_R_baseline_tw6: R=298.125 WR=42.96 PF=1.572 n=717 (293.4s)
[2026-08-14T10:39:51+05:30] PASS2 desk EdgeMinerGBPUSDM15: 8 jobs (isolated)
DONE n=8 ok=8
[2026-08-14T10:43:36+05:30]   OK GBPUSD_M15_R_anti_chase_fixed_70_tw6: R=113.911 WR=48.17 PF=1.755 n=218 (94.1s)
[2026-08-14T10:43:36+05:30]   OK GBPUSD_M15_R_elite_or_quality_tw6: R=53.445 WR=60.47 PF=3.071 n=43 (94.9s)
[2026-08-14T10:43:36+05:30]   OK GBPUSD_M15_R_anti_chase_fixed_70_tw9: R=92.851 WR=47.3 PF=1.691 n=222 (105.8s)
[2026-08-14T10:43:36+05:30]   OK GBPUSD_M15_R_elite_or_quality_tw9: R=54.321 WR=62.5 PF=4.725 n=40 (106.2s)
[2026-08-14T10:43:36+05:30]   OK GBPUSD_M15_R_baseline_tw6: R=129.613 WR=50.38 PF=1.777 n=260 (79.8s)
[2026-08-14T10:43:36+05:30]   OK GBPUSD_M15_R_edge_gentle_tw6: R=99.503 WR=47.29 PF=1.624 n=258 (106.9s)
[2026-08-14T10:43:36+05:30]   OK GBPUSD_M15_R_baseline_tw9: R=123.951 WR=48.45 PF=1.823 n=258 (98.5s)
[2026-08-14T10:43:36+05:30]   OK GBPUSD_M15_R_edge_gentle_tw9: R=107.714 WR=47.22 PF=1.691 n=252 (129.4s)
[2026-08-14T10:43:36+05:30] PASS2 desk EdgeMinerGBPUSDM5: 12 jobs (isolated)
DONE n=12 ok=12
[2026-08-14T10:54:41+05:30]   OK GBPUSD_M5_WR_anti_chase_fixed_70_tw3: R=175.783 WR=40.13 PF=1.439 n=618 (174.5s)
[2026-08-14T10:54:41+05:30]   OK GBPUSD_M5_WR_elite_or_quality_tw3: R=163.39 WR=39.38 PF=1.614 n=386 (177.6s)
[2026-08-14T10:54:41+05:30]   OK GBPUSD_M5_WR_elite_or_quality_tw6: R=222.911 WR=41.32 PF=1.748 n=409 (228.2s)
[2026-08-14T10:54:41+05:30]   OK GBPUSD_M5_WR_anti_chase_fixed_70_tw6: R=278.107 WR=42.37 PF=1.602 n=649 (229.1s)
[2026-08-14T10:54:41+05:30]   OK GBPUSD_M5_WR_baseline_tw3: R=197.388 WR=40.66 PF=1.455 n=637 (167.0s)
[2026-08-14T10:54:41+05:30]   OK GBPUSD_M5_WR_baseline_tw6: R=248.209 WR=41.83 PF=1.499 n=667 (223.2s)
[2026-08-14T10:54:41+05:30]   OK GBPUSD_M5_R_elite_or_quality_tw3: R=163.39 WR=39.38 PF=1.614 n=386 (175.1s)
[2026-08-14T10:54:41+05:30]   OK GBPUSD_M5_R_elite_or_quality_tw6: R=222.911 WR=41.32 PF=1.748 n=409 (231.5s)
[2026-08-14T10:54:41+05:30]   OK GBPUSD_M5_R_anti_chase_fixed_70_tw3: R=175.783 WR=40.13 PF=1.439 n=618 (176.4s)
[2026-08-14T10:54:41+05:30]   OK GBPUSD_M5_R_baseline_tw3: R=197.388 WR=40.66 PF=1.455 n=637 (170.1s)
[2026-08-14T10:54:41+05:30]   OK GBPUSD_M5_R_anti_chase_fixed_70_tw6: R=278.107 WR=42.37 PF=1.602 n=649 (212.2s)
[2026-08-14T10:54:41+05:30]   OK GBPUSD_M5_R_baseline_tw6: R=248.209 WR=41.83 PF=1.499 n=667 (203.8s)
[2026-08-14T10:54:41+05:30] PASS2 EURUSD_M15_WR: no winner — KEEP baseline
[2026-08-14T10:54:41+05:30] PASS2 EURUSD_M15_R: no winner — KEEP baseline
[2026-08-14T10:54:41+05:30] PASS2 EURUSD_M15_Balance: no winner — KEEP baseline
[2026-08-14T10:54:41+05:30] PASS2 EURUSD_M5_WR: no winner — KEEP baseline
[2026-08-14T10:54:43+05:30] PASS2 EURUSD_M5_R: REPLACE → WROpt_R_baseline_tw3 WRΔ=1.21 RΔ=1.68
[2026-08-14T10:54:43+05:30] PASS2 GBPUSD_M15_R: no winner — KEEP baseline
[2026-08-14T10:54:43+05:30] PASS2 GBPUSD_M5_WR: no winner — KEEP baseline
[2026-08-14T10:54:43+05:30] PASS2 GBPUSD_M5_R: no winner — KEEP baseline
[2026-08-14T10:54:43+05:30] Done. Report: /home/thuyenng/work/ThuyenRepo/Final_app/results_live_roster_wr_opt.md
