==== Schedule-parity OOS 2026-01-01 -> 2026-08-07 ====
[parity] EURUSD M15 · tm_elitepf_3_8c33edde
  -> R=63.366 WR=47.42 n=97 lab_R=63.366 dR=0.0 err=None
[parity] EURUSD M15 · tm_stretchr_2_494e111b
  -> R=124.119 WR=39.93 n=283 lab_R=124.119 dR=-0.0 err=None
[parity] EURUSD M15 · tm_elitequality_4_112eab29
  -> R=69.535 WR=46.46 n=99 lab_R=69.535 dR=0.0 err=None
[parity] EURUSD M5 · tm_bestwinrate_0de140ca
  -> R=138.042 WR=47.78 n=180 lab_R=138.042 dR=0.0 err=None
[parity] EURUSD M5 · tm_wropt_r_baseline_tw3_d7f8d9a0
  -> R=286.717 WR=43.47 n=681 lab_R=286.717 dR=-0.0 err=None
[parity] EURUSD M5 · tm_bestwinrate_0de140ca
  -> R=138.042 WR=47.78 n=180 lab_R=138.042 dR=0.0 err=None
[parity] GBPUSD M15 · tm_stretchr_2_3b9ca0e8
  -> R=134.06 WR=53.4 n=206 lab_R=134.06 dR=0.0 err=None
[parity] GBPUSD M15 · tm_stretchr_2_3b9ca0e8
  -> R=134.06 WR=53.4 n=206 lab_R=134.06 dR=0.0 err=None
[parity] GBPUSD M15 · tm_stretchr_2_3b9ca0e8
  -> R=134.06 WR=53.4 n=206 lab_R=134.06 dR=0.0 err=None
[parity] GBPUSD M5 · tm_bestwinrate_89decb20
  -> R=272.588 WR=42.5 n=640 lab_R=272.588 dR=0.0 err=None
[parity] GBPUSD M5 · tm_besttotalr_69cf8793
  -> R=276.427 WR=42.48 n=652 lab_R=276.427 dR=-0.0 err=None
[parity] GBPUSD M5 · tm_bestwinrate_89decb20
  -> R=272.588 WR=42.5 n=640 lab_R=272.588 dR=0.0 err=None
[parity] archived run_20260814_111101 total_r=2043.604
{
  "ok": true,
  "books": [
    {
      "symbol": "EURUSD",
      "timeframe": "M15",
      "ok": true,
      "models": [
        {
          "model_id": "tm_elitepf_3_8c33edde",
          "label": "EURUSD M15 \u00b7 ElitePF_3",
          "total_r": 63.366,
          "lab_total_r": 63.366,
          "delta_r": 0.0,
          "win_rate_pct": 47.42,
          "error": null
        },
        {
          "model_id": "tm_stretchr_2_494e111b",
          "label": "EURUSD M15 \u00b7 StretchR_2",
          "total_r": 124.119,
          "lab_total_r": 124.119,
          "delta_r": -0.0,
          "win_rate_pct": 39.93,
          "error": null
        },
        {
          "model_id": "tm_elitequality_4_112eab29",
          "label": "EURUSD M15 \u00b7 EliteQuality_4",
          "total_r": 69.535,
          "lab_total_r": 69.535,
          "delta_r": 0.0,
          "win_rate_pct": 46.46,
          "error": null
        }
      ]
    },
    {
      "symbol": "EURUSD",
      "timeframe": "M5",
      "ok": true,
      "models": [
        {
          "model_id": "tm_bestwinrate_0de140ca",
          "label": "EURUSD M5 \u00b7 BestWinRate",
          "total_r": 138.042,
          "lab_total_r": 138.042,
          "delta_r": 0.0,
          "win_rate_pct": 47.78,
          "error": null
        },
        {
          "model_id": "tm_wropt_r_baseline_tw3_d7f8d9a0",
          "label": "EURUSD M5 \u00b7 WROpt_R_baseline_tw3",
          "total_r": 286.717,
          "lab_total_r": 286.717,
          "delta_r": -0.0,
          "win_rate_pct": 43.47,
          "error": null
        },
        {
          "model_id": "tm_bestwinrate_0de140ca",
          "label": "EURUSD M5 \u00b7 BestWinRate",
          "total_r": 138.042,
          "lab_total_r": 138.042,
          "delta_r": 0.0,
          "win_rate_pct": 47.78,
          "error": null
        }
      ]
    },
    {
      "symbol": "GBPUSD",
      "timeframe": "M15",
      "ok": true,
      "models": [
        {
          "model_id": "tm_stretchr_2_3b9ca0e8",
          "label": "GBPUSD M15 \u00b7 StretchR_2",
          "total_r": 134.06,
          "lab_total_r": 134.06,
          "delta_r": 0.0,
          "win_rate_pct": 53.4,
          "error": null
        },
        {
          "model_id": "tm_stretchr_2_3b9ca0e8",
          "label": "GBPUSD M15 \u00b7 StretchR_2",
          "total_r": 134.06,
          "lab_total_r": 134.06,
          "delta_r": 0.0,
          "win_rate_pct": 53.4,
          "error": null
        },
        {
          "model_id": "tm_stretchr_2_3b9ca0e8",
          "label": "GBPUSD M15 \u00b7 StretchR_2",
          "total_r": 134.06,
          "lab_total_r": 134.06,
          "delta_r": 0.0,
          "win_rate_pct": 53.4,
          "error": null
        }
      ]
    },
    {
      "symbol": "GBPUSD",
      "timeframe": "M5",
      "ok": true,
      "models": [
        {
          "model_id": "tm_bestwinrate_89decb20",
          "label": "GBPUSD M5 \u00b7 BestWinRate",
          "total_r": 272.588,
          "lab_total_r": 272.588,
          "delta_r": 0.0,
          "win_rate_pct": 42.5,
          "error": null
        },
        {
          "model_id": "tm_besttotalr_69cf8793",
          "label": "GBPUSD M5 \u00b7 BestTotalR",
          "total_r": 276.427,
          "lab_total_r": 276.427,
          "delta_r": -0.0,
          "win_rate_pct": 42.48,
          "error": null
        },
        {
          "model_id": "tm_bestwinrate_89decb20",
          "label": "GBPUSD M5 \u00b7 BestWinRate",
          "total_r": 272.588,
          "lab_total_r": 272.588,
          "delta_r": 0.0,
          "win_rate_pct": 42.5,
          "error": null
        }
      ]
    }
  ]
}
