[2026-08-14T10:55:22+05:30] Loaded 12 Live roster slots
[2026-08-14T10:55:22+05:30] Export schedule EdgeMinerEURUSDM15/tm_elitepf_3_8c33edde
Export schedule tm_elitepf_3_8c33edde | train=9w KB=era_2025_h2@9 OOS=2026-01-01→2026-08-07
Wrote /home/thuyenng/work/ThuyenRepo/Final_app/EdgeMinerEURUSDM15/results/trade_models/tm_elitepf_3_8c33edde_schedule.json weeks=31 trades=97 total_r=63.366
[2026-08-14T10:58:35+05:30]   package M15F1_EURUSD_M15_ElitePF_3_8c33edde.tmpkg
[2026-08-14T10:58:35+05:30]   Installed → /home/thuyenng/work/ThuyenRepo/Final_app/split_app/live/installed_models/M15_EURUSD_tm_elitepf_3_8c33edde
[2026-08-14T10:58:35+05:30] PROMOTE EURUSD M15 WR → EURUSD M15 · WR (tm_elitepf_3_8c33edde)
[2026-08-14T10:58:35+05:30] Export schedule EdgeMinerEURUSDM15/tm_stretchr_2_494e111b
Export schedule tm_stretchr_2_494e111b | train=9w KB=era_2025_h2@8 OOS=2026-01-01→2026-08-07
Wrote /home/thuyenng/work/ThuyenRepo/Final_app/EdgeMinerEURUSDM15/results/trade_models/tm_stretchr_2_494e111b_schedule.json weeks=31 trades=283 total_r=124.119
[2026-08-14T11:00:57+05:30]   package M15F1_EURUSD_M15_StretchR_2_494e111b.tmpkg
[2026-08-14T11:00:57+05:30]   Installed → /home/thuyenng/work/ThuyenRepo/Final_app/split_app/live/installed_models/M15_EURUSD_tm_stretchr_2_494e111b
[2026-08-14T11:00:58+05:30] PROMOTE EURUSD M15 R → EURUSD M15 · R (tm_stretchr_2_494e111b)
[2026-08-14T11:00:58+05:30] Export schedule EdgeMinerEURUSDM15/tm_elitequality_4_112eab29
Export schedule tm_elitequality_4_112eab29 | train=9w KB=era_2025_h2@6 OOS=2026-01-01→2026-08-07
Wrote /home/thuyenng/work/ThuyenRepo/Final_app/EdgeMinerEURUSDM15/results/trade_models/tm_elitequality_4_112eab29_schedule.json weeks=31 trades=99 total_r=69.535
[2026-08-14T11:03:44+05:30]   package M15F1_EURUSD_M15_EliteQuality_4_112eab29.tmpkg
[2026-08-14T11:03:44+05:30]   Installed → /home/thuyenng/work/ThuyenRepo/Final_app/split_app/live/installed_models/M15_EURUSD_tm_elitequality_4_112eab29
[2026-08-14T11:03:44+05:30] PROMOTE EURUSD M15 Balance → EURUSD M15 · Balance (tm_elitequality_4_112eab29)
[2026-08-14T11:03:44+05:30]   package M5F3_EURUSD_M5_BestWinRate_0de140ca.tmpkg
[2026-08-14T11:03:44+05:30]   Installed → /home/thuyenng/work/ThuyenRepo/Final_app/split_app/live/installed_models/M5_EURUSD_tm_bestwinrate_0de140ca
[2026-08-14T11:03:44+05:30] PROMOTE EURUSD M5 WR → EURUSD M5 · WR (tm_bestwinrate_0de140ca)
[2026-08-14T11:03:45+05:30]   package M5F3_EURUSD_M5_WROpt_R_baseline_tw3_d7f8d9a0.tmpkg
[2026-08-14T11:03:45+05:30]   Installed → /home/thuyenng/work/ThuyenRepo/Final_app/split_app/live/installed_models/M5_EURUSD_tm_wropt_r_baseline_tw3_d7f8d9a0
[2026-08-14T11:03:45+05:30] PROMOTE EURUSD M5 R → EURUSD M5 · R (tm_wropt_r_baseline_tw3_d7f8d9a0)
[2026-08-14T11:03:45+05:30]   package M5F3_EURUSD_M5_BestWinRate_0de140ca.tmpkg
[2026-08-14T11:03:45+05:30]   Installed → /home/thuyenng/work/ThuyenRepo/Final_app/split_app/live/installed_models/M5_EURUSD_tm_bestwinrate_0de140ca
[2026-08-14T11:03:45+05:30] PROMOTE EURUSD M5 Balance → EURUSD M5 · Balance (tm_bestwinrate_0de140ca)
[2026-08-14T11:03:45+05:30] Export schedule EdgeMinerGBPUSDM15/tm_stretchr_2_3b9ca0e8
Export schedule tm_stretchr_2_3b9ca0e8 | train=6w KB=era_2025_2026_6thang@3 OOS=2026-01-01→2026-08-07
Wrote /home/thuyenng/work/ThuyenRepo/Final_app/EdgeMinerGBPUSDM15/results/trade_models/tm_stretchr_2_3b9ca0e8_schedule.json weeks=31 trades=206 total_r=134.06
[2026-08-14T11:04:37+05:30]   package M15F2_GBPUSD_M15_StretchR_2_3b9ca0e8.tmpkg
[2026-08-14T11:04:37+05:30]   Installed → /home/thuyenng/work/ThuyenRepo/Final_app/split_app/live/installed_models/M15_GBPUSD_tm_stretchr_2_3b9ca0e8
[2026-08-14T11:04:37+05:30] PROMOTE GBPUSD M15 WR → GBPUSD M15 · WR (tm_stretchr_2_3b9ca0e8)
[2026-08-14T11:04:37+05:30]   package M15F2_GBPUSD_M15_StretchR_2_3b9ca0e8.tmpkg
[2026-08-14T11:04:37+05:30]   Installed → /home/thuyenng/work/ThuyenRepo/Final_app/split_app/live/installed_models/M15_GBPUSD_tm_stretchr_2_3b9ca0e8
[2026-08-14T11:04:37+05:30] PROMOTE GBPUSD M15 R → GBPUSD M15 · R (tm_stretchr_2_3b9ca0e8)
[2026-08-14T11:04:37+05:30]   package M15F2_GBPUSD_M15_StretchR_2_3b9ca0e8.tmpkg
[2026-08-14T11:04:37+05:30]   Installed → /home/thuyenng/work/ThuyenRepo/Final_app/split_app/live/installed_models/M15_GBPUSD_tm_stretchr_2_3b9ca0e8
[2026-08-14T11:04:37+05:30] PROMOTE GBPUSD M15 Balance → GBPUSD M15 · Balance (tm_stretchr_2_3b9ca0e8)
[2026-08-14T11:04:37+05:30]   package M5F4_GBPUSD_M5_BestWinRate_89decb20.tmpkg
[2026-08-14T11:04:38+05:30]   Installed → /home/thuyenng/work/ThuyenRepo/Final_app/split_app/live/installed_models/M5_GBPUSD_tm_bestwinrate_89decb20
[2026-08-14T11:04:38+05:30] PROMOTE GBPUSD M5 WR → GBPUSD M5 · WR (tm_bestwinrate_89decb20)
[2026-08-14T11:04:38+05:30]   package M5F4_GBPUSD_M5_BestTotalR_69cf8793.tmpkg
[2026-08-14T11:04:38+05:30]   Installed → /home/thuyenng/work/ThuyenRepo/Final_app/split_app/live/installed_models/M5_GBPUSD_tm_besttotalr_69cf8793
[2026-08-14T11:04:38+05:30] PROMOTE GBPUSD M5 R → GBPUSD M5 · R (tm_besttotalr_69cf8793)
[2026-08-14T11:04:38+05:30]   package M5F4_GBPUSD_M5_BestWinRate_89decb20.tmpkg
[2026-08-14T11:04:38+05:30]   Installed → /home/thuyenng/work/ThuyenRepo/Final_app/split_app/live/installed_models/M5_GBPUSD_tm_bestwinrate_89decb20
[2026-08-14T11:04:38+05:30] PROMOTE GBPUSD M5 Balance → GBPUSD M5 · Balance (tm_bestwinrate_89decb20)
[2026-08-14T11:04:39+05:30]   package M15F1_EURUSD_M15_ElitePF_3_8c33edde.tmpkg
[2026-08-14T11:04:39+05:30]   Installed → /home/thuyenng/work/ThuyenRepo/Final_app/split_app/live/installed_models/M15_EURUSD_tm_elitepf_3_8c33edde
[2026-08-14T11:04:39+05:30]   package M15F1_EURUSD_M15_StretchR_2_494e111b.tmpkg
[2026-08-14T11:04:39+05:30]   Installed → /home/thuyenng/work/ThuyenRepo/Final_app/split_app/live/installed_models/M15_EURUSD_tm_stretchr_2_494e111b
[2026-08-14T11:04:39+05:30]   package M15F1_EURUSD_M15_EliteQuality_4_112eab29.tmpkg
[2026-08-14T11:04:39+05:30]   Installed → /home/thuyenng/work/ThuyenRepo/Final_app/split_app/live/installed_models/M15_EURUSD_tm_elitequality_4_112eab29
[2026-08-14T11:04:40+05:30]   package M5F3_EURUSD_M5_BestWinRate_0de140ca.tmpkg
[2026-08-14T11:04:40+05:30]   Installed → /home/thuyenng/work/ThuyenRepo/Final_app/split_app/live/installed_models/M5_EURUSD_tm_bestwinrate_0de140ca
[2026-08-14T11:04:40+05:30]   package M15F2_GBPUSD_M15_StretchR_2_3b9ca0e8.tmpkg
[2026-08-14T11:04:40+05:30]   Installed → /home/thuyenng/work/ThuyenRepo/Final_app/split_app/live/installed_models/M15_GBPUSD_tm_stretchr_2_3b9ca0e8
[2026-08-14T11:04:40+05:30]   package M5F4_GBPUSD_M5_BestWinRate_89decb20.tmpkg
[2026-08-14T11:04:40+05:30]   Installed → /home/thuyenng/work/ThuyenRepo/Final_app/split_app/live/installed_models/M5_GBPUSD_tm_bestwinrate_89decb20
[2026-08-14T11:04:40+05:30]   package M5F4_GBPUSD_M5_BestTotalR_69cf8793.tmpkg
[2026-08-14T11:04:40+05:30]   Installed → /home/thuyenng/work/ThuyenRepo/Final_app/split_app/live/installed_models/M5_GBPUSD_tm_besttotalr_69cf8793
[2026-08-14T11:04:41+05:30] Done. Report: /home/thuyenng/work/ThuyenRepo/Final_app/results_live_roster_wr_opt.md
