[2026-07-26T12:24:03] Start improve_search · active=tm_m15_best_2_49216b56 · 174.503R · eras=['era_2025_full', 'era_2025_h2'] · objective=risk_adjusted
[2026-07-26T12:24:03] Live↔OOS feedback: weeks=0 mean_edge=None tips=['Có tuần OOS có lệnh nhưng journal trống — Bridge service / EA chưa fill.']
[2026-07-26T12:24:03] KB readiness: 24/24 complete=True
[2026-07-26T12:24:03] KB đã đủ — bỏ qua reset; chạy multi-pass grid với search space mới.
[2026-07-26T12:24:03] === Grid pass `champion_plus_v0`: 24 combo · risk_adjusted ===
[2026-07-26T12:24:03] [champion_plus_v0] 1/24: Học 3 tuần · Học 2025 (12 tháng) · vòng 1 · Kiểm chứng 2026
[2026-07-26T12:24:30] [champion_plus_v0] 2/24: Học 3 tuần · Học 2025 (12 tháng) · vòng 2 · Kiểm chứng 2026
[2026-07-26T12:25:07] [champion_plus_v0] 3/24: Học 3 tuần · Học 2025 (12 tháng) · vòng 3 · Kiểm chứng 2026
[2026-07-26T12:25:57] [champion_plus_v0] 4/24: Học 3 tuần · Học 2025 (12 tháng) · vòng 4 · Kiểm chứng 2026
[2026-07-26T12:26:54] [champion_plus_v0] 5/24: Học 3 tuần · Học 2025 (6 tháng cuối) · vòng 1 · Kiểm chứng 2026
[2026-07-26T12:27:07] [champion_plus_v0] 6/24: Học 3 tuần · Học 2025 (6 tháng cuối) · vòng 2 · Kiểm chứng 2026
[2026-07-26T12:27:22] [champion_plus_v0] 7/24: Học 3 tuần · Học 2025 (6 tháng cuối) · vòng 3 · Kiểm chứng 2026
[2026-07-26T12:27:35] [champion_plus_v0] 8/24: Học 3 tuần · Học 2025 (6 tháng cuối) · vòng 4 · Kiểm chứng 2026
[2026-07-26T12:27:51] [champion_plus_v0] 9/24: Học 6 tuần · Học 2025 (12 tháng) · vòng 1 · Kiểm chứng 2026
[2026-07-26T12:28:25] [champion_plus_v0] 10/24: Học 6 tuần · Học 2025 (12 tháng) · vòng 2 · Kiểm chứng 2026
[2026-07-26T12:29:07] [champion_plus_v0] 11/24: Học 6 tuần · Học 2025 (12 tháng) · vòng 3 · Kiểm chứng 2026
[2026-07-26T12:30:00] [champion_plus_v0] 12/24: Học 6 tuần · Học 2025 (12 tháng) · vòng 4 · Kiểm chứng 2026
[2026-07-26T12:31:07] [champion_plus_v0] 13/24: Học 6 tuần · Học 2025 (6 tháng cuối) · vòng 1 · Kiểm chứng 2026
[2026-07-26T12:31:25] [champion_plus_v0] 14/24: Học 6 tuần · Học 2025 (6 tháng cuối) · vòng 2 · Kiểm chứng 2026
[2026-07-26T12:31:43] [champion_plus_v0] 15/24: Học 6 tuần · Học 2025 (6 tháng cuối) · vòng 3 · Kiểm chứng 2026
[2026-07-26T12:32:01] [champion_plus_v0] 16/24: Học 6 tuần · Học 2025 (6 tháng cuối) · vòng 4 · Kiểm chứng 2026
[2026-07-26T12:32:21] [champion_plus_v0] 17/24: Học 9 tuần · Học 2025 (12 tháng) · vòng 1 · Kiểm chứng 2026
[2026-07-26T12:33:02] [champion_plus_v0] 18/24: Học 9 tuần · Học 2025 (12 tháng) · vòng 2 · Kiểm chứng 2026
[2026-07-26T12:33:54] [champion_plus_v0] 19/24: Học 9 tuần · Học 2025 (12 tháng) · vòng 3 · Kiểm chứng 2026
[2026-07-26T12:34:58] [champion_plus_v0] 20/24: Học 9 tuần · Học 2025 (12 tháng) · vòng 4 · Kiểm chứng 2026
[2026-07-26T12:36:13] [champion_plus_v0] 21/24: Học 9 tuần · Học 2025 (6 tháng cuối) · vòng 1 · Kiểm chứng 2026
[2026-07-26T12:36:37] [champion_plus_v0] 22/24: Học 9 tuần · Học 2025 (6 tháng cuối) · vòng 2 · Kiểm chứng 2026
[2026-07-26T12:37:01] [champion_plus_v0] 23/24: Học 9 tuần · Học 2025 (6 tháng cuối) · vòng 3 · Kiểm chứng 2026
[2026-07-26T12:37:25] [champion_plus_v0] 24/24: Học 9 tuần · Học 2025 (6 tháng cuối) · vòng 4 · Kiểm chứng 2026
[2026-07-26T12:37:49] Pass `champion_plus_v0` xong: gs_improve_champion_plus_v0_20260726_123749 · 24/24 OK · best=164.06R
[2026-07-26T12:37:49] === Grid pass `improved_v1`: 24 combo · risk_adjusted ===
[2026-07-26T12:37:49] [improved_v1] 1/24: Học 3 tuần · Học 2025 (12 tháng) · vòng 1 · Kiểm chứng 2026
[2026-07-26T12:38:17] [improved_v1] 2/24: Học 3 tuần · Học 2025 (12 tháng) · vòng 2 · Kiểm chứng 2026
[2026-07-26T12:38:55] [improved_v1] 3/24: Học 3 tuần · Học 2025 (12 tháng) · vòng 3 · Kiểm chứng 2026
[2026-07-26T12:39:44] [improved_v1] 4/24: Học 3 tuần · Học 2025 (12 tháng) · vòng 4 · Kiểm chứng 2026
[2026-07-26T12:40:43] [improved_v1] 5/24: Học 3 tuần · Học 2025 (6 tháng cuối) · vòng 1 · Kiểm chứng 2026
[2026-07-26T12:40:57] [improved_v1] 6/24: Học 3 tuần · Học 2025 (6 tháng cuối) · vòng 2 · Kiểm chứng 2026
[2026-07-26T12:41:12] [improved_v1] 7/24: Học 3 tuần · Học 2025 (6 tháng cuối) · vòng 3 · Kiểm chứng 2026
[2026-07-26T12:41:28] [improved_v1] 8/24: Học 3 tuần · Học 2025 (6 tháng cuối) · vòng 4 · Kiểm chứng 2026
[2026-07-26T12:41:45] [improved_v1] 9/24: Học 6 tuần · Học 2025 (12 tháng) · vòng 1 · Kiểm chứng 2026
[2026-07-26T12:42:21] [improved_v1] 10/24: Học 6 tuần · Học 2025 (12 tháng) · vòng 2 · Kiểm chứng 2026
[2026-07-26T12:43:08] [improved_v1] 11/24: Học 6 tuần · Học 2025 (12 tháng) · vòng 3 · Kiểm chứng 2026
[2026-07-26T12:44:07] [improved_v1] 12/24: Học 6 tuần · Học 2025 (12 tháng) · vòng 4 · Kiểm chứng 2026
[2026-07-26T12:45:19] [improved_v1] 13/24: Học 6 tuần · Học 2025 (6 tháng cuối) · vòng 1 · Kiểm chứng 2026
[2026-07-26T12:45:39] [improved_v1] 14/24: Học 6 tuần · Học 2025 (6 tháng cuối) · vòng 2 · Kiểm chứng 2026
[2026-07-26T12:46:00] [improved_v1] 15/24: Học 6 tuần · Học 2025 (6 tháng cuối) · vòng 3 · Kiểm chứng 2026
[2026-07-26T12:46:21] [improved_v1] 16/24: Học 6 tuần · Học 2025 (6 tháng cuối) · vòng 4 · Kiểm chứng 2026
[2026-07-26T12:46:43] [improved_v1] 17/24: Học 9 tuần · Học 2025 (12 tháng) · vòng 1 · Kiểm chứng 2026
[2026-07-26T12:47:32] [improved_v1] 18/24: Học 9 tuần · Học 2025 (12 tháng) · vòng 2 · Kiểm chứng 2026
[2026-07-26T12:48:29] [improved_v1] 19/24: Học 9 tuần · Học 2025 (12 tháng) · vòng 3 · Kiểm chứng 2026
[2026-07-26T12:49:37] [improved_v1] 20/24: Học 9 tuần · Học 2025 (12 tháng) · vòng 4 · Kiểm chứng 2026
[2026-07-26T12:50:56] [improved_v1] 21/24: Học 9 tuần · Học 2025 (6 tháng cuối) · vòng 1 · Kiểm chứng 2026
[2026-07-26T12:51:22] [improved_v1] 22/24: Học 9 tuần · Học 2025 (6 tháng cuối) · vòng 2 · Kiểm chứng 2026
[2026-07-26T12:51:50] [improved_v1] 23/24: Học 9 tuần · Học 2025 (6 tháng cuối) · vòng 3 · Kiểm chứng 2026
[2026-07-26T12:52:19] [improved_v1] 24/24: Học 9 tuần · Học 2025 (6 tháng cuối) · vòng 4 · Kiểm chứng 2026
[2026-07-26T12:52:47] Pass `improved_v1` xong: gs_improve_improved_v1_20260726_125247 · 24/24 OK · best=172.15R
[2026-07-26T12:52:47] === Grid pass `tight_session_v2`: 24 combo · risk_adjusted ===
[2026-07-26T12:52:47] [tight_session_v2] 1/24: Học 3 tuần · Học 2025 (12 tháng) · vòng 1 · Kiểm chứng 2026
[2026-07-26T12:53:12] [tight_session_v2] 2/24: Học 3 tuần · Học 2025 (12 tháng) · vòng 2 · Kiểm chứng 2026
[2026-07-26T12:53:48] [tight_session_v2] 3/24: Học 3 tuần · Học 2025 (12 tháng) · vòng 3 · Kiểm chứng 2026
[2026-07-26T12:54:35] [tight_session_v2] 4/24: Học 3 tuần · Học 2025 (12 tháng) · vòng 4 · Kiểm chứng 2026
[2026-07-26T12:55:37] [tight_session_v2] 5/24: Học 3 tuần · Học 2025 (6 tháng cuối) · vòng 1 · Kiểm chứng 2026
[2026-07-26T12:55:49] [tight_session_v2] 6/24: Học 3 tuần · Học 2025 (6 tháng cuối) · vòng 2 · Kiểm chứng 2026
[2026-07-26T12:56:04] [tight_session_v2] 7/24: Học 3 tuần · Học 2025 (6 tháng cuối) · vòng 3 · Kiểm chứng 2026
[2026-07-26T12:56:19] [tight_session_v2] 8/24: Học 3 tuần · Học 2025 (6 tháng cuối) · vòng 4 · Kiểm chứng 2026
[2026-07-26T12:56:34] [tight_session_v2] 9/24: Học 6 tuần · Học 2025 (12 tháng) · vòng 1 · Kiểm chứng 2026
[2026-07-26T12:57:08] [tight_session_v2] 10/24: Học 6 tuần · Học 2025 (12 tháng) · vòng 2 · Kiểm chứng 2026
[2026-07-26T12:57:52] [tight_session_v2] 11/24: Học 6 tuần · Học 2025 (12 tháng) · vòng 3 · Kiểm chứng 2026
[2026-07-26T12:58:47] [tight_session_v2] 12/24: Học 6 tuần · Học 2025 (12 tháng) · vòng 4 · Kiểm chứng 2026
[2026-07-26T12:59:55] [tight_session_v2] 13/24: Học 6 tuần · Học 2025 (6 tháng cuối) · vòng 1 · Kiểm chứng 2026
[2026-07-26T13:00:12] [tight_session_v2] 14/24: Học 6 tuần · Học 2025 (6 tháng cuối) · vòng 2 · Kiểm chứng 2026
[2026-07-26T13:00:32] [tight_session_v2] 15/24: Học 6 tuần · Học 2025 (6 tháng cuối) · vòng 3 · Kiểm chứng 2026
[2026-07-26T13:00:51] [tight_session_v2] 16/24: Học 6 tuần · Học 2025 (6 tháng cuối) · vòng 4 · Kiểm chứng 2026
[2026-07-26T13:01:11] [tight_session_v2] 17/24: Học 9 tuần · Học 2025 (12 tháng) · vòng 1 · Kiểm chứng 2026
[2026-07-26T13:01:51] [tight_session_v2] 18/24: Học 9 tuần · Học 2025 (12 tháng) · vòng 2 · Kiểm chứng 2026
[2026-07-26T13:02:43] [tight_session_v2] 19/24: Học 9 tuần · Học 2025 (12 tháng) · vòng 3 · Kiểm chứng 2026
[2026-07-26T13:03:46] [tight_session_v2] 20/24: Học 9 tuần · Học 2025 (12 tháng) · vòng 4 · Kiểm chứng 2026
[2026-07-26T13:04:59] [tight_session_v2] 21/24: Học 9 tuần · Học 2025 (6 tháng cuối) · vòng 1 · Kiểm chứng 2026
[2026-07-26T13:05:21] [tight_session_v2] 22/24: Học 9 tuần · Học 2025 (6 tháng cuối) · vòng 2 · Kiểm chứng 2026
[2026-07-26T13:05:45] [tight_session_v2] 23/24: Học 9 tuần · Học 2025 (6 tháng cuối) · vòng 3 · Kiểm chứng 2026
[2026-07-26T13:06:09] [tight_session_v2] 24/24: Học 9 tuần · Học 2025 (6 tháng cuối) · vòng 4 · Kiểm chứng 2026
[2026-07-26T13:06:34] Pass `tight_session_v2` xong: gs_improve_tight_session_v2_20260726_130634 · 24/24 OK · best=157.888R
[2026-07-26T13:06:34] === Grid pass `london_ny_v3`: 24 combo · risk_adjusted ===
[2026-07-26T13:06:34] [london_ny_v3] 1/24: Học 3 tuần · Học 2025 (12 tháng) · vòng 1 · Kiểm chứng 2026
[2026-07-26T13:07:00] [london_ny_v3] 2/24: Học 3 tuần · Học 2025 (12 tháng) · vòng 2 · Kiểm chứng 2026
[2026-07-26T13:07:36] [london_ny_v3] 3/24: Học 3 tuần · Học 2025 (12 tháng) · vòng 3 · Kiểm chứng 2026
[2026-07-26T13:08:23] [london_ny_v3] 4/24: Học 3 tuần · Học 2025 (12 tháng) · vòng 4 · Kiểm chứng 2026
[2026-07-26T13:09:19] [london_ny_v3] 5/24: Học 3 tuần · Học 2025 (6 tháng cuối) · vòng 1 · Kiểm chứng 2026
[2026-07-26T13:10:16] [london_ny_v3] 6/24: Học 3 tuần · Học 2025 (6 tháng cuối) · vòng 2 · Kiểm chứng 2026
[2026-07-26T13:11:04] [london_ny_v3] 7/24: Học 3 tuần · Học 2025 (6 tháng cuối) · vòng 3 · Kiểm chứng 2026
[2026-07-26T13:12:20] [london_ny_v3] 8/24: Học 3 tuần · Học 2025 (6 tháng cuối) · vòng 4 · Kiểm chứng 2026
[2026-07-26T13:13:54] [london_ny_v3] 9/24: Học 6 tuần · Học 2025 (12 tháng) · vòng 1 · Kiểm chứng 2026
[2026-07-26T13:14:27] [london_ny_v3] 10/24: Học 6 tuần · Học 2025 (12 tháng) · vòng 2 · Kiểm chứng 2026
[2026-07-26T13:15:11] [london_ny_v3] 11/24: Học 6 tuần · Học 2025 (12 tháng) · vòng 3 · Kiểm chứng 2026
[2026-07-26T13:16:05] [london_ny_v3] 12/24: Học 6 tuần · Học 2025 (12 tháng) · vòng 4 · Kiểm chứng 2026
[2026-07-26T13:17:09] [london_ny_v3] 13/24: Học 6 tuần · Học 2025 (6 tháng cuối) · vòng 1 · Kiểm chứng 2026
[2026-07-26T13:17:59] [london_ny_v3] 14/24: Học 6 tuần · Học 2025 (6 tháng cuối) · vòng 2 · Kiểm chứng 2026
[2026-07-26T13:18:50] [london_ny_v3] 15/24: Học 6 tuần · Học 2025 (6 tháng cuối) · vòng 3 · Kiểm chứng 2026
[2026-07-26T13:19:41] [london_ny_v3] 16/24: Học 6 tuần · Học 2025 (6 tháng cuối) · vòng 4 · Kiểm chứng 2026
[2026-07-26T13:20:56] [london_ny_v3] 17/24: Học 9 tuần · Học 2025 (12 tháng) · vòng 1 · Kiểm chứng 2026
[2026-07-26T13:21:37] [london_ny_v3] 18/24: Học 9 tuần · Học 2025 (12 tháng) · vòng 2 · Kiểm chứng 2026
[2026-07-26T13:22:28] [london_ny_v3] 19/24: Học 9 tuần · Học 2025 (12 tháng) · vòng 3 · Kiểm chứng 2026
[2026-07-26T13:23:30] [london_ny_v3] 20/24: Học 9 tuần · Học 2025 (12 tháng) · vòng 4 · Kiểm chứng 2026
[2026-07-26T13:24:43] [london_ny_v3] 21/24: Học 9 tuần · Học 2025 (6 tháng cuối) · vòng 1 · Kiểm chứng 2026
[2026-07-26T13:25:03] [london_ny_v3] 22/24: Học 9 tuần · Học 2025 (6 tháng cuối) · vòng 2 · Kiểm chứng 2026
[2026-07-26T13:25:24] [london_ny_v3] 23/24: Học 9 tuần · Học 2025 (6 tháng cuối) · vòng 3 · Kiểm chứng 2026
[2026-07-26T13:26:08] [london_ny_v3] 24/24: Học 9 tuần · Học 2025 (6 tháng cuối) · vòng 4 · Kiểm chứng 2026
[2026-07-26T13:26:47] Pass `london_ny_v3` xong: gs_improve_london_ny_v3_20260726_132647 · 24/24 OK · best=155.369R
[2026-07-26T13:26:47] Global best pass=`improved_v1` · 172.15R · key=78fdb525e8ae
[2026-07-26T13:26:47] Promote (strict): ok=False reason=active_still_competitive
[2026-07-26T13:26:47] Chưa promote — học thêm 2 vòng KB rồi grid lại space tốt nhất.
[2026-07-26T13:26:47] === Học KB thêm: era_2025_full (+2 vòng, không reset) ===
[2026-07-26T13:30:24] === Học KB thêm: era_2025_h2 (+2 vòng, không reset) ===
