2026-07-26 15:00:45.860 WARNING streamlit.runtime.scriptrunner_utils.script_run_context: Thread 'MainThread': missing ScriptRunContext! This warning can be ignored when running in bare mode.
2026-07-26 15:00:45.860 WARNING streamlit.runtime.state.session_state_proxy: Session state does not function when running a script without `streamlit run`
2026-07-26 15:00:45.861 WARNING streamlit.runtime.scriptrunner_utils.script_run_context: Thread 'MainThread': missing ScriptRunContext! This warning can be ignored when running in bare mode.
2026-07-26 15:00:45.861 WARNING streamlit.runtime.scriptrunner_utils.script_run_context: Thread 'MainThread': missing ScriptRunContext! This warning can be ignored when running in bare mode.
2026-07-26 15:00:45.861 WARNING streamlit.runtime.scriptrunner_utils.script_run_context: Thread 'MainThread': missing ScriptRunContext! This warning can be ignored when running in bare mode.
era_2025_full: epochs [4, 5, 6]
era_2025_h2: epochs [4, 5, 6]
n_specs=18
[kb_extra] 1/18: Học 3 tuần · Học 2025 (12 tháng) · vòng 4 · Kiểm chứng 2026
[kb_extra] 2/18: Học 3 tuần · Học 2025 (12 tháng) · vòng 5 · Kiểm chứng 2026
[kb_extra] 3/18: Học 3 tuần · Học 2025 (12 tháng) · vòng 6 · Kiểm chứng 2026
[kb_extra] 4/18: Học 3 tuần · Học 2025 (6 tháng cuối) · vòng 4 · Kiểm chứng 2026
[kb_extra] 5/18: Học 3 tuần · Học 2025 (6 tháng cuối) · vòng 5 · Kiểm chứng 2026
[kb_extra] 6/18: Học 3 tuần · Học 2025 (6 tháng cuối) · vòng 6 · Kiểm chứng 2026
[kb_extra] 7/18: Học 6 tuần · Học 2025 (12 tháng) · vòng 4 · Kiểm chứng 2026
[kb_extra] 8/18: Học 6 tuần · Học 2025 (12 tháng) · vòng 5 · Kiểm chứng 2026
[kb_extra] 9/18: Học 6 tuần · Học 2025 (12 tháng) · vòng 6 · Kiểm chứng 2026
[kb_extra] 10/18: Học 6 tuần · Học 2025 (6 tháng cuối) · vòng 4 · Kiểm chứng 2026
[kb_extra] 11/18: Học 6 tuần · Học 2025 (6 tháng cuối) · vòng 5 · Kiểm chứng 2026
[kb_extra] 12/18: Học 6 tuần · Học 2025 (6 tháng cuối) · vòng 6 · Kiểm chứng 2026
[kb_extra] 13/18: Học 9 tuần · Học 2025 (12 tháng) · vòng 4 · Kiểm chứng 2026
[kb_extra] 14/18: Học 9 tuần · Học 2025 (12 tháng) · vòng 5 · Kiểm chứng 2026
[kb_extra] 15/18: Học 9 tuần · Học 2025 (12 tháng) · vòng 6 · Kiểm chứng 2026
[kb_extra] 16/18: Học 9 tuần · Học 2025 (6 tháng cuối) · vòng 4 · Kiểm chứng 2026
[kb_extra] 17/18: Học 9 tuần · Học 2025 (6 tháng cuối) · vòng 5 · Kiểm chứng 2026
[kb_extra] 18/18: Học 9 tuần · Học 2025 (6 tháng cuối) · vòng 6 · Kiểm chứng 2026
BEST {'total_r': 184.763, 'win_rate_pct': 52.48, 'max_drawdown_r': 9.91, 'trades_per_week': 6.97, 'risk_adjusted': 18.644, 'label': 'Học 3 tuần · Học 2025 (12 tháng) · vòng 4 · Kiểm chứng 2026', 'kb_snapshot': 4, 'train_weeks': 3, 'kb_profile': 'era_2025_full'}
kb_extra not better than current latest; skip promote
DONE gs_improve_champion_plus_v0_kb_extra_20260726_151540
