
--- start 2026-07-25T21:37:54+07:00 ---
[sim-service] pid=24096 from=2026-01-01 to=2026-07-15 delay_ms=1 model=tm_m15_best_2_49216b56
[sim-service] finished status=stopped

--- start 2026-07-25T21:44:03+07:00 ---
[sim-service] pid=24892 from=2026-01-01 to=2026-01-15 delay_ms=100 model=tm_m15_best_2_49216b56

--- start 2026-07-25T21:53:07+07:00 ---
[sim-service] pid=33680 from=2026-01-01 to=2026-07-15 delay_ms=1 model=tm_m15_best_2_49216b56
[sim-service] finished status=stopped

--- start 2026-07-25T22:02:53+07:00 ---
[sim-service] pid=10952 from=2026-02-02 to=2026-07-15 delay_ms=1 model=tm_m15_best_2_49216b56

--- start 2026-07-25T23:37:26+07:00 ---
[sim-service] pid=31052 from=2026-01-01 to=2026-01-15 delay_ms=100 model=tm_m15_best_2_49216b56
[sim-service] finished status=completed

--- start 2026-07-25T23:41:06+07:00 ---
[sim-service] pid=5640 from=2026-01-01 to=2026-07-15 delay_ms=20 model=tm_m15_best_2_49216b56
[sim-service] finished status=stopped

--- start 2026-07-26T09:06:25+07:00 ---
[sim-service] pid=17856 from=2026-01-01 to=2026-03-09 delay_ms=10 model=tm_m15_best_2_49216b56
[sim-control] exit status=completed bars=4484/4484 ea=completed err=None
[sim-service] finished status=completed reason=- bars=4484/4484 last=2026.03.09 23:45

--- start 2026-07-26T09:35:39+07:00 ---
[sim-service] pid=29068 from=2026-01-01 to=2026-03-13 delay_ms=10 model=tm_m15_best_2_49216b56
[sim-control] exit status=completed bars=4864/4864 ea=completed err=None
[sim-service] finished status=completed reason=- bars=4864/4864 last=2026.03.13 22:45

--- start 2026-07-26T11:09:19+07:00 ---
[sim-service] pid=25112 from=2026-01-01 to=2026-07-17 delay_ms=10 model=tm_m15_best_2_49216b56
[sim-control] exit status=completed bars=13504/13504 ea=completed err=None
[sim-service] finished status=completed reason=- bars=13504/13504 last=2026.07.17 23:45

--- start 2026-07-26T12:05:45+07:00 ---
[sim-service] pid=2844 from=2026-01-01 to=2026-07-17 delay_ms=10 model=tm_m15_best_2_49216b56
[sim-control] exit status=completed bars=13504/13504 ea=completed err=None
[sim-service] finished status=completed reason=- bars=13504/13504 last=2026.07.17 23:45

--- start 2026-07-27T20:30:37+07:00 ---
[sim-service] pid=32136 from=2026-01-01 to=2026-07-17 delay_ms=10 model=tm_m15_best_2_49216b56
[sim-bridge] canonical history bars=38785 fp=5a1f7bd0f375

--- start 2026-07-27T20:31:24+07:00 ---
[sim-service] pid=29944 from=2026-01-01 to=2026-07-17 delay_ms=10 model=tm_m15_best_2_49216b56
[sim-bridge] canonical history bars=38785 fp=5a1f7bd0f375
[bridge] schedule week=2025-12-29 strategy=Forge RR3 full 2L5S bb+zscore #99B5 fm_len=38785 train_bars=1296 fp=5a1f7bd0f375
[bridge] schedule week=2026-01-05 strategy=Forge RR3 full 2L4S bb+zscore #9C3A fm_len=38785 train_bars=1152 fp=5a1f7bd0f375
[bridge] schedule week=2026-01-12 strategy=Forge RR3 full 2L5S bb+zscore #FE55 fm_len=38785 train_bars=1152 fp=5a1f7bd0f375
[bridge] schedule week=2026-01-19 strategy=Forge RR3 full 2L5S bb+macd #8998 fm_len=38785 train_bars=1296 fp=5a1f7bd0f375
[bridge] schedule week=2026-01-26 strategy=Forge RR3 full 2L5S bb+zscore #1A9C fm_len=38785 train_bars=1440 fp=5a1f7bd0f375
[bridge] schedule week=2026-02-02 strategy=Forge RR3 hybrid 2L5S bb+zscore #F726 fm_len=38785 train_bars=1440 fp=5a1f7bd0f375
[bridge] schedule week=2026-02-09 strategy=Forge RR3 full 2L5S bb+zscore #0B09 fm_len=38785 train_bars=1440 fp=5a1f7bd0f375
[bridge] schedule week=2026-02-16 strategy=Forge RR2.5 full 2L5S bb+zscore #86D3 fm_len=38785 train_bars=1440 fp=5a1f7bd0f375
[bridge] schedule week=2026-02-23 strategy=Forge RR3 full 2L5S bb+zscore #99B5 fm_len=38785 train_bars=1440 fp=5a1f7bd0f375
[bridge] schedule week=2026-03-02 strategy=Forge RR3 full 2L5S bb+zscore #3C4F fm_len=38785 train_bars=1440 fp=5a1f7bd0f375
[bridge] schedule week=2026-03-09 strategy=Forge RR3 full 2L5S bb+zscore #8C6D fm_len=38785 train_bars=1444 fp=5a1f7bd0f375
[bridge] schedule week=2026-03-16 strategy=Forge RR3 full 2L5S bb+zscore #1665 fm_len=38785 train_bars=1444 fp=5a1f7bd0f375
[bridge] schedule week=2026-03-23 strategy=Forge RR3 full 2L5S bb+zscore #1C68 fm_len=38785 train_bars=1444 fp=5a1f7bd0f375
[bridge] schedule week=2026-03-30 strategy=Forge RR3 full 2L5S bb+zscore #8B7A fm_len=38785 train_bars=1440 fp=5a1f7bd0f375
[bridge] schedule week=2026-04-06 strategy=Forge RR3 hybrid 2L5S bb+zscore #070B fm_len=38785 train_bars=1440 fp=5a1f7bd0f375
[bridge] schedule week=2026-04-13 strategy=Forge RR2.5 full 2L5S bb+zscore #9308 fm_len=38785 train_bars=1440 fp=5a1f7bd0f375
[bridge] schedule week=2026-04-20 strategy=Forge RR2.5 hybrid 2L5S bb+zscore #A03B fm_len=38785 train_bars=1440 fp=5a1f7bd0f375
[bridge] schedule week=2026-04-27 strategy=Forge RR3 full 2L5S bb+zscore #EE7C fm_len=38785 train_bars=1440 fp=5a1f7bd0f375
[bridge] schedule week=2026-05-04 strategy=Forge RR2.5 full 2L5S bb+zscore #A267 fm_len=38785 train_bars=1440 fp=5a1f7bd0f375
[bridge] schedule week=2026-05-11 strategy=Forge RR3 full 2L5S bb+zscore #E6B5 fm_len=38785 train_bars=1440 fp=5a1f7bd0f375
[bridge] schedule week=2026-05-18 strategy=Forge RR3 full 2L5S bb+zscore #8B7A fm_len=38785 train_bars=1440 fp=5a1f7bd0f375
[bridge] schedule week=2026-05-25 strategy=Forge RR3 full 2L5S bb+zscore #C611 fm_len=38785 train_bars=1440 fp=5a1f7bd0f375
[bridge] schedule week=2026-06-01 strategy=Forge RR3 full 2L4S bb+zscore #0CCA fm_len=38785 train_bars=1440 fp=5a1f7bd0f375
[bridge] schedule week=2026-06-08 strategy=Forge RR3 full 2L5S bb+zscore #E3A7 fm_len=38785 train_bars=1440 fp=5a1f7bd0f375
[bridge] schedule week=2026-06-15 strategy=Forge RR3 full 2L5S bb+zscore #718F fm_len=38785 train_bars=1440 fp=5a1f7bd0f375
[bridge] schedule week=2026-06-22 strategy=Forge RR3 full 2L5S bb+zscore #E6B5 fm_len=38786 train_bars=1440 fp=5a1f7bd0f375
[bridge] schedule week=2026-06-29 strategy=Forge RR3 full 2L5S bb+zscore #F909 fm_len=38786 train_bars=1440 fp=5a1f7bd0f375
[bridge] schedule week=2026-07-06 strategy=Forge RR3 full 2L5S bb+zscore #1F28 fm_len=38786 train_bars=1440 fp=5a1f7bd0f375
[bridge] schedule week=2026-07-13 strategy=Forge RR3 full 2L5S bb+zscore #4AEA fm_len=38786 train_bars=1440 fp=5a1f7bd0f375
[sim-control] exit status=completed bars=13504/13504 ea=completed err=None
[sim-service] finished status=completed reason=- bars=13504/13504 last=2026.07.17 23:45

--- start 2026-07-27T21:33:29+07:00 ---
[sim-service] pid=7508 from=2026-01-01 to=2026-07-17 delay_ms=10 model=tm_m15_best_2_49216b56
[sim-bridge] canonical history bars=38788 fp=5a1f7bd0f375
[bridge] schedule week=2025-12-29 strategy=Forge RR3 full 2L5S bb+zscore #99B5 fm_len=38788 train_bars=1296 fp=5a1f7bd0f375
[bridge] schedule week=2026-01-05 strategy=Forge RR3 full 2L4S bb+zscore #9C3A fm_len=38788 train_bars=1152 fp=5a1f7bd0f375
[bridge] schedule week=2026-01-12 strategy=Forge RR3 full 2L5S bb+zscore #FE55 fm_len=38788 train_bars=1152 fp=5a1f7bd0f375
[bridge] schedule week=2026-01-19 strategy=Forge RR3 full 2L5S bb+macd #8998 fm_len=38788 train_bars=1296 fp=5a1f7bd0f375
[bridge] schedule week=2026-01-26 strategy=Forge RR3 full 2L5S bb+zscore #1A9C fm_len=38788 train_bars=1440 fp=5a1f7bd0f375
[bridge] schedule week=2026-02-02 strategy=Forge RR3 hybrid 2L5S bb+zscore #F726 fm_len=38788 train_bars=1440 fp=5a1f7bd0f375
[bridge] schedule week=2026-02-09 strategy=Forge RR3 full 2L5S bb+zscore #0B09 fm_len=38788 train_bars=1440 fp=5a1f7bd0f375
[bridge] schedule week=2026-02-16 strategy=Forge RR2.5 full 2L5S bb+zscore #86D3 fm_len=38788 train_bars=1440 fp=5a1f7bd0f375
[bridge] schedule week=2026-02-23 strategy=Forge RR3 full 2L5S bb+zscore #99B5 fm_len=38788 train_bars=1440 fp=5a1f7bd0f375
[bridge] schedule week=2026-03-02 strategy=Forge RR3 full 2L5S bb+zscore #3C4F fm_len=38788 train_bars=1440 fp=5a1f7bd0f375
[bridge] schedule week=2026-03-09 strategy=Forge RR3 full 2L5S bb+zscore #8C6D fm_len=38788 train_bars=1444 fp=5a1f7bd0f375
[bridge] schedule week=2026-03-16 strategy=Forge RR3 full 2L5S bb+zscore #1665 fm_len=38788 train_bars=1444 fp=5a1f7bd0f375
[bridge] schedule week=2026-03-23 strategy=Forge RR3 full 2L5S bb+zscore #1C68 fm_len=38788 train_bars=1444 fp=5a1f7bd0f375
[bridge] schedule week=2026-03-30 strategy=Forge RR3 full 2L5S bb+zscore #8B7A fm_len=38788 train_bars=1440 fp=5a1f7bd0f375
[bridge] schedule week=2026-04-06 strategy=Forge RR3 hybrid 2L5S bb+zscore #070B fm_len=38788 train_bars=1440 fp=5a1f7bd0f375
[bridge] schedule week=2026-04-13 strategy=Forge RR2.5 full 2L5S bb+zscore #9308 fm_len=38788 train_bars=1440 fp=5a1f7bd0f375
[bridge] schedule week=2026-04-20 strategy=Forge RR2.5 hybrid 2L5S bb+zscore #A03B fm_len=38788 train_bars=1440 fp=5a1f7bd0f375
[bridge] schedule week=2026-04-27 strategy=Forge RR3 full 2L5S bb+zscore #EE7C fm_len=38788 train_bars=1440 fp=5a1f7bd0f375
[bridge] schedule week=2026-05-04 strategy=Forge RR2.5 full 2L5S bb+zscore #A267 fm_len=38788 train_bars=1440 fp=5a1f7bd0f375
[bridge] schedule week=2026-05-11 strategy=Forge RR3 full 2L5S bb+zscore #E6B5 fm_len=38788 train_bars=1440 fp=5a1f7bd0f375
[bridge] schedule week=2026-05-18 strategy=Forge RR3 full 2L5S bb+zscore #8B7A fm_len=38788 train_bars=1440 fp=5a1f7bd0f375
[bridge] schedule week=2026-05-25 strategy=Forge RR3 full 2L5S bb+zscore #C611 fm_len=38788 train_bars=1440 fp=5a1f7bd0f375
[bridge] schedule week=2026-06-01 strategy=Forge RR3 full 2L4S bb+zscore #0CCA fm_len=38788 train_bars=1440 fp=5a1f7bd0f375
[bridge] schedule week=2026-06-08 strategy=Forge RR3 full 2L5S bb+zscore #E3A7 fm_len=38788 train_bars=1440 fp=5a1f7bd0f375
[bridge] schedule week=2026-06-15 strategy=Forge RR3 full 2L5S bb+zscore #718F fm_len=38788 train_bars=1440 fp=5a1f7bd0f375
[bridge] schedule week=2026-06-22 strategy=Forge RR3 full 2L5S bb+zscore #E6B5 fm_len=38788 train_bars=1440 fp=5a1f7bd0f375
[bridge] schedule week=2026-06-29 strategy=Forge RR3 full 2L5S bb+zscore #F909 fm_len=38788 train_bars=1440 fp=5a1f7bd0f375
[bridge] schedule week=2026-07-06 strategy=Forge RR3 full 2L5S bb+zscore #1F28 fm_len=38788 train_bars=1440 fp=5a1f7bd0f375
[bridge] schedule week=2026-07-13 strategy=Forge RR3 full 2L5S bb+zscore #4AEA fm_len=38788 train_bars=1440 fp=5a1f7bd0f375
[sim-control] exit status=completed bars=13504/13504 ea=completed err=None
[sim-service] finished status=completed reason=- bars=13504/13504 last=2026.07.17 23:45

--- start 2026-07-31T22:29:26+07:00 ---
[sim-service] pid=29444 from=2026-07-27 to=2026-07-31 delay_ms=10 model=tm_m15_best_2_49216b56
[sim-bridge] canonical history bars=38789 fp=5a1f7bd0f375
[bridge] schedule week=2026-07-13 strategy=Forge RR3 full 2L5S bb+zscore #4AEA fm_len=38789 train_bars=1440 fp=5a1f7bd0f375

--- start 2026-08-01T10:18:35+07:00 ---
[sim-service] pid=17724 from=2026-07-27 to=2026-07-31 delay_ms=10 model=tm_m15_best_2_49216b56
[sim-bridge] canonical history bars=38790 fp=5a1f7bd0f375
[bridge] schedule week=2026-07-20 strategy=Forge RR3 full 2L5S bb+zscore #9133 fm_len=38791 train_bars=1440 fp=5a1f7bd0f375
[bridge] schedule week=2026-07-27 strategy=Forge RR3 full 2L5S bb+zscore #E6B5 fm_len=38801 train_bars=1427 fp=5a1f7bd0f375

--- start 2026-08-01T12:03:55+07:00 ---
[sim-service] pid=31696 from=2026-01-01 to=2026-07-17 delay_ms=10 model=tm_m15_best_2_49216b56
[sim-bridge] canonical history bars=39231 fp=5a1f7bd0f375
[bridge] schedule week=2025-12-29 strategy=Forge RR3 full 2L5S bb+zscore #99B5 fm_len=39231 train_bars=1296 fp=5a1f7bd0f375
[bridge] schedule week=2026-01-05 strategy=Forge RR3 full 2L4S bb+zscore #9C3A fm_len=39231 train_bars=1152 fp=5a1f7bd0f375
[bridge] schedule week=2026-01-12 strategy=Forge RR3 full 2L5S bb+zscore #FE55 fm_len=39231 train_bars=1152 fp=5a1f7bd0f375
[bridge] schedule week=2026-01-19 strategy=Forge RR3 full 2L5S bb+macd #8998 fm_len=39231 train_bars=1296 fp=5a1f7bd0f375
[bridge] schedule week=2026-01-26 strategy=Forge RR3 full 2L5S bb+zscore #1A9C fm_len=39231 train_bars=1440 fp=5a1f7bd0f375
[bridge] schedule week=2026-02-02 strategy=Forge RR3 hybrid 2L5S bb+zscore #F726 fm_len=39231 train_bars=1440 fp=5a1f7bd0f375
[bridge] schedule week=2026-02-09 strategy=Forge RR3 full 2L5S bb+zscore #0B09 fm_len=39231 train_bars=1440 fp=5a1f7bd0f375
[bridge] schedule week=2026-02-16 strategy=Forge RR2.5 full 2L5S bb+zscore #86D3 fm_len=39231 train_bars=1440 fp=5a1f7bd0f375
[bridge] schedule week=2026-02-23 strategy=Forge RR3 full 2L5S bb+zscore #99B5 fm_len=39231 train_bars=1440 fp=5a1f7bd0f375
[bridge] schedule week=2026-03-02 strategy=Forge RR3 full 2L5S bb+zscore #3C4F fm_len=39231 train_bars=1440 fp=5a1f7bd0f375
[bridge] schedule week=2026-03-09 strategy=Forge RR3 full 2L5S bb+zscore #8C6D fm_len=39231 train_bars=1444 fp=5a1f7bd0f375
[bridge] schedule week=2026-03-16 strategy=Forge RR3 full 2L5S bb+zscore #1665 fm_len=39231 train_bars=1444 fp=5a1f7bd0f375
[bridge] schedule week=2026-03-23 strategy=Forge RR3 full 2L5S bb+zscore #1C68 fm_len=39231 train_bars=1444 fp=5a1f7bd0f375
[bridge] schedule week=2026-03-30 strategy=Forge RR3 full 2L5S bb+zscore #8B7A fm_len=39231 train_bars=1440 fp=5a1f7bd0f375
[bridge] schedule week=2026-04-06 strategy=Forge RR3 hybrid 2L5S bb+zscore #070B fm_len=39231 train_bars=1440 fp=5a1f7bd0f375
[bridge] schedule week=2026-04-13 strategy=Forge RR2.5 full 2L5S bb+zscore #9308 fm_len=39231 train_bars=1440 fp=5a1f7bd0f375
[bridge] schedule week=2026-04-20 strategy=Forge RR2.5 hybrid 2L5S bb+zscore #A03B fm_len=39231 train_bars=1440 fp=5a1f7bd0f375
[bridge] schedule week=2026-04-27 strategy=Forge RR3 full 2L5S bb+zscore #EE7C fm_len=39231 train_bars=1440 fp=5a1f7bd0f375
[bridge] schedule week=2026-05-04 strategy=Forge RR2.5 full 2L5S bb+zscore #A267 fm_len=39231 train_bars=1440 fp=5a1f7bd0f375
[bridge] schedule week=2026-05-11 strategy=Forge RR3 full 2L5S bb+zscore #E6B5 fm_len=39231 train_bars=1440 fp=5a1f7bd0f375
[bridge] schedule week=2026-05-18 strategy=Forge RR3 full 2L5S bb+zscore #8B7A fm_len=39231 train_bars=1440 fp=5a1f7bd0f375
[bridge] schedule week=2026-05-25 strategy=Forge RR3 full 2L5S bb+zscore #C611 fm_len=39231 train_bars=1440 fp=5a1f7bd0f375
[bridge] schedule week=2026-06-01 strategy=Forge RR3 full 2L4S bb+zscore #0CCA fm_len=39231 train_bars=1440 fp=5a1f7bd0f375
[bridge] schedule week=2026-06-08 strategy=Forge RR3 full 2L5S bb+zscore #E3A7 fm_len=39231 train_bars=1440 fp=5a1f7bd0f375
[bridge] schedule week=2026-06-15 strategy=Forge RR3 full 2L5S bb+zscore #718F fm_len=39231 train_bars=1440 fp=5a1f7bd0f375
[bridge] schedule week=2026-06-22 strategy=Forge RR3 full 2L5S bb+zscore #E6B5 fm_len=39231 train_bars=1440 fp=5a1f7bd0f375
[bridge] schedule week=2026-06-29 strategy=Forge RR3 full 2L5S bb+zscore #F909 fm_len=39231 train_bars=1440 fp=5a1f7bd0f375
[bridge] schedule week=2026-07-06 strategy=Forge RR3 full 2L5S bb+zscore #1F28 fm_len=39231 train_bars=1440 fp=5a1f7bd0f375
[bridge] schedule week=2026-07-13 strategy=Forge RR3 full 2L5S bb+zscore #4AEA fm_len=39231 train_bars=1440 fp=5a1f7bd0f375
[sim-control] exit status=completed bars=13504/13504 ea=completed err=None
[sim-service] finished status=completed reason=- bars=13504/13504 last=2026.07.17 23:45

--- start 2026-08-02T10:25:56+07:00 ---
[sim-service] pid=19788 from=2026-01-01 to=2026-07-17 delay_ms=10 model=tm_h_c_6_tu_n_h_c_2025-2026-6th_bc18d887
[sim-bridge] canonical history bars=39231 fp=7f2d205df65e
[bridge] remine week=2025-12-29 strategy=Forge RR3 full 2L3S rsi+ema #DDD1 fm_len=39231 train_bars=2736 fp=7f2d205df65e
[bridge] schedule week=2026-01-05 strategy=Forge RR3 full 2L3S rsi+swing #33AB fm_len=39231 train_bars=2592 fp=7f2d205df65e
[bridge] schedule week=2026-01-12 strategy=Forge RR3 full 2L3S rsi+ema #DDD1 fm_len=39231 train_bars=2592 fp=7f2d205df65e
[bridge] schedule week=2026-01-19 strategy=Forge RR3 full 2L4S range+rsi #4C4C fm_len=39231 train_bars=2592 fp=7f2d205df65e
[bridge] schedule week=2026-01-26 strategy=Forge RR3 full 2L3S rsi+ema #DDD1 fm_len=39231 train_bars=2592 fp=7f2d205df65e
[bridge] schedule week=2026-02-02 strategy=Forge RR3 full 2L4S range+rsi #026E fm_len=39231 train_bars=2592 fp=7f2d205df65e
[bridge] schedule week=2026-02-09 strategy=Forge RR3 full 2L5S range+swing #B94B fm_len=39231 train_bars=2736 fp=7f2d205df65e
[bridge] schedule week=2026-02-16 strategy=Forge RR3 full 2L3S rsi+ema #0A83 fm_len=39231 train_bars=2880 fp=7f2d205df65e
[bridge] schedule week=2026-02-23 strategy=Forge RR3 full 2L3S rsi+range #DDD1 fm_len=39231 train_bars=2880 fp=7f2d205df65e
[bridge] schedule week=2026-03-02 strategy=Forge RR3 full 2L4S rsi+ema #506B fm_len=39231 train_bars=2880 fp=7f2d205df65e
[bridge] schedule week=2026-03-09 strategy=Forge RR3 full 2L3S rsi+swing #4520 fm_len=39231 train_bars=2884 fp=7f2d205df65e
[bridge] schedule week=2026-03-16 strategy=Forge RR3 full 2L5S range+roc #D143 fm_len=39231 train_bars=2884 fp=7f2d205df65e
[bridge] schedule week=2026-03-23 strategy=Forge RR3 full 2L4S range+rsi #7928 fm_len=39231 train_bars=2884 fp=7f2d205df65e
[bridge] schedule week=2026-03-30 strategy=Forge RR3 full 2L4S range+rsi #D579 fm_len=39231 train_bars=2884 fp=7f2d205df65e
[bridge] schedule week=2026-04-06 strategy=Forge RR3 full 2L4S range+rsi #D579 fm_len=39231 train_bars=2884 fp=7f2d205df65e
[bridge] schedule week=2026-04-13 strategy=Forge RR3 full 2L3S rsi+range #DDD1 fm_len=39231 train_bars=2884 fp=7f2d205df65e
[bridge] schedule week=2026-04-20 strategy=Forge RR3 full 2L4S swing+rsi #8B26 fm_len=39231 train_bars=2880 fp=7f2d205df65e
[bridge] schedule week=2026-04-27 strategy=Forge RR3 full 2L3S rsi+ema #9C3E fm_len=39231 train_bars=2880 fp=7f2d205df65e
[bridge] schedule week=2026-05-04 strategy=Forge RR3 full 2L3S rsi+swing #4520 fm_len=39231 train_bars=2880 fp=7f2d205df65e
[bridge] schedule week=2026-05-11 strategy=Forge RR3 full 2L3S rsi+ema #DDD1 fm_len=39231 train_bars=2880 fp=7f2d205df65e
[bridge] schedule week=2026-05-18 strategy=Forge RR3 full 2L4S rsi+range #506B fm_len=39231 train_bars=2880 fp=7f2d205df65e
[bridge] schedule week=2026-05-25 strategy=Forge RR3 full 2L3S rsi+swing #45F4 fm_len=39231 train_bars=2880 fp=7f2d205df65e
[bridge] schedule week=2026-06-01 strategy=Forge RR3 full 2L4S range+rsi #97F9 fm_len=39231 train_bars=2880 fp=7f2d205df65e
[bridge] schedule week=2026-06-08 strategy=Forge RR3 full 2L4S rsi+range #CB6E fm_len=39231 train_bars=2880 fp=7f2d205df65e
[bridge] schedule week=2026-06-15 strategy=Forge RR3 full 2L4S range+rsi #D579 fm_len=39231 train_bars=2880 fp=7f2d205df65e
[bridge] schedule week=2026-06-22 strategy=Forge RR3 full 2L4S rsi+range #9A5A fm_len=39231 train_bars=2880 fp=7f2d205df65e
[bridge] schedule week=2026-06-29 strategy=Forge RR3 full 2L4S range+rsi #D579 fm_len=39231 train_bars=2880 fp=7f2d205df65e
[bridge] schedule week=2026-07-06 strategy=Forge RR3 full 2L3S rsi+range #486F fm_len=39231 train_bars=2880 fp=7f2d205df65e
[bridge] schedule week=2026-07-13 strategy=Forge RR3 full 2L3S rsi+ema #C6E7 fm_len=39231 train_bars=2880 fp=7f2d205df65e
[sim-control] exit status=completed bars=13504/13504 ea=completed err=None
[sim-service] finished status=completed reason=- bars=13504/13504 last=2026.07.17 23:45

--- start 2026-08-03T21:23:32+07:00 ---
[sim-service] pid=5188 from=2026-01-01 to=2026-07-17 delay_ms=10 model=tm_breakthrough_elite_or_qualit_d23dbb33
[sim-bridge] canonical history bars=39235 fp=490a57dc1f9e
[bridge] remine week=2025-12-29 strategy=Forge RR3 full 2L3S rsi+range #DDD1|chase:fixed_or_rsi<58+vwap<1.5 fm_len=39235 train_bars=2736 fp=490a57dc1f9e
[bridge] schedule week=2026-01-05 strategy=Forge RR3.2 full 2L3S range+rsi #9302|chase:fixed_or_rsi<58+vwap<1.5 fm_len=39235 train_bars=2592 fp=490a57dc1f9e
[bridge] schedule week=2026-01-12 strategy=Forge RR3.2 full 2L2S rsi+ema #9560|chase:fixed_or_rsi<58+vwap<1.5 fm_len=39235 train_bars=2592 fp=490a57dc1f9e
[bridge] schedule week=2026-01-19 strategy=Forge RR3.2 full 2L4S range+rsi #84A0|chase:fixed_or_rsi<58+vwap<1.5 fm_len=39235 train_bars=2592 fp=490a57dc1f9e
[bridge] schedule week=2026-01-26 strategy=Forge RR3.2 full 2L5S range+ema #D6B5|chase:fixed_or_rsi<58+vwap<1.5 fm_len=39235 train_bars=2592 fp=490a57dc1f9e
[bridge] schedule week=2026-02-02 strategy=Forge RR2.5 full 2L5S range+swing #CB13|chase:fixed_or_rsi<58+vwap<1.5 fm_len=39235 train_bars=2592 fp=490a57dc1f9e
[bridge] schedule week=2026-02-09 strategy=Forge RR3.2 full 2L3S rsi+swing #A4EB|chase:fixed_or_rsi<58+vwap<1.5 fm_len=39235 train_bars=2736 fp=490a57dc1f9e
[bridge] schedule week=2026-02-16 strategy=Forge RR3 full 2L4S rsi+range #C82A|chase:fixed_or_rsi<58+vwap<1.5 fm_len=39235 train_bars=2880 fp=490a57dc1f9e
[bridge] schedule week=2026-02-23 strategy=Forge RR3.2 full 2L4S swing+roc #2AAB|chase:fixed_or_rsi<58+vwap<1.5 fm_len=39236 train_bars=2880 fp=490a57dc1f9e
[bridge] schedule week=2026-03-02 strategy=Forge RR3.2 full 2L5S range+swing #200D|chase:fixed_or_rsi<58+vwap<1.5 fm_len=39236 train_bars=2880 fp=490a57dc1f9e
[bridge] schedule week=2026-03-09 strategy=Forge RR3.2 full 2L3S rsi+swing #65BE|chase:fixed_or_rsi<58+vwap<1.5 fm_len=39236 train_bars=2884 fp=490a57dc1f9e
[bridge] schedule week=2026-03-16 strategy=Forge RR3 full 2L4S range+rsi #D579|chase:fixed_or_rsi<58+vwap<1.5 fm_len=39236 train_bars=2884 fp=490a57dc1f9e
[bridge] schedule week=2026-03-23 strategy=Forge RR3 full 2L4S range+rsi #D579|chase:fixed_or_rsi<58+vwap<1.5 fm_len=39236 train_bars=2884 fp=490a57dc1f9e
[bridge] schedule week=2026-03-30 strategy=Forge RR3 full 2L3S rsi+range #DDD1|chase:fixed_or_rsi<58+vwap<1.5 fm_len=39236 train_bars=2884 fp=490a57dc1f9e
[bridge] schedule week=2026-04-06 strategy=Forge RR3.2 full 2L3S rsi+ema #10EF|chase:fixed_or_rsi<58+vwap<1.5 fm_len=39236 train_bars=2884 fp=490a57dc1f9e
[bridge] schedule week=2026-04-13 strategy=Forge RR3.2 full 2L3S rsi+swing #9ED6|chase:fixed_or_rsi<58+vwap<1.5 fm_len=39236 train_bars=2884 fp=490a57dc1f9e
[bridge] schedule week=2026-04-20 strategy=Forge RR2.5 full 2L4S roc+range #60C0|chase:fixed_or_rsi<58+vwap<1.5 fm_len=39236 train_bars=2880 fp=490a57dc1f9e
[bridge] schedule week=2026-04-27 strategy=Forge RR3 full 2L3S rsi+range #DDD1|chase:fixed_or_rsi<58+vwap<1.5 fm_len=39236 train_bars=2880 fp=490a57dc1f9e
[bridge] schedule week=2026-05-04 strategy=Forge RR3.2 full 2L3S rsi+swing #1166|chase:fixed_or_rsi<58+vwap<1.5 fm_len=39236 train_bars=2880 fp=490a57dc1f9e
[bridge] schedule week=2026-05-11 strategy=Forge RR3.5 full 2L3S rsi+ema #564D|chase:fixed_or_rsi<58+vwap<1.5 fm_len=39236 train_bars=2880 fp=490a57dc1f9e
[bridge] schedule week=2026-05-18 strategy=Forge RR3.2 full 2L3S rsi+ema #CD7D|chase:fixed_or_rsi<58+vwap<1.5 fm_len=39236 train_bars=2880 fp=490a57dc1f9e
[bridge] schedule week=2026-05-25 strategy=Forge RR3.5 full 2L4S rsi+range #E789|chase:fixed_or_rsi<58+vwap<1.5 fm_len=39237 train_bars=2880 fp=490a57dc1f9e
[bridge] schedule week=2026-06-01 strategy=Forge RR3.5 full 2L4S range+rsi #6E3B|chase:fixed_or_rsi<58+vwap<1.5 fm_len=39237 train_bars=2880 fp=490a57dc1f9e
[bridge] schedule week=2026-06-08 strategy=Forge RR3 full 2L4S range+rsi #D579|chase:fixed_or_rsi<58+vwap<1.5 fm_len=39237 train_bars=2880 fp=490a57dc1f9e
[bridge] schedule week=2026-06-15 strategy=Forge RR3.2 full 2L4S rsi+range #907C|chase:fixed_or_rsi<58+vwap<1.5 fm_len=39237 train_bars=2880 fp=490a57dc1f9e
[bridge] schedule week=2026-06-22 strategy=Forge RR3.5 full 2L4S range+rsi #EC61|chase:fixed_or_rsi<58+vwap<1.5 fm_len=39237 train_bars=2880 fp=490a57dc1f9e
[bridge] schedule week=2026-06-29 strategy=Forge RR4 full 2L3S rsi+swing #3620|chase:fixed_or_rsi<58+vwap<1.5 fm_len=39237 train_bars=2880 fp=490a57dc1f9e
[bridge] schedule week=2026-07-06 strategy=Forge RR3.2 full 2L3S ema+swing #29AF|chase:fixed_or_rsi<58+vwap<1.5 fm_len=39237 train_bars=2880 fp=490a57dc1f9e
[bridge] schedule week=2026-07-13 strategy=Forge RR3.2 full 2L4S range+rsi #1D88|chase:fixed_or_rsi<58+vwap<1.5 fm_len=39237 train_bars=2880 fp=490a57dc1f9e
[sim-control] exit status=completed bars=13504/13504 ea=completed err=None
[sim-service] finished status=completed reason=- bars=13504/13504 last=2026.07.17 23:45

--- start 2026-08-07T15:21:02+07:00 ---
[sim-service] pid=28184 from=2026-01-01 to=2026-07-17 delay_ms=10 models=['tm_breakthrough_anti_chase_fixe_bdedbc09', 'tm_breakthrough_elite_or_qualit_d23dbb33']
[sim-bridge] canonical history models=['tm_breakthrough_anti_chase_fixe_bdedbc09', 'tm_breakthrough_elite_or_qualit_d23dbb33'] fp=e60f1547d6e7
[bridge] remine week=2025-12-29 strategy=Forge RR3 full 2L3S rsi+swing #2EB3|chase:fixed_or_rsi<68+vwap<99 fm_len=39317 train_bars=2736 fp=e60f1547d6e7
[bridge] schedule week=2025-12-29 strategy=Forge RR3 full 2L3S rsi+range #DDD1|chase:fixed_or_rsi<58+vwap<1.5 fm_len=39317 train_bars=2736 fp=490a57dc1f9e
[bridge] schedule week=2026-01-05 strategy=Forge RR3.2 full 2L4S range+rsi #1A4F|chase:fixed_rsi<68+vwap<99 fm_len=39317 train_bars=2592 fp=e60f1547d6e7
[bridge] schedule week=2026-01-05 strategy=Forge RR2.5 full 2L4S range+rsi #460B|chase:fixed_or_rsi<58+vwap<1.5 fm_len=39317 train_bars=2592 fp=490a57dc1f9e
[bridge] schedule week=2026-01-12 strategy=Forge RR3 full 2L4S rsi+ema #910C|chase:fixed_rsi<68+vwap<99 fm_len=39317 train_bars=2592 fp=e60f1547d6e7
[bridge] schedule week=2026-01-12 strategy=Forge RR3 full 2L4S range+rsi #0CB5|chase:fixed_or_rsi<58+vwap<1.5 fm_len=39317 train_bars=2592 fp=490a57dc1f9e
[bridge] schedule week=2026-01-19 strategy=Forge RR3 full 2L4S range+rsi #0419|chase:fixed_rsi<68+vwap<99 fm_len=39317 train_bars=2592 fp=e60f1547d6e7
[bridge] schedule week=2026-01-19 strategy=Forge RR3 full 2L4S range+rsi #B1FB|chase:fixed_or_rsi<58+vwap<1.5 fm_len=39317 train_bars=2592 fp=490a57dc1f9e
[bridge] schedule week=2026-01-26 strategy=Forge RR3 full 2L3S rsi+ema #BB49|chase:fixed_rsi<68+vwap<99 fm_len=39317 train_bars=2592 fp=e60f1547d6e7
[bridge] schedule week=2026-01-26 strategy=Forge RR4 full 2L4S range+rsi #BF1B|chase:fixed_or_rsi<58+vwap<1.5 fm_len=39317 train_bars=2592 fp=490a57dc1f9e
[bridge] schedule week=2026-02-02 strategy=Forge RR3 full 2L4S range+rsi #E965|chase:fixed_rsi<68+vwap<99 fm_len=39317 train_bars=2592 fp=e60f1547d6e7
[bridge] schedule week=2026-02-02 strategy=Forge RR3.2 full 2L4S range+rsi #2BB7|chase:fixed_or_rsi<58+vwap<1.5 fm_len=39317 train_bars=2592 fp=490a57dc1f9e
[bridge] schedule week=2026-02-09 strategy=Forge RR3 full 2L3S rsi+range #DDD1|chase:fixed_rsi<68+vwap<99 fm_len=39317 train_bars=2736 fp=e60f1547d6e7
[bridge] schedule week=2026-02-09 strategy=Forge RR3.2 full 2L5S range+swing #4E41|chase:fixed_or_rsi<58+vwap<1.5 fm_len=39317 train_bars=2736 fp=490a57dc1f9e
[bridge] schedule week=2026-02-16 strategy=Forge RR3.2 full 2L5S range+swing #F2EE|chase:fixed_rsi<68+vwap<99 fm_len=39317 train_bars=2880 fp=e60f1547d6e7
[bridge] schedule week=2026-02-16 strategy=Forge RR4 full 2L5S range+swing #68C9|chase:fixed_or_rsi<58+vwap<1.5 fm_len=39317 train_bars=2880 fp=490a57dc1f9e
[bridge] schedule week=2026-02-23 strategy=Forge RR3 full 2L4S range+rsi #5AB2|chase:fixed_rsi<68+vwap<99 fm_len=39317 train_bars=2880 fp=e60f1547d6e7
[bridge] schedule week=2026-02-23 strategy=Forge RR3.2 full 2L4S range+rsi #2BB7|chase:fixed_or_rsi<58+vwap<1.5 fm_len=39317 train_bars=2880 fp=490a57dc1f9e
[bridge] schedule week=2026-03-02 strategy=Forge RR3 full 2L3S rsi+swing #33AB|chase:fixed_rsi<68+vwap<99 fm_len=39317 train_bars=2880 fp=e60f1547d6e7
[bridge] schedule week=2026-03-02 strategy=Forge RR2.5 full 2L4S rsi+ema #E581|chase:fixed_or_rsi<58+vwap<1.5 fm_len=39317 train_bars=2880 fp=490a57dc1f9e
[bridge] schedule week=2026-03-09 strategy=Forge RR3.2 full 2L5S range+rsi #96F0|chase:fixed_rsi<68+vwap<99 fm_len=39317 train_bars=2884 fp=e60f1547d6e7
[bridge] schedule week=2026-03-09 strategy=Forge RR3 full 2L5S range+roc #D500|chase:fixed_or_rsi<58+vwap<1.5 fm_len=39317 train_bars=2884 fp=490a57dc1f9e
[bridge] schedule week=2026-03-16 strategy=Forge RR3 full 2L4S range+rsi #2AEB|chase:fixed_rsi<68+vwap<99 fm_len=39317 train_bars=2884 fp=e60f1547d6e7
[bridge] schedule week=2026-03-16 strategy=Forge RR3 full 2L4S range+rsi #83DE|chase:fixed_or_rsi<58+vwap<1.5 fm_len=39317 train_bars=2884 fp=490a57dc1f9e
[bridge] schedule week=2026-03-23 strategy=Forge RR3 full 2L4S range+rsi #D579|chase:fixed_rsi<68+vwap<99 fm_len=39317 train_bars=2884 fp=e60f1547d6e7
[bridge] schedule week=2026-03-23 strategy=Forge RR3 full 2L4S range+rsi #D579|chase:fixed_or_rsi<58+vwap<1.5 fm_len=39317 train_bars=2884 fp=490a57dc1f9e
[bridge] schedule week=2026-03-30 strategy=Forge RR3 full 2L3S rsi+swing #4520|chase:fixed_rsi<68+vwap<99 fm_len=39317 train_bars=2884 fp=e60f1547d6e7
[bridge] schedule week=2026-03-30 strategy=Forge RR3.5 full 2L4S range+swing #41E7|chase:fixed_or_rsi<58+vwap<1.5 fm_len=39317 train_bars=2884 fp=490a57dc1f9e
[bridge] schedule week=2026-04-06 strategy=Forge RR3 full 2L4S range+rsi #D579|chase:fixed_rsi<68+vwap<99 fm_len=39317 train_bars=2884 fp=e60f1547d6e7
[bridge] schedule week=2026-04-06 strategy=Forge RR3 full 2L3S rsi+swing #4520|chase:fixed_or_rsi<58+vwap<1.5 fm_len=39317 train_bars=2884 fp=490a57dc1f9e
[bridge] schedule week=2026-04-13 strategy=Forge RR3 full 2L4S rsi+ema #40FE|chase:fixed_rsi<68+vwap<99 fm_len=39317 train_bars=2884 fp=e60f1547d6e7
[bridge] schedule week=2026-04-13 strategy=Forge RR3 full 2L3S swing+rsi #F434|chase:fixed_or_rsi<58+vwap<1.5 fm_len=39317 train_bars=2884 fp=490a57dc1f9e
[bridge] schedule week=2026-04-20 strategy=Forge RR3 full 2L3S rsi+ema #7CB9|chase:fixed_rsi<68+vwap<99 fm_len=39317 train_bars=2880 fp=e60f1547d6e7
[bridge] schedule week=2026-04-20 strategy=Forge RR3 full 2L3S rsi+range #DDD1|chase:fixed_or_rsi<58+vwap<1.5 fm_len=39317 train_bars=2880 fp=490a57dc1f9e
[bridge] schedule week=2026-04-27 strategy=Forge RR3 full 2L3S rsi+ema #F372|chase:fixed_rsi<68+vwap<99 fm_len=39317 train_bars=2880 fp=e60f1547d6e7
[bridge] schedule week=2026-04-27 strategy=Forge RR3 full 2L3S rsi+swing #4520|chase:fixed_or_rsi<58+vwap<1.5 fm_len=39317 train_bars=2880 fp=490a57dc1f9e
[bridge] schedule week=2026-05-04 strategy=Forge RR3 full 2L3S swing+rsi #D833|chase:fixed_rsi<68+vwap<99 fm_len=39317 train_bars=2880 fp=e60f1547d6e7
[bridge] schedule week=2026-05-04 strategy=Forge RR3.2 full 2L3S rsi+swing #95DA|chase:fixed_or_rsi<58+vwap<1.5 fm_len=39317 train_bars=2880 fp=490a57dc1f9e
[bridge] schedule week=2026-05-11 strategy=Forge RR3.2 full 2L3S rsi+ema #4868|chase:fixed_rsi<68+vwap<99 fm_len=39317 train_bars=2880 fp=e60f1547d6e7
[bridge] schedule week=2026-05-11 strategy=Forge RR3.5 full 2L3S swing+rsi #2EB0|chase:fixed_or_rsi<58+vwap<1.5 fm_len=39317 train_bars=2880 fp=490a57dc1f9e
[bridge] schedule week=2026-05-18 strategy=Forge RR3 full 2L3S rsi+ema #69F0|chase:fixed_rsi<68+vwap<99 fm_len=39317 train_bars=2880 fp=e60f1547d6e7
[bridge] schedule week=2026-05-18 strategy=Forge RR3.5 full 2L3S rsi+ema #A357|chase:fixed_or_rsi<58+vwap<1.5 fm_len=39317 train_bars=2880 fp=490a57dc1f9e
[bridge] schedule week=2026-05-25 strategy=Forge RR3 full 2L4S rsi+range #3DDB|chase:fixed_rsi<68+vwap<99 fm_len=39317 train_bars=2880 fp=e60f1547d6e7
[bridge] schedule week=2026-05-25 strategy=Forge RR2.5 full 2L5S range+adx #046D|chase:fixed_or_rsi<58+vwap<1.5 fm_len=39317 train_bars=2880 fp=490a57dc1f9e
[bridge] schedule week=2026-06-01 strategy=Forge RR3 full 2L4S ema+range #6ECF|chase:fixed_rsi<68+vwap<99 fm_len=39317 train_bars=2880 fp=e60f1547d6e7
[bridge] schedule week=2026-06-01 strategy=Forge RR3.2 full 2L4S swing+roc #0EE6|chase:fixed_or_rsi<58+vwap<1.5 fm_len=39317 train_bars=2880 fp=490a57dc1f9e
[bridge] schedule week=2026-06-08 strategy=Forge RR3 full 2L4S range+rsi #D579|chase:fixed_rsi<68+vwap<99 fm_len=39317 train_bars=2880 fp=e60f1547d6e7
[bridge] schedule week=2026-06-08 strategy=Forge RR3.2 full 2L4S rsi+range #FDBA|chase:fixed_or_rsi<58+vwap<1.5 fm_len=39317 train_bars=2880 fp=490a57dc1f9e
[bridge] schedule week=2026-06-15 strategy=Forge RR2.5 full 2L5S range+rsi #36D6|chase:fixed_rsi<68+vwap<99 fm_len=39317 train_bars=2880 fp=e60f1547d6e7
[bridge] schedule week=2026-06-15 strategy=Forge RR3.2 full 2L5S range+swing #25BE|chase:fixed_or_rsi<58+vwap<1.5 fm_len=39317 train_bars=2880 fp=490a57dc1f9e
[bridge] schedule week=2026-06-22 strategy=Forge RR3 full 2L4S range+rsi #D579|chase:fixed_rsi<68+vwap<99 fm_len=39317 train_bars=2880 fp=e60f1547d6e7
[bridge] schedule week=2026-06-22 strategy=Forge RR3.2 full 2L4S rsi+range #86E9|chase:fixed_or_rsi<58+vwap<1.5 fm_len=39317 train_bars=2880 fp=490a57dc1f9e
[bridge] schedule week=2026-06-29 strategy=Forge RR3.2 full 2L4S range+rsi #2BB7|chase:fixed_rsi<68+vwap<99 fm_len=39317 train_bars=2880 fp=e60f1547d6e7
[bridge] schedule week=2026-06-29 strategy=Forge RR2.5 full 2L5S range+swing #CB13|chase:fixed_or_rsi<58+vwap<1.5 fm_len=39317 train_bars=2880 fp=490a57dc1f9e

--- start 2026-08-07T16:06:19+07:00 ---
[sim-service] pid=22964 from=2026-01-01 to=2026-07-17 delay_ms=10 models=['tm_breakthrough_anti_chase_fixe_748923b2', 'tm_breakthrough_elite_60_3_vwap_c1ad2c33', 'tm_h_c_3_tu_n_h_c_2025-2026-6th_f574b07e']
[sim-bridge] canonical history models=['tm_breakthrough_anti_chase_fixe_748923b2', 'tm_breakthrough_elite_60_3_vwap_c1ad2c33', 'tm_h_c_3_tu_n_h_c_2025-2026-6th_f574b07e'] fp=c58232d10b00
[bridge] remine week=2025-12-29 strategy=Forge RR3 full 2L3S rsi+swing #6FCD|chase:fixed_or_rsi<62+vwap<99 fm_len=39317 train_bars=2736 fp=c58232d10b00
[bridge] schedule week=2025-12-29 strategy=Forge RR3 full 2L3S rsi+range #DDD1|chase:fixed_or_rsi<58+vwap<1.2 fm_len=39317 train_bars=2736 fp=e645273a1366
[bridge] schedule week=2025-12-29 strategy=Forge RR3 full 2L3S rsi+range #DDD1|chase:fixed_or_rsi<58+vwap<1.5 fm_len=39317 train_bars=1296 fp=e396506059c5
[bridge] schedule week=2026-01-05 strategy=Forge RR3 full 2L3S swing+rsi #8302|chase:fixed_rsi<62+vwap<99 fm_len=39317 train_bars=2592 fp=c58232d10b00
[bridge] schedule week=2026-01-05 strategy=Forge RR3.5 full 2L4S rsi+range #FB7E|chase:fixed_or_rsi<58+vwap<1.2 fm_len=39317 train_bars=2592 fp=e645273a1366
[bridge] schedule week=2026-01-05 strategy=Forge RR3 full 2L4S range+rsi #D579|chase:fixed_or_rsi<58+vwap<1.5 fm_len=39317 train_bars=1152 fp=e396506059c5
[bridge] schedule week=2026-01-12 strategy=Forge RR3.2 full 2L4S range+ema #88AF|chase:fixed_rsi<62+vwap<99 fm_len=39317 train_bars=2592 fp=c58232d10b00
[bridge] schedule week=2026-01-12 strategy=Forge RR3 full 2L4S range+rsi #D579|chase:fixed_or_rsi<58+vwap<1.2 fm_len=39317 train_bars=2592 fp=e645273a1366
[bridge] schedule week=2026-01-12 strategy=Forge RR3.5 full 2L4S range+ema #CE8F|chase:fixed_or_rsi<58+vwap<1.5 fm_len=39317 train_bars=1152 fp=e396506059c5
[bridge] schedule week=2026-01-19 strategy=Forge RR3 full 2L4S rsi+range #BC7F|chase:fixed_rsi<62+vwap<99 fm_len=39317 train_bars=2592 fp=c58232d10b00
[bridge] schedule week=2026-01-19 strategy=Forge RR3.5 full 2L4S range+rsi #78CF|chase:fixed_or_rsi<58+vwap<1.2 fm_len=39317 train_bars=2592 fp=e645273a1366
[bridge] schedule week=2026-01-19 strategy=Forge RR3.2 full 2L3S rsi+swing #D50D|chase:fixed_or_rsi<58+vwap<1.5 fm_len=39317 train_bars=1296 fp=e396506059c5
[bridge] schedule week=2026-01-26 strategy=Forge RR3 full 2L3S rsi+swing #4520|chase:fixed_rsi<62+vwap<99 fm_len=39317 train_bars=2592 fp=c58232d10b00
[bridge] schedule week=2026-01-26 strategy=Forge RR4 full 2L5S range+swing #1062|chase:fixed_or_rsi<58+vwap<1.2 fm_len=39317 train_bars=2592 fp=e645273a1366
[bridge] schedule week=2026-01-26 strategy=Forge RR3.5 full 2L5S range+roc #B083|chase:fixed_or_rsi<58+vwap<1.5 fm_len=39317 train_bars=1440 fp=e396506059c5
[bridge] schedule week=2026-02-02 strategy=Forge RR3 full 2L4S rsi+range #BC7F|chase:fixed_rsi<62+vwap<99 fm_len=39317 train_bars=2592 fp=c58232d10b00
[bridge] schedule week=2026-02-02 strategy=Forge RR2.5 full 2L5S range+swing #CB13|chase:fixed_or_rsi<58+vwap<1.2 fm_len=39317 train_bars=2592 fp=e645273a1366
[bridge] schedule week=2026-02-02 strategy=Forge RR2.5 full 2L5S range+swing #FBBC|chase:fixed_or_rsi<58+vwap<1.5 fm_len=39317 train_bars=1440 fp=e396506059c5
[bridge] schedule week=2026-02-09 strategy=Forge RR3 full 2L3S ema+rsi #61EF|chase:fixed_rsi<62+vwap<99 fm_len=39317 train_bars=2736 fp=c58232d10b00
[bridge] schedule week=2026-02-09 strategy=Forge RR3.5 full 2L3S rsi+ema #7B91|chase:fixed_or_rsi<58+vwap<1.2 fm_len=39317 train_bars=2736 fp=e645273a1366
[bridge] schedule week=2026-02-09 strategy=Forge RR3 full 2L3S rsi+ema #95A5|chase:fixed_or_rsi<58+vwap<1.5 fm_len=39317 train_bars=1440 fp=e396506059c5
[bridge] schedule week=2026-02-16 strategy=Forge RR3 full 2L5S range+swing #7300|chase:fixed_rsi<62+vwap<99 fm_len=39317 train_bars=2880 fp=c58232d10b00
[bridge] schedule week=2026-02-16 strategy=Forge RR4 full 2L5S range+roc #45E6|chase:fixed_or_rsi<58+vwap<1.2 fm_len=39317 train_bars=2880 fp=e645273a1366
[bridge] schedule week=2026-02-16 strategy=Forge RR3.5 full 2L4S range+rsi #DD8D|chase:fixed_or_rsi<58+vwap<1.5 fm_len=39317 train_bars=1440 fp=e396506059c5
[bridge] schedule week=2026-02-23 strategy=Forge RR3 full 2L4S range+rsi #EA85|chase:fixed_rsi<62+vwap<99 fm_len=39317 train_bars=2880 fp=c58232d10b00
[bridge] schedule week=2026-02-23 strategy=Forge RR3.5 full 2L4S range+rsi #DD8D|chase:fixed_or_rsi<58+vwap<1.2 fm_len=39317 train_bars=2880 fp=e645273a1366
[bridge] schedule week=2026-02-23 strategy=Forge RR3.2 full 2L5S range+swing #0078|chase:fixed_or_rsi<58+vwap<1.5 fm_len=39317 train_bars=1440 fp=e396506059c5
[bridge] schedule week=2026-03-02 strategy=Forge RR3.2 full 2L3S rsi+swing #95DA|chase:fixed_rsi<62+vwap<99 fm_len=39317 train_bars=2880 fp=c58232d10b00
[bridge] schedule week=2026-03-02 strategy=Forge RR3 full 2L3S swing+rsi #7B01|chase:fixed_or_rsi<58+vwap<1.2 fm_len=39317 train_bars=2880 fp=e645273a1366
[bridge] schedule week=2026-03-02 strategy=Forge RR3 full 2L3S rsi+swing #BD30|chase:fixed_or_rsi<58+vwap<1.5 fm_len=39317 train_bars=1440 fp=e396506059c5
[bridge] schedule week=2026-03-09 strategy=Forge RR3 full 2L2S swing+ema #B06A|chase:fixed_rsi<62+vwap<99 fm_len=39317 train_bars=2884 fp=c58232d10b00
[bridge] schedule week=2026-03-09 strategy=Forge RR3.5 full 2L4S range+ema #EE38|chase:fixed_or_rsi<58+vwap<1.2 fm_len=39317 train_bars=2884 fp=e645273a1366
[bridge] schedule week=2026-03-09 strategy=Forge RR4 full 2L4S rsi+ema #6829|chase:fixed_or_rsi<58+vwap<1.5 fm_len=39317 train_bars=1444 fp=e396506059c5
[bridge] schedule week=2026-03-16 strategy=Forge RR3 full 2L4S range+rsi #B1FB|chase:fixed_rsi<62+vwap<99 fm_len=39318 train_bars=2884 fp=c58232d10b00
[bridge] schedule week=2026-03-16 strategy=Forge RR4 full 2L3S rsi+swing #3620|chase:fixed_or_rsi<58+vwap<1.2 fm_len=39318 train_bars=2884 fp=e645273a1366
[bridge] schedule week=2026-03-16 strategy=Forge RR4 full 2L3S rsi+ema #4FBB|chase:fixed_or_rsi<58+vwap<1.5 fm_len=39318 train_bars=1444 fp=e396506059c5
[bridge] schedule week=2026-03-23 strategy=Forge RR2.5 full 2L4S range+rsi #A1AE|chase:fixed_rsi<62+vwap<99 fm_len=39318 train_bars=2884 fp=c58232d10b00
[bridge] schedule week=2026-03-23 strategy=Forge RR3 full 2L4S range+rsi #D579|chase:fixed_or_rsi<58+vwap<1.2 fm_len=39318 train_bars=2884 fp=e645273a1366
[bridge] schedule week=2026-03-23 strategy=Forge RR3 full 2L3S swing+rsi #4769|chase:fixed_or_rsi<58+vwap<1.5 fm_len=39318 train_bars=1444 fp=e396506059c5
[bridge] schedule week=2026-03-30 strategy=Forge RR3 full 2L3S rsi+range #DDD1|chase:fixed_rsi<62+vwap<99 fm_len=39318 train_bars=2884 fp=c58232d10b00
[bridge] schedule week=2026-03-30 strategy=Forge RR3.5 full 2L4S rsi+ema #CD15|chase:fixed_or_rsi<58+vwap<1.2 fm_len=39318 train_bars=2884 fp=e645273a1366
[bridge] schedule week=2026-03-30 strategy=Forge RR3 full 2L4S range+rsi #D579|chase:fixed_or_rsi<58+vwap<1.5 fm_len=39318 train_bars=1440 fp=e396506059c5
[bridge] schedule week=2026-04-06 strategy=Forge RR3 full 2L4S range+rsi #D579|chase:fixed_rsi<62+vwap<99 fm_len=39318 train_bars=2884 fp=c58232d10b00
[bridge] schedule week=2026-04-06 strategy=Forge RR3 full 2L4S range+rsi #D579|chase:fixed_or_rsi<58+vwap<1.2 fm_len=39318 train_bars=2884 fp=e645273a1366
[bridge] schedule week=2026-04-06 strategy=Forge RR3.2 full 2L4S rsi+ema #6317|chase:fixed_or_rsi<58+vwap<1.5 fm_len=39318 train_bars=1440 fp=e396506059c5
[bridge] schedule week=2026-04-13 strategy=Forge RR3.2 full 2L3S rsi+swing #D4C2|chase:fixed_rsi<62+vwap<99 fm_len=39319 train_bars=2884 fp=c58232d10b00
[bridge] schedule week=2026-04-13 strategy=Forge RR3.5 full 2L4S rsi+ema #05C6|chase:fixed_or_rsi<58+vwap<1.2 fm_len=39319 train_bars=2884 fp=e645273a1366
[bridge] schedule week=2026-04-13 strategy=Forge RR3.2 full 2L3S rsi+ema #1BBC|chase:fixed_or_rsi<58+vwap<1.5 fm_len=39319 train_bars=1440 fp=e396506059c5
[bridge] schedule week=2026-04-20 strategy=Forge RR3 full 2L3S rsi+swing #0874|chase:fixed_rsi<62+vwap<99 fm_len=39319 train_bars=2880 fp=c58232d10b00
[bridge] schedule week=2026-04-20 strategy=Forge RR3.5 full 2L4S rsi+ema #0D42|chase:fixed_or_rsi<58+vwap<1.2 fm_len=39319 train_bars=2880 fp=e645273a1366
[bridge] schedule week=2026-04-20 strategy=Forge RR3 full 2L4S rsi+range #B7DA|chase:fixed_or_rsi<58+vwap<1.5 fm_len=39319 train_bars=1440 fp=e396506059c5
[bridge] schedule week=2026-04-27 strategy=Forge RR3 full 2L3S ema+rsi #0BFF|chase:fixed_rsi<62+vwap<99 fm_len=39319 train_bars=2880 fp=c58232d10b00
[bridge] schedule week=2026-04-27 strategy=Forge RR3.5 full 2L3S swing+rsi #F0A8|chase:fixed_or_rsi<58+vwap<1.2 fm_len=39319 train_bars=2880 fp=e645273a1366
[bridge] schedule week=2026-04-27 strategy=Forge RR3.2 full 2L4S range+rsi #55D3|chase:fixed_or_rsi<58+vwap<1.5 fm_len=39319 train_bars=1440 fp=e396506059c5
[bridge] schedule week=2026-05-04 strategy=Forge RR3 full 2L3S swing+rsi #8302|chase:fixed_rsi<62+vwap<99 fm_len=39319 train_bars=2880 fp=c58232d10b00
[bridge] schedule week=2026-05-04 strategy=Forge RR3 full 2L4S range+rsi #D579|chase:fixed_or_rsi<58+vwap<1.2 fm_len=39319 train_bars=2880 fp=e645273a1366
[bridge] schedule week=2026-05-04 strategy=Forge RR3.2 full 2L4S range+rsi #C1DE|chase:fixed_or_rsi<58+vwap<1.5 fm_len=39319 train_bars=1440 fp=e396506059c5
[bridge] schedule week=2026-05-11 strategy=Forge RR3 full 2L3S swing+rsi #0805|chase:fixed_rsi<62+vwap<99 fm_len=39319 train_bars=2880 fp=c58232d10b00
[bridge] schedule week=2026-05-11 strategy=Forge RR3.5 full 2L4S range+rsi #DD8D|chase:fixed_or_rsi<58+vwap<1.2 fm_len=39319 train_bars=2880 fp=e645273a1366
[bridge] schedule week=2026-05-11 strategy=Forge RR4 full 2L3S ema+rsi #7F9F|chase:fixed_or_rsi<58+vwap<1.5 fm_len=39319 train_bars=1440 fp=e396506059c5
[bridge] schedule week=2026-05-18 strategy=Forge RR3 full 2L3S rsi+ema #53DF|chase:fixed_rsi<62+vwap<99 fm_len=39319 train_bars=2880 fp=c58232d10b00
[bridge] schedule week=2026-05-18 strategy=Forge RR3.5 full 2L3S rsi+ema #A357|chase:fixed_or_rsi<58+vwap<1.2 fm_len=39319 train_bars=2880 fp=e645273a1366
[bridge] schedule week=2026-05-18 strategy=Forge RR3.5 full 2L5S range+roc #5819|chase:fixed_or_rsi<58+vwap<1.5 fm_len=39319 train_bars=1440 fp=e396506059c5
[bridge] schedule week=2026-05-25 strategy=Forge RR3 full 2L3S rsi+swing #6ABD|chase:fixed_rsi<62+vwap<99 fm_len=39319 train_bars=2880 fp=c58232d10b00
[bridge] schedule week=2026-05-25 strategy=Forge RR4 full 2L3S rsi+swing #3620|chase:fixed_or_rsi<58+vwap<1.2 fm_len=39319 train_bars=2880 fp=e645273a1366
[bridge] schedule week=2026-05-25 strategy=Forge RR3.2 full 2L4S range+rsi #BDB2|chase:fixed_or_rsi<58+vwap<1.5 fm_len=39319 train_bars=1440 fp=e396506059c5
[bridge] schedule week=2026-06-01 strategy=Forge RR3 full 2L4S range+rsi #B1FB|chase:fixed_rsi<62+vwap<99 fm_len=39319 train_bars=2880 fp=c58232d10b00
[bridge] schedule week=2026-06-01 strategy=Forge RR3.5 full 2L4S swing+roc #0369|chase:fixed_or_rsi<58+vwap<1.2 fm_len=39319 train_bars=2880 fp=e645273a1366
[bridge] schedule week=2026-06-01 strategy=Forge RR3 full 2L4S range+rsi #36BE|chase:fixed_or_rsi<58+vwap<1.5 fm_len=39319 train_bars=1440 fp=e396506059c5
[bridge] schedule week=2026-06-08 strategy=Forge RR3 full 2L4S rsi+range #74F8|chase:fixed_rsi<62+vwap<99 fm_len=39319 train_bars=2880 fp=c58232d10b00
[bridge] schedule week=2026-06-08 strategy=Forge RR3.5 full 2L3S rsi+range #47EF|chase:fixed_or_rsi<58+vwap<1.2 fm_len=39319 train_bars=2880 fp=e645273a1366
[bridge] schedule week=2026-06-08 strategy=Forge RR3 full 2L4S swing+range #0C55|chase:fixed_or_rsi<58+vwap<1.5 fm_len=39319 train_bars=1440 fp=e396506059c5
[bridge] schedule week=2026-06-15 strategy=Forge RR2.5 full 2L5S range+swing #220B|chase:fixed_rsi<62+vwap<99 fm_len=39320 train_bars=2880 fp=c58232d10b00
[bridge] schedule week=2026-06-15 strategy=Forge RR3.5 full 2L4S rsi+range #88C4|chase:fixed_or_rsi<58+vwap<1.2 fm_len=39320 train_bars=2880 fp=e645273a1366
[bridge] schedule week=2026-06-15 strategy=Forge RR3 full 2L3S swing+rsi #C018|chase:fixed_or_rsi<58+vwap<1.5 fm_len=39320 train_bars=1440 fp=e396506059c5
[bridge] schedule week=2026-06-22 strategy=Forge RR3.2 full 2L4S rsi+range #D950|chase:fixed_rsi<62+vwap<99 fm_len=39320 train_bars=2880 fp=c58232d10b00
[bridge] schedule week=2026-06-22 strategy=Forge RR3 full 2L4S range+rsi #D579|chase:fixed_or_rsi<58+vwap<1.2 fm_len=39320 train_bars=2880 fp=e645273a1366
[bridge] schedule week=2026-06-22 strategy=Forge RR4 full 2L4S range+rsi #DB1E|chase:fixed_or_rsi<58+vwap<1.5 fm_len=39320 train_bars=1440 fp=e396506059c5
[bridge] schedule week=2026-06-29 strategy=Forge RR3 full 2L4S swing+roc #EC17|chase:fixed_rsi<62+vwap<99 fm_len=39320 train_bars=2880 fp=c58232d10b00
[bridge] schedule week=2026-06-29 strategy=Forge RR3 full 2L4S range+rsi #D579|chase:fixed_or_rsi<58+vwap<1.2 fm_len=39320 train_bars=2880 fp=e645273a1366
[bridge] schedule week=2026-06-29 strategy=Forge RR4 full 2L3S swing+rsi #1CB3|chase:fixed_or_rsi<58+vwap<1.5 fm_len=39320 train_bars=1440 fp=e396506059c5
[bridge] schedule week=2026-07-06 strategy=Forge RR3.2 full 2L4S rsi+ema #6376|chase:fixed_rsi<62+vwap<99 fm_len=39320 train_bars=2880 fp=c58232d10b00
[bridge] schedule week=2026-07-06 strategy=Forge RR3 full 2L4S range+rsi #D579|chase:fixed_or_rsi<58+vwap<1.2 fm_len=39320 train_bars=2880 fp=e645273a1366
[bridge] schedule week=2026-07-06 strategy=Forge RR2.5 full 2L5S range+swing #CB13|chase:fixed_or_rsi<58+vwap<1.5 fm_len=39320 train_bars=1440 fp=e396506059c5
[bridge] schedule week=2026-07-13 strategy=Forge RR3 full 2L4S swing+range #0C55|chase:fixed_rsi<62+vwap<99 fm_len=39320 train_bars=2880 fp=c58232d10b00
[bridge] schedule week=2026-07-13 strategy=Forge RR3.5 full 2L3S rsi+ema #177B|chase:fixed_or_rsi<58+vwap<1.2 fm_len=39320 train_bars=2880 fp=e645273a1366
[bridge] schedule week=2026-07-13 strategy=Forge RR3.5 full 2L4S range+rsi #EC61|chase:fixed_or_rsi<58+vwap<1.5 fm_len=39320 train_bars=1440 fp=e396506059c5
[sim-control] exit status=completed bars=13504/13504 ea=completed err=None
[sim-service] finished status=completed reason=- bars=13504/13504 last=2026.07.17 23:45

--- start 2026-08-07T17:25:25+07:00 ---
[sim-service] pid=27316 from=2026-01-01 to=2026-07-17 delay_ms=10 models=['tm_breakthrough_anti_chase_fixe_748923b2', 'tm_breakthrough_elite_60_3_vwap_c1ad2c33', 'tm_h_c_3_tu_n_h_c_2025-2026-6th_f574b07e']
[sim-bridge] canonical history models=['tm_breakthrough_anti_chase_fixe_748923b2', 'tm_breakthrough_elite_60_3_vwap_c1ad2c33', 'tm_h_c_3_tu_n_h_c_2025-2026-6th_f574b07e'] fp=c58232d10b00
[bridge] schedule week=2025-12-29 strategy=Forge RR3 full 2L3S rsi+swing #6FCD|chase:fixed_or_rsi<62+vwap<99 fm_len=39322 train_bars=2736 fp=c58232d10b00
[bridge] schedule week=2025-12-29 strategy=Forge RR3 full 2L3S rsi+range #DDD1|chase:fixed_or_rsi<58+vwap<1.2 fm_len=39322 train_bars=2736 fp=e645273a1366
[bridge] schedule week=2025-12-29 strategy=Forge RR3 full 2L3S rsi+range #DDD1|chase:fixed_or_rsi<58+vwap<1.5 fm_len=39322 train_bars=1296 fp=e396506059c5
[bridge] schedule week=2026-01-05 strategy=Forge RR3 full 2L3S swing+rsi #8302|chase:fixed_rsi<62+vwap<99 fm_len=39322 train_bars=2592 fp=c58232d10b00
[bridge] schedule week=2026-01-05 strategy=Forge RR3.5 full 2L4S rsi+range #FB7E|chase:fixed_or_rsi<58+vwap<1.2 fm_len=39322 train_bars=2592 fp=e645273a1366
[bridge] schedule week=2026-01-05 strategy=Forge RR3 full 2L4S range+rsi #D579|chase:fixed_or_rsi<58+vwap<1.5 fm_len=39322 train_bars=1152 fp=e396506059c5
[bridge] schedule week=2026-01-12 strategy=Forge RR3.2 full 2L4S range+ema #88AF|chase:fixed_rsi<62+vwap<99 fm_len=39322 train_bars=2592 fp=c58232d10b00
[bridge] schedule week=2026-01-12 strategy=Forge RR3 full 2L4S range+rsi #D579|chase:fixed_or_rsi<58+vwap<1.2 fm_len=39322 train_bars=2592 fp=e645273a1366
[bridge] schedule week=2026-01-12 strategy=Forge RR3.5 full 2L4S range+ema #CE8F|chase:fixed_or_rsi<58+vwap<1.5 fm_len=39322 train_bars=1152 fp=e396506059c5
[bridge] schedule week=2026-01-19 strategy=Forge RR3 full 2L4S rsi+range #BC7F|chase:fixed_rsi<62+vwap<99 fm_len=39322 train_bars=2592 fp=c58232d10b00
[bridge] schedule week=2026-01-19 strategy=Forge RR3.5 full 2L4S range+rsi #78CF|chase:fixed_or_rsi<58+vwap<1.2 fm_len=39322 train_bars=2592 fp=e645273a1366
[bridge] schedule week=2026-01-19 strategy=Forge RR3.2 full 2L3S rsi+swing #D50D|chase:fixed_or_rsi<58+vwap<1.5 fm_len=39322 train_bars=1296 fp=e396506059c5
[bridge] schedule week=2026-01-26 strategy=Forge RR3 full 2L3S rsi+swing #4520|chase:fixed_rsi<62+vwap<99 fm_len=39323 train_bars=2592 fp=c58232d10b00
[bridge] schedule week=2026-01-26 strategy=Forge RR4 full 2L5S range+swing #1062|chase:fixed_or_rsi<58+vwap<1.2 fm_len=39323 train_bars=2592 fp=e645273a1366
[bridge] schedule week=2026-01-26 strategy=Forge RR3.5 full 2L5S range+roc #B083|chase:fixed_or_rsi<58+vwap<1.5 fm_len=39323 train_bars=1440 fp=e396506059c5
[bridge] schedule week=2026-02-02 strategy=Forge RR3 full 2L4S rsi+range #BC7F|chase:fixed_rsi<62+vwap<99 fm_len=39323 train_bars=2592 fp=c58232d10b00
[bridge] schedule week=2026-02-02 strategy=Forge RR2.5 full 2L5S range+swing #CB13|chase:fixed_or_rsi<58+vwap<1.2 fm_len=39323 train_bars=2592 fp=e645273a1366
[bridge] schedule week=2026-02-02 strategy=Forge RR2.5 full 2L5S range+swing #FBBC|chase:fixed_or_rsi<58+vwap<1.5 fm_len=39323 train_bars=1440 fp=e396506059c5
[sim-control] exit status=stopped after 6 polls enabled=False ea=idle bars=0/0 last=2026.02.06 03:30
[sim-service] finished status=stopped reason=ea_disabled_or_idle bars=0/0 last=2026.02.06 03:30

--- start 2026-08-07T17:56:49+07:00 ---
[sim-service] pid=25272 from=2026-01-01 to=2026-07-17 delay_ms=10 models=['tm_breakthrough_anti_chase_fixe_748923b2', 'tm_breakthrough_elite_60_3_vwap_c1ad2c33', 'tm_h_c_3_tu_n_h_c_2025-2026-6th_f574b07e']
[sim-bridge] canonical history models=['tm_breakthrough_anti_chase_fixe_748923b2', 'tm_breakthrough_elite_60_3_vwap_c1ad2c33', 'tm_h_c_3_tu_n_h_c_2025-2026-6th_f574b07e'] fp=c58232d10b00
[bridge] schedule week=2025-12-29 strategy=Forge RR3 full 2L3S rsi+swing #6FCD|chase:fixed_or_rsi<62+vwap<99 fm_len=39324 train_bars=2736 fp=c58232d10b00
[bridge] schedule week=2025-12-29 strategy=Forge RR3 full 2L3S rsi+range #DDD1|chase:fixed_or_rsi<58+vwap<1.2 fm_len=39324 train_bars=2736 fp=e645273a1366
[bridge] schedule week=2025-12-29 strategy=Forge RR3 full 2L3S rsi+range #DDD1|chase:fixed_or_rsi<58+vwap<1.5 fm_len=39324 train_bars=1296 fp=e396506059c5
[bridge] schedule week=2026-01-05 strategy=Forge RR3 full 2L3S swing+rsi #8302|chase:fixed_rsi<62+vwap<99 fm_len=39324 train_bars=2592 fp=c58232d10b00
[bridge] schedule week=2026-01-05 strategy=Forge RR3.5 full 2L4S rsi+range #FB7E|chase:fixed_or_rsi<58+vwap<1.2 fm_len=39324 train_bars=2592 fp=e645273a1366
[bridge] schedule week=2026-01-05 strategy=Forge RR3 full 2L4S range+rsi #D579|chase:fixed_or_rsi<58+vwap<1.5 fm_len=39324 train_bars=1152 fp=e396506059c5
[bridge] schedule week=2026-01-12 strategy=Forge RR3.2 full 2L4S range+ema #88AF|chase:fixed_rsi<62+vwap<99 fm_len=39324 train_bars=2592 fp=c58232d10b00
[bridge] schedule week=2026-01-12 strategy=Forge RR3 full 2L4S range+rsi #D579|chase:fixed_or_rsi<58+vwap<1.2 fm_len=39324 train_bars=2592 fp=e645273a1366
[bridge] schedule week=2026-01-12 strategy=Forge RR3.5 full 2L4S range+ema #CE8F|chase:fixed_or_rsi<58+vwap<1.5 fm_len=39324 train_bars=1152 fp=e396506059c5
[bridge] schedule week=2026-01-19 strategy=Forge RR3 full 2L4S rsi+range #BC7F|chase:fixed_rsi<62+vwap<99 fm_len=39325 train_bars=2592 fp=c58232d10b00
[bridge] schedule week=2026-01-19 strategy=Forge RR3.5 full 2L4S range+rsi #78CF|chase:fixed_or_rsi<58+vwap<1.2 fm_len=39325 train_bars=2592 fp=e645273a1366
[bridge] schedule week=2026-01-19 strategy=Forge RR3.2 full 2L3S rsi+swing #D50D|chase:fixed_or_rsi<58+vwap<1.5 fm_len=39325 train_bars=1296 fp=e396506059c5
[bridge] schedule week=2026-01-26 strategy=Forge RR3 full 2L3S rsi+swing #4520|chase:fixed_rsi<62+vwap<99 fm_len=39325 train_bars=2592 fp=c58232d10b00
[bridge] schedule week=2026-01-26 strategy=Forge RR4 full 2L5S range+swing #1062|chase:fixed_or_rsi<58+vwap<1.2 fm_len=39325 train_bars=2592 fp=e645273a1366
[bridge] schedule week=2026-01-26 strategy=Forge RR3.5 full 2L5S range+roc #B083|chase:fixed_or_rsi<58+vwap<1.5 fm_len=39325 train_bars=1440 fp=e396506059c5
[bridge] schedule week=2026-02-02 strategy=Forge RR3 full 2L4S rsi+range #BC7F|chase:fixed_rsi<62+vwap<99 fm_len=39325 train_bars=2592 fp=c58232d10b00
[bridge] schedule week=2026-02-02 strategy=Forge RR2.5 full 2L5S range+swing #CB13|chase:fixed_or_rsi<58+vwap<1.2 fm_len=39325 train_bars=2592 fp=e645273a1366
[bridge] schedule week=2026-02-02 strategy=Forge RR2.5 full 2L5S range+swing #FBBC|chase:fixed_or_rsi<58+vwap<1.5 fm_len=39325 train_bars=1440 fp=e396506059c5
[bridge] schedule week=2026-02-09 strategy=Forge RR3 full 2L3S ema+rsi #61EF|chase:fixed_rsi<62+vwap<99 fm_len=39325 train_bars=2736 fp=c58232d10b00
[bridge] schedule week=2026-02-09 strategy=Forge RR3.5 full 2L3S rsi+ema #7B91|chase:fixed_or_rsi<58+vwap<1.2 fm_len=39325 train_bars=2736 fp=e645273a1366
[bridge] schedule week=2026-02-09 strategy=Forge RR3 full 2L3S rsi+ema #95A5|chase:fixed_or_rsi<58+vwap<1.5 fm_len=39325 train_bars=1440 fp=e396506059c5
[bridge] schedule week=2026-02-16 strategy=Forge RR3 full 2L5S range+swing #7300|chase:fixed_rsi<62+vwap<99 fm_len=39325 train_bars=2880 fp=c58232d10b00
[bridge] schedule week=2026-02-16 strategy=Forge RR4 full 2L5S range+roc #45E6|chase:fixed_or_rsi<58+vwap<1.2 fm_len=39325 train_bars=2880 fp=e645273a1366
[bridge] schedule week=2026-02-16 strategy=Forge RR3.5 full 2L4S range+rsi #DD8D|chase:fixed_or_rsi<58+vwap<1.5 fm_len=39325 train_bars=1440 fp=e396506059c5
[bridge] schedule week=2026-02-23 strategy=Forge RR3 full 2L4S range+rsi #EA85|chase:fixed_rsi<62+vwap<99 fm_len=39325 train_bars=2880 fp=c58232d10b00
[bridge] schedule week=2026-02-23 strategy=Forge RR3.5 full 2L4S range+rsi #DD8D|chase:fixed_or_rsi<58+vwap<1.2 fm_len=39325 train_bars=2880 fp=e645273a1366
[bridge] schedule week=2026-02-23 strategy=Forge RR3.2 full 2L5S range+swing #0078|chase:fixed_or_rsi<58+vwap<1.5 fm_len=39325 train_bars=1440 fp=e396506059c5
[bridge] schedule week=2026-03-02 strategy=Forge RR3.2 full 2L3S rsi+swing #95DA|chase:fixed_rsi<62+vwap<99 fm_len=39325 train_bars=2880 fp=c58232d10b00
[bridge] schedule week=2026-03-02 strategy=Forge RR3 full 2L3S swing+rsi #7B01|chase:fixed_or_rsi<58+vwap<1.2 fm_len=39325 train_bars=2880 fp=e645273a1366
[bridge] schedule week=2026-03-02 strategy=Forge RR3 full 2L3S rsi+swing #BD30|chase:fixed_or_rsi<58+vwap<1.5 fm_len=39325 train_bars=1440 fp=e396506059c5
[bridge] schedule week=2026-03-09 strategy=Forge RR3 full 2L2S swing+ema #B06A|chase:fixed_rsi<62+vwap<99 fm_len=39325 train_bars=2884 fp=c58232d10b00
[bridge] schedule week=2026-03-09 strategy=Forge RR3.5 full 2L4S range+ema #EE38|chase:fixed_or_rsi<58+vwap<1.2 fm_len=39325 train_bars=2884 fp=e645273a1366
[bridge] schedule week=2026-03-09 strategy=Forge RR4 full 2L4S rsi+ema #6829|chase:fixed_or_rsi<58+vwap<1.5 fm_len=39325 train_bars=1444 fp=e396506059c5
[bridge] schedule week=2026-03-16 strategy=Forge RR3 full 2L4S range+rsi #B1FB|chase:fixed_rsi<62+vwap<99 fm_len=39325 train_bars=2884 fp=c58232d10b00
[bridge] schedule week=2026-03-16 strategy=Forge RR4 full 2L3S rsi+swing #3620|chase:fixed_or_rsi<58+vwap<1.2 fm_len=39325 train_bars=2884 fp=e645273a1366
[bridge] schedule week=2026-03-16 strategy=Forge RR4 full 2L3S rsi+ema #4FBB|chase:fixed_or_rsi<58+vwap<1.5 fm_len=39325 train_bars=1444 fp=e396506059c5
[bridge] schedule week=2026-03-23 strategy=Forge RR2.5 full 2L4S range+rsi #A1AE|chase:fixed_rsi<62+vwap<99 fm_len=39326 train_bars=2884 fp=c58232d10b00
[bridge] schedule week=2026-03-23 strategy=Forge RR3 full 2L4S range+rsi #D579|chase:fixed_or_rsi<58+vwap<1.2 fm_len=39326 train_bars=2884 fp=e645273a1366
[bridge] schedule week=2026-03-23 strategy=Forge RR3 full 2L3S swing+rsi #4769|chase:fixed_or_rsi<58+vwap<1.5 fm_len=39326 train_bars=1444 fp=e396506059c5
[bridge] schedule week=2026-03-30 strategy=Forge RR3 full 2L3S rsi+range #DDD1|chase:fixed_rsi<62+vwap<99 fm_len=39326 train_bars=2884 fp=c58232d10b00
[bridge] schedule week=2026-03-30 strategy=Forge RR3.5 full 2L4S rsi+ema #CD15|chase:fixed_or_rsi<58+vwap<1.2 fm_len=39326 train_bars=2884 fp=e645273a1366
[bridge] schedule week=2026-03-30 strategy=Forge RR3 full 2L4S range+rsi #D579|chase:fixed_or_rsi<58+vwap<1.5 fm_len=39326 train_bars=1440 fp=e396506059c5
[bridge] schedule week=2026-04-06 strategy=Forge RR3 full 2L4S range+rsi #D579|chase:fixed_rsi<62+vwap<99 fm_len=39326 train_bars=2884 fp=c58232d10b00
[bridge] schedule week=2026-04-06 strategy=Forge RR3 full 2L4S range+rsi #D579|chase:fixed_or_rsi<58+vwap<1.2 fm_len=39326 train_bars=2884 fp=e645273a1366
[bridge] schedule week=2026-04-06 strategy=Forge RR3.2 full 2L4S rsi+ema #6317|chase:fixed_or_rsi<58+vwap<1.5 fm_len=39326 train_bars=1440 fp=e396506059c5
[bridge] schedule week=2026-04-13 strategy=Forge RR3.2 full 2L3S rsi+swing #D4C2|chase:fixed_rsi<62+vwap<99 fm_len=39326 train_bars=2884 fp=c58232d10b00
[bridge] schedule week=2026-04-13 strategy=Forge RR3.5 full 2L4S rsi+ema #05C6|chase:fixed_or_rsi<58+vwap<1.2 fm_len=39326 train_bars=2884 fp=e645273a1366
[bridge] schedule week=2026-04-13 strategy=Forge RR3.2 full 2L3S rsi+ema #1BBC|chase:fixed_or_rsi<58+vwap<1.5 fm_len=39326 train_bars=1440 fp=e396506059c5
[bridge] schedule week=2026-04-20 strategy=Forge RR3 full 2L3S rsi+swing #0874|chase:fixed_rsi<62+vwap<99 fm_len=39326 train_bars=2880 fp=c58232d10b00
[bridge] schedule week=2026-04-20 strategy=Forge RR3.5 full 2L4S rsi+ema #0D42|chase:fixed_or_rsi<58+vwap<1.2 fm_len=39326 train_bars=2880 fp=e645273a1366
[bridge] schedule week=2026-04-20 strategy=Forge RR3 full 2L4S rsi+range #B7DA|chase:fixed_or_rsi<58+vwap<1.5 fm_len=39326 train_bars=1440 fp=e396506059c5
[bridge] schedule week=2026-04-27 strategy=Forge RR3 full 2L3S ema+rsi #0BFF|chase:fixed_rsi<62+vwap<99 fm_len=39326 train_bars=2880 fp=c58232d10b00
[bridge] schedule week=2026-04-27 strategy=Forge RR3.5 full 2L3S swing+rsi #F0A8|chase:fixed_or_rsi<58+vwap<1.2 fm_len=39326 train_bars=2880 fp=e645273a1366
[bridge] schedule week=2026-04-27 strategy=Forge RR3.2 full 2L4S range+rsi #55D3|chase:fixed_or_rsi<58+vwap<1.5 fm_len=39326 train_bars=1440 fp=e396506059c5
[bridge] schedule week=2026-05-04 strategy=Forge RR3 full 2L3S swing+rsi #8302|chase:fixed_rsi<62+vwap<99 fm_len=39326 train_bars=2880 fp=c58232d10b00
[bridge] schedule week=2026-05-04 strategy=Forge RR3 full 2L4S range+rsi #D579|chase:fixed_or_rsi<58+vwap<1.2 fm_len=39326 train_bars=2880 fp=e645273a1366
[bridge] schedule week=2026-05-04 strategy=Forge RR3.2 full 2L4S range+rsi #C1DE|chase:fixed_or_rsi<58+vwap<1.5 fm_len=39326 train_bars=1440 fp=e396506059c5
[bridge] schedule week=2026-05-11 strategy=Forge RR3 full 2L3S swing+rsi #0805|chase:fixed_rsi<62+vwap<99 fm_len=39326 train_bars=2880 fp=c58232d10b00
[bridge] schedule week=2026-05-11 strategy=Forge RR3.5 full 2L4S range+rsi #DD8D|chase:fixed_or_rsi<58+vwap<1.2 fm_len=39326 train_bars=2880 fp=e645273a1366
[bridge] schedule week=2026-05-11 strategy=Forge RR4 full 2L3S ema+rsi #7F9F|chase:fixed_or_rsi<58+vwap<1.5 fm_len=39326 train_bars=1440 fp=e396506059c5
[bridge] schedule week=2026-05-18 strategy=Forge RR3 full 2L3S rsi+ema #53DF|chase:fixed_rsi<62+vwap<99 fm_len=39326 train_bars=2880 fp=c58232d10b00
[bridge] schedule week=2026-05-18 strategy=Forge RR3.5 full 2L3S rsi+ema #A357|chase:fixed_or_rsi<58+vwap<1.2 fm_len=39326 train_bars=2880 fp=e645273a1366
[bridge] schedule week=2026-05-18 strategy=Forge RR3.5 full 2L5S range+roc #5819|chase:fixed_or_rsi<58+vwap<1.5 fm_len=39326 train_bars=1440 fp=e396506059c5
[bridge] schedule week=2026-05-25 strategy=Forge RR3 full 2L3S rsi+swing #6ABD|chase:fixed_rsi<62+vwap<99 fm_len=39327 train_bars=2880 fp=c58232d10b00
[bridge] schedule week=2026-05-25 strategy=Forge RR4 full 2L3S rsi+swing #3620|chase:fixed_or_rsi<58+vwap<1.2 fm_len=39327 train_bars=2880 fp=e645273a1366
[bridge] schedule week=2026-05-25 strategy=Forge RR3.2 full 2L4S range+rsi #BDB2|chase:fixed_or_rsi<58+vwap<1.5 fm_len=39327 train_bars=1440 fp=e396506059c5
[bridge] schedule week=2026-06-01 strategy=Forge RR3 full 2L4S range+rsi #B1FB|chase:fixed_rsi<62+vwap<99 fm_len=39327 train_bars=2880 fp=c58232d10b00
[bridge] schedule week=2026-06-01 strategy=Forge RR3.5 full 2L4S swing+roc #0369|chase:fixed_or_rsi<58+vwap<1.2 fm_len=39327 train_bars=2880 fp=e645273a1366
[bridge] schedule week=2026-06-01 strategy=Forge RR3 full 2L4S range+rsi #36BE|chase:fixed_or_rsi<58+vwap<1.5 fm_len=39327 train_bars=1440 fp=e396506059c5
[bridge] schedule week=2026-06-08 strategy=Forge RR3 full 2L4S rsi+range #74F8|chase:fixed_rsi<62+vwap<99 fm_len=39327 train_bars=2880 fp=c58232d10b00
[bridge] schedule week=2026-06-08 strategy=Forge RR3.5 full 2L3S rsi+range #47EF|chase:fixed_or_rsi<58+vwap<1.2 fm_len=39327 train_bars=2880 fp=e645273a1366
[bridge] schedule week=2026-06-08 strategy=Forge RR3 full 2L4S swing+range #0C55|chase:fixed_or_rsi<58+vwap<1.5 fm_len=39327 train_bars=1440 fp=e396506059c5
[bridge] schedule week=2026-06-15 strategy=Forge RR2.5 full 2L5S range+swing #220B|chase:fixed_rsi<62+vwap<99 fm_len=39327 train_bars=2880 fp=c58232d10b00
[bridge] schedule week=2026-06-15 strategy=Forge RR3.5 full 2L4S rsi+range #88C4|chase:fixed_or_rsi<58+vwap<1.2 fm_len=39327 train_bars=2880 fp=e645273a1366
[bridge] schedule week=2026-06-15 strategy=Forge RR3 full 2L3S swing+rsi #C018|chase:fixed_or_rsi<58+vwap<1.5 fm_len=39327 train_bars=1440 fp=e396506059c5
[bridge] schedule week=2026-06-22 strategy=Forge RR3.2 full 2L4S rsi+range #D950|chase:fixed_rsi<62+vwap<99 fm_len=39327 train_bars=2880 fp=c58232d10b00
[bridge] schedule week=2026-06-22 strategy=Forge RR3 full 2L4S range+rsi #D579|chase:fixed_or_rsi<58+vwap<1.2 fm_len=39327 train_bars=2880 fp=e645273a1366
[bridge] schedule week=2026-06-22 strategy=Forge RR4 full 2L4S range+rsi #DB1E|chase:fixed_or_rsi<58+vwap<1.5 fm_len=39327 train_bars=1440 fp=e396506059c5
[bridge] schedule week=2026-06-29 strategy=Forge RR3 full 2L4S swing+roc #EC17|chase:fixed_rsi<62+vwap<99 fm_len=39327 train_bars=2880 fp=c58232d10b00
[bridge] schedule week=2026-06-29 strategy=Forge RR3 full 2L4S range+rsi #D579|chase:fixed_or_rsi<58+vwap<1.2 fm_len=39327 train_bars=2880 fp=e645273a1366
[bridge] schedule week=2026-06-29 strategy=Forge RR4 full 2L3S swing+rsi #1CB3|chase:fixed_or_rsi<58+vwap<1.5 fm_len=39327 train_bars=1440 fp=e396506059c5
[bridge] schedule week=2026-07-06 strategy=Forge RR3.2 full 2L4S rsi+ema #6376|chase:fixed_rsi<62+vwap<99 fm_len=39327 train_bars=2880 fp=c58232d10b00
[bridge] schedule week=2026-07-06 strategy=Forge RR3 full 2L4S range+rsi #D579|chase:fixed_or_rsi<58+vwap<1.2 fm_len=39327 train_bars=2880 fp=e645273a1366
[bridge] schedule week=2026-07-06 strategy=Forge RR2.5 full 2L5S range+swing #CB13|chase:fixed_or_rsi<58+vwap<1.5 fm_len=39327 train_bars=1440 fp=e396506059c5
[bridge] schedule week=2026-07-13 strategy=Forge RR3 full 2L4S swing+range #0C55|chase:fixed_rsi<62+vwap<99 fm_len=39327 train_bars=2880 fp=c58232d10b00
[bridge] schedule week=2026-07-13 strategy=Forge RR3.5 full 2L3S rsi+ema #177B|chase:fixed_or_rsi<58+vwap<1.2 fm_len=39327 train_bars=2880 fp=e645273a1366
[bridge] schedule week=2026-07-13 strategy=Forge RR3.5 full 2L4S range+rsi #EC61|chase:fixed_or_rsi<58+vwap<1.5 fm_len=39327 train_bars=1440 fp=e396506059c5
[sim-control] exit status=completed bars=13504/13504 ea=completed err=None
[sim-service] finished status=completed reason=- bars=13504/13504 last=2026.07.17 23:45
