
--- start 2026-07-23T22:48:44+07:00 ---
paper chart=http://127.0.0.1:8766
2026-07-23 22:48:46.092 WARNING streamlit.runtime.caching.cache_data_api: No runtime found, using MemoryCacheStorageManager
2026-07-23 22:48:46.093 WARNING streamlit.runtime.caching.cache_data_api: No runtime found, using MemoryCacheStorageManager
paper bar=2026-07-23 14:00:00 model=tm_mt5_best_94ef551a trades=1

--- start 2026-07-23T22:51:09+07:00 ---
paper chart=http://127.0.0.1:8766
2026-07-23 22:51:11.829 WARNING streamlit.runtime.caching.cache_data_api: No runtime found, using MemoryCacheStorageManager
2026-07-23 22:51:11.838 WARNING streamlit.runtime.caching.cache_data_api: No runtime found, using MemoryCacheStorageManager
paper bar=2026-07-23 14:00:00 model=tm_mt5_best_94ef551a trades=1
paper bar=2026-07-23 14:00:00 model=tm_mt5_best_94ef551a trades=1

--- start 2026-07-23T22:53:24+07:00 ---
paper chart=http://127.0.0.1:8766
2026-07-23 22:53:26.577 WARNING streamlit.runtime.caching.cache_data_api: No runtime found, using MemoryCacheStorageManager
2026-07-23 22:53:26.578 WARNING streamlit.runtime.caching.cache_data_api: No runtime found, using MemoryCacheStorageManager
paper bar=2026-07-23 14:00:00 model=tm_mt5_best_94ef551a trades=1

--- start 2026-07-23T22:54:34+07:00 ---
paper chart=http://127.0.0.1:8766
2026-07-23 22:54:36.058 WARNING streamlit.runtime.caching.cache_data_api: No runtime found, using MemoryCacheStorageManager
2026-07-23 22:54:36.059 WARNING streamlit.runtime.caching.cache_data_api: No runtime found, using MemoryCacheStorageManager
paper bar=2026-07-23 14:00:00 model=tm_mt5_best_94ef551a trades=1
paper bar=2026-07-23 15:00:00 model=tm_mt5_best_94ef551a trades=1

--- start 2026-07-23T23:03:18+07:00 ---
paper chart=http://127.0.0.1:8766
2026-07-23 23:03:20.130 WARNING streamlit.runtime.caching.cache_data_api: No runtime found, using MemoryCacheStorageManager
2026-07-23 23:03:20.131 WARNING streamlit.runtime.caching.cache_data_api: No runtime found, using MemoryCacheStorageManager
paper bar=2026-07-23 15:00:00 model=tm_mt5_best_94ef551a trades=1

--- start 2026-07-23T23:10:33+07:00 ---
paper chart=http://127.0.0.1:8766
2026-07-23 23:10:35.594 WARNING streamlit.runtime.caching.cache_data_api: No runtime found, using MemoryCacheStorageManager
2026-07-23 23:10:35.595 WARNING streamlit.runtime.caching.cache_data_api: No runtime found, using MemoryCacheStorageManager
paper bar=2026-07-23 15:00:00 model=tm_mt5_best_94ef551a trades=1

--- start 2026-07-24T02:27:55+07:00 ---
paper chart=http://127.0.0.1:8766
2026-07-24 02:27:57.400 WARNING streamlit.runtime.caching.cache_data_api: No runtime found, using MemoryCacheStorageManager
2026-07-24 02:27:57.401 WARNING streamlit.runtime.caching.cache_data_api: No runtime found, using MemoryCacheStorageManager
paper bar=2026-07-23 19:00:00 model=tm_m15_best_2cd3edb1 trades=5
paper bar=2026-07-23 19:15:00 model=tm_m15_best_2cd3edb1 trades=5
paper bar=2026-07-23 19:30:00 model=tm_m15_best_2cd3edb1 trades=4
paper bar=2026-07-23 19:30:00 model=tm_m15_best_2_49216b56 trades=6
paper bar=2026-07-23 19:45:00 model=tm_m15_best_2_49216b56 trades=6
paper bar=2026-07-23 20:00:00 model=tm_m15_best_2_49216b56 trades=6
paper bar=2026-07-23 20:15:00 model=tm_m15_best_2_49216b56 trades=6
paper bar=2026-07-23 20:30:00 model=tm_m15_best_2_49216b56 trades=6
paper bar=2026-07-23 20:45:00 model=tm_m15_best_2_49216b56 trades=6
paper bar=2026-07-23 21:00:00 model=tm_m15_best_2_49216b56 trades=6
paper bar=2026-07-23 21:15:00 model=tm_m15_best_2_49216b56 trades=6
paper bar=2026-07-23 21:30:00 model=tm_m15_best_2_49216b56 trades=6
paper bar=2026-07-23 21:45:00 model=tm_m15_best_2_49216b56 trades=6
paper bar=2026-07-23 22:00:00 model=tm_m15_best_2_49216b56 trades=6
paper bar=2026-07-23 22:15:00 model=tm_m15_best_2_49216b56 trades=6
paper bar=2026-07-23 22:30:00 model=tm_m15_best_2_49216b56 trades=6
paper bar=2026-07-23 22:45:00 model=tm_m15_best_2_49216b56 trades=6
paper bar=2026-07-23 23:00:00 model=tm_m15_best_2_49216b56 trades=6
paper bar=2026-07-23 23:15:00 model=tm_m15_best_2_49216b56 trades=6
paper bar=2026-07-23 23:30:00 model=tm_m15_best_2_49216b56 trades=6
paper bar=2026-07-23 23:45:00 model=tm_m15_best_2_49216b56 trades=6
paper bar=2026-07-24 00:00:00 model=tm_m15_best_2_49216b56 trades=6
paper bar=2026-07-24 00:15:00 model=tm_m15_best_2_49216b56 trades=6
paper bar=2026-07-24 00:30:00 model=tm_m15_best_2_49216b56 trades=6
paper bar=2026-07-24 00:45:00 model=tm_m15_best_2_49216b56 trades=6
paper bar=2026-07-24 01:00:00 model=tm_m15_best_2_49216b56 trades=6
paper bar=2026-07-24 01:15:00 model=tm_m15_best_2_49216b56 trades=6
paper bar=2026-07-24 01:30:00 model=tm_m15_best_2_49216b56 trades=6
paper bar=2026-07-24 01:45:00 model=tm_m15_best_2_49216b56 trades=6
paper bar=2026-07-24 02:00:00 model=tm_m15_best_2_49216b56 trades=6
paper bar=2026-07-24 02:15:00 model=tm_m15_best_2_49216b56 trades=6

--- start 2026-07-24T09:35:27+07:00 ---
paper chart=http://127.0.0.1:8766
2026-07-24 09:35:30.376 WARNING streamlit.runtime.caching.cache_data_api: No runtime found, using MemoryCacheStorageManager
2026-07-24 09:35:30.377 WARNING streamlit.runtime.caching.cache_data_api: No runtime found, using MemoryCacheStorageManager
paper bar=2026-07-24 02:15:00 model=tm_m15_best_2_49216b56 trades=6

--- start 2026-07-24T09:39:21+07:00 ---

--- start 2026-07-24T09:39:22+07:00 ---
paper chart=http://127.0.0.1:8766
2026-07-24 09:39:24.559 WARNING streamlit.runtime.caching.cache_data_api: No runtime found, using MemoryCacheStorageManager
2026-07-24 09:39:24.560 WARNING streamlit.runtime.caching.cache_data_api: No runtime found, using MemoryCacheStorageManager
paper bar=2026-07-24 02:15:00 model=tm_m15_best_2_49216b56 trades=6
paper bar=2026-07-24 02:30:00 model=tm_m15_best_2_49216b56 trades=6
paper bar=2026-07-24 02:45:00 model=tm_m15_best_2_49216b56 trades=6
paper bar=2026-07-24 03:00:00 model=tm_m15_best_2_49216b56 trades=6
paper bar=2026-07-24 03:15:00 model=tm_m15_best_2_49216b56 trades=6
paper bar=2026-07-24 03:30:00 model=tm_m15_best_2_49216b56 trades=6

--- start 2026-07-24T14:20:09+05:30 ---
paper chart unavailable: [Errno 98] Address already in use
2026-07-24 14:20:11.609 WARNING streamlit.runtime.caching.cache_data_api: No runtime found, using MemoryCacheStorageManager
2026-07-24 14:20:11.610 WARNING streamlit.runtime.caching.cache_data_api: No runtime found, using MemoryCacheStorageManager
paper bar=2026-07-24 04:00:00 model=tm_m15_best_2_49216b56 trades=5

--- start 2026-07-24T16:29:11+07:00 ---
paper chart=http://127.0.0.1:8766
2026-07-24 16:29:13.234 WARNING streamlit.runtime.caching.cache_data_api: No runtime found, using MemoryCacheStorageManager
2026-07-24 16:29:13.235 WARNING streamlit.runtime.caching.cache_data_api: No runtime found, using MemoryCacheStorageManager
paper bar=2026-07-24 09:00:00 model=tm_m15_best_2_49216b56 trades=5
paper bar=2026-07-24 09:00:00 model=tm_m15_best_2_49216b56 trades=5
paper bar=2026-07-24 09:15:00 model=tm_m15_best_2_49216b56 trades=5

--- start 2026-07-24T16:31:53+07:00 ---
paper chart=http://127.0.0.1:8766
2026-07-24 16:31:55.206 WARNING streamlit.runtime.caching.cache_data_api: No runtime found, using MemoryCacheStorageManager
2026-07-24 16:31:55.207 WARNING streamlit.runtime.caching.cache_data_api: No runtime found, using MemoryCacheStorageManager
paper bar=2026-07-24 09:15:00 model=tm_m15_best_2_49216b56 trades=5
paper bar=2026-07-24 09:30:00 model=tm_m15_best_2_49216b56 trades=5

--- start 2026-07-24T17:25:55+07:00 ---
paper chart=http://127.0.0.1:8766
2026-07-24 17:25:57.897 WARNING streamlit.runtime.caching.cache_data_api: No runtime found, using MemoryCacheStorageManager
2026-07-24 17:25:57.897 WARNING streamlit.runtime.caching.cache_data_api: No runtime found, using MemoryCacheStorageManager
paper bar=2026-07-24 09:30:00 model=tm_m15_best_2_49216b56 trades=5
paper bar=2026-07-24 10:15:00 model=tm_m15_best_2_49216b56 trades=5
paper bar=2026-07-24 10:15:00 model=tm_m15_best_2_49216b56 trades=6
paper bar=2026-07-24 10:30:00 model=tm_m15_best_2_49216b56 trades=6

--- start 2026-07-25T06:19:58+05:30 ---
paper chart=http://127.0.0.1:8766
2026-07-25 06:20:00.425 WARNING streamlit.runtime.caching.cache_data_api: No runtime found, using MemoryCacheStorageManager
2026-07-25 06:20:00.426 WARNING streamlit.runtime.caching.cache_data_api: No runtime found, using MemoryCacheStorageManager
paper bar=2026-07-24 12:30:00 model=tm_m15_best_2_49216b56 trades=6

--- start 2026-07-25T12:48:36+07:00 ---
paper chart=http://127.0.0.1:8766
2026-07-25 12:48:38.996 WARNING streamlit.runtime.caching.cache_data_api: No runtime found, using MemoryCacheStorageManager
2026-07-25 12:48:38.997 WARNING streamlit.runtime.caching.cache_data_api: No runtime found, using MemoryCacheStorageManager
paper bar=2026-07-24 12:30:00 model=tm_m15_best_2_49216b56 trades=6

--- start 2026-07-25T18:03:00+07:00 ---
paper chart=http://127.0.0.1:8766
2026-07-25 18:03:02.240 WARNING streamlit.runtime.caching.cache_data_api: No runtime found, using MemoryCacheStorageManager
2026-07-25 18:03:02.241 WARNING streamlit.runtime.caching.cache_data_api: No runtime found, using MemoryCacheStorageManager
paper bar=2026-07-24 12:30:00 model=tm_m15_best_2_49216b56 trades=6

--- start 2026-07-25T21:28:00+07:00 ---
paper chart=http://127.0.0.1:8766
2026-07-25 21:28:02.600 WARNING streamlit.runtime.caching.cache_data_api: No runtime found, using MemoryCacheStorageManager
2026-07-25 21:28:02.601 WARNING streamlit.runtime.caching.cache_data_api: No runtime found, using MemoryCacheStorageManager
paper bar=2026-07-24 12:30:00 model=tm_m15_best_2_49216b56 trades=6
----------------------------------------
Exception occurred during processing of request from ('127.0.0.1', 50657)
Traceback (most recent call last):
  File "C:\Work\ThuyenRepo\EdgeMinerM15\paper_live_monitor_server.py", line 190, in do_GET
    self._send(200, body, "application/json; charset=utf-8")
    ~~~~~~~~~~^^^^^^^^^^^^^^^^^^^^^^^^^^^^^^^^^^^^^^^^^^^^^^
  File "C:\Work\ThuyenRepo\EdgeMinerM15\paper_live_monitor_server.py", line 163, in _send
    self.wfile.write(body)
    ~~~~~~~~~~~~~~~~^^^^^^
  File "C:\Python314\Lib\socketserver.py", line 845, in write
    self._sock.sendall(b)
    ~~~~~~~~~~~~~~~~~~^^^
ConnectionAbortedError: [WinError 10053] An established connection was aborted by the software in your host machine

During handling of the above exception, another exception occurred:

Traceback (most recent call last):
  File "C:\Python314\Lib\socketserver.py", line 697, in process_request_thread
    self.finish_request(request, client_address)
    ~~~~~~~~~~~~~~~~~~~^^^^^^^^^^^^^^^^^^^^^^^^^
  File "C:\Python314\Lib\socketserver.py", line 362, in finish_request
    self.RequestHandlerClass(request, client_address, self)
    ~~~~~~~~~~~~~~~~~~~~~~~~^^^^^^^^^^^^^^^^^^^^^^^^^^^^^^^
  File "C:\Python314\Lib\socketserver.py", line 766, in __init__
    self.handle()
    ~~~~~~~~~~~^^
  File "C:\Python314\Lib\http\server.py", line 496, in handle
    self.handle_one_request()
    ~~~~~~~~~~~~~~~~~~~~~~~^^
  File "C:\Python314\Lib\http\server.py", line 484, in handle_one_request
    method()
    ~~~~~~^^
  File "C:\Work\ThuyenRepo\EdgeMinerM15\paper_live_monitor_server.py", line 193, in do_GET
    self._send(500, body, "application/json; charset=utf-8")
    ~~~~~~~~~~^^^^^^^^^^^^^^^^^^^^^^^^^^^^^^^^^^^^^^^^^^^^^^
  File "C:\Work\ThuyenRepo\EdgeMinerM15\paper_live_monitor_server.py", line 162, in _send
    self.end_headers()
    ~~~~~~~~~~~~~~~~^^
  File "C:\Python314\Lib\http\server.py", line 598, in end_headers
    self.flush_headers()
    ~~~~~~~~~~~~~~~~~~^^
  File "C:\Python314\Lib\http\server.py", line 602, in flush_headers
    self.wfile.write(b"".join(self._headers_buffer))
    ~~~~~~~~~~~~~~~~^^^^^^^^^^^^^^^^^^^^^^^^^^^^^^^^
  File "C:\Python314\Lib\socketserver.py", line 845, in write
    self._sock.sendall(b)
    ~~~~~~~~~~~~~~~~~~^^^
ConnectionAbortedError: [WinError 10053] An established connection was aborted by the software in your host machine
----------------------------------------

--- start 2026-07-25T20:48:11+05:30 ---
paper chart unavailable: [Errno 98] Address already in use
2026-07-25 20:48:12.912 WARNING streamlit.runtime.caching.cache_data_api: No runtime found, using MemoryCacheStorageManager
2026-07-25 20:48:12.913 WARNING streamlit.runtime.caching.cache_data_api: No runtime found, using MemoryCacheStorageManager
paper bar=2026-07-24 12:30:00 model=tm_m15_best_2_49216b56 trades=6
