Breakthrough A/B | model=tm_h_c_6_tu_n_h_c_2025-2026-6th_bc18d887 | presets=['baseline', 'frontier_rr', 'anti_chase_fixed_62', 'anti_chase_fixed_65', 'anti_chase_fixed_68'] | workers=2
  baseline: {'n_trades': 274, 'trades_per_week': 9.13, 'win_rate_pct': 48.91, 'avg_rr': 2.461, 'profit_factor': 2.189, 'total_pips': 1176.71, 'total_r': 217.668, 'max_drawdown_r': 11.32, 'max_win_streak': 9, 'max_loss_streak': 10, 'risk_of_ruin_pct': 0.0}
  frontier_rr: {'n_trades': 271, 'trades_per_week': 9.03, 'win_rate_pct': 47.6, 'avg_rr': 2.484, 'profit_factor': 2.083, 'total_pips': 1088.95, 'total_r': 204.84, 'max_drawdown_r': 11.32, 'max_win_streak': 9, 'max_loss_streak': 10, 'risk_of_ruin_pct': 0.0}
  anti_chase_fixed_62: {'n_trades': 136, 'trades_per_week': 4.53, 'win_rate_pct': 53.68, 'avg_rr': 2.472, 'profit_factor': 2.711, 'total_pips': 763.49, 'total_r': 135.208, 'max_drawdown_r': 6.14, 'max_win_streak': 9, 'max_loss_streak': 5, 'risk_of_ruin_pct': 0.0}
  anti_chase_fixed_65: {'n_trades': 181, 'trades_per_week': 6.03, 'win_rate_pct': 51.93, 'avg_rr': 2.476, 'profit_factor': 2.598, 'total_pips': 971.04, 'total_r': 168.151, 'max_drawdown_r': 7.23, 'max_win_streak': 9, 'max_loss_streak': 6, 'risk_of_ruin_pct': 0.0}
  anti_chase_fixed_68: {'n_trades': 221, 'trades_per_week': 7.37, 'win_rate_pct': 50.68, 'avg_rr': 2.487, 'profit_factor': 2.496, 'total_pips': 1131.8, 'total_r': 195.346, 'max_drawdown_r': 12.93, 'max_win_streak': 8, 'max_loss_streak': 9, 'risk_of_ruin_pct': 0.0}
2026-08-03 12:49:30.826 WARNING streamlit.runtime.caching.cache_data_api: No runtime found, using MemoryCacheStorageManager
2026-08-03 12:49:30.828 WARNING streamlit.runtime.caching.cache_data_api: No runtime found, using MemoryCacheStorageManager
Promoted NEW model: tm_breakthrough_anti_chase_fixe_748923b2 (active=False)
{
  "winner": "anti_chase_fixed_62",
  "beats_wr_and_rr": true,
  "deltas_vs_baseline": {
    "frontier_rr": {
      "win_rate_pct": -1.31,
      "avg_rr": 0.023,
      "total_r": -12.828,
      "max_drawdown_r": 0.0,
      "profit_factor": -0.106,
      "n_trades": -3.0
    },
    "anti_chase_fixed_62": {
      "win_rate_pct": 4.77,
      "avg_rr": 0.011,
      "total_r": -82.46,
      "max_drawdown_r": -5.18,
      "profit_factor": 0.522,
      "n_trades": -138.0
    },
    "anti_chase_fixed_65": {
      "win_rate_pct": 3.02,
      "avg_rr": 0.015,
      "total_r": -49.517,
      "max_drawdown_r": -4.09,
      "profit_factor": 0.409,
      "n_trades": -93.0
    },
    "anti_chase_fixed_68": {
      "win_rate_pct": 1.77,
      "avg_rr": 0.026,
      "total_r": -22.322,
      "max_drawdown_r": 1.61,
      "profit_factor": 0.307,
      "n_trades": -53.0
    }
  },
  "path": "/home/thuyenng/work/ThuyenRepo/EdgeMinerM15/results/research/wr_rr_breakthrough/latest.json"
}
