Breakthrough A/B | model=tm_h_c_6_tu_n_h_c_2025-2026-6th_bc18d887 | presets=['elite_or_quality', 'anti_chase_fixed_70', 'edge_gentle', 'elite_60_3_vwap', 'elite_55_4', 'elite_60_3', 'elite_60_35', 'anti_chase', 'anti_chase_and_70_15', 'frontier_rr_hi', 'baseline'] | workers=4
  cfg train=6w kb=era_2025_h2 ep=4 OOS=2026-01-01→2026-12-31
  anti_chase_fixed_70: {'n_trades': 119, 'trades_per_week': 3.97, 'win_rate_pct': 44.54, 'avg_rr': 1.524, 'profit_factor': 1.198, 'total_pips': 80.46, 'total_r': 17.219, 'max_drawdown_r': 11.51, 'max_win_streak': 6, 'max_loss_streak': 7, 'risk_of_ruin_pct': 0.0}
  edge_gentle: {'n_trades': 161, 'trades_per_week': 5.37, 'win_rate_pct': 47.2, 'avg_rr': 1.874, 'profit_factor': 1.754, 'total_pips': 422.79, 'total_r': 66.326, 'max_drawdown_r': 9.16, 'max_win_streak': 7, 'max_loss_streak': 6, 'risk_of_ruin_pct': 0.0}
  elite_60_3_vwap: {'n_trades': 16, 'trades_per_week': 0.53, 'win_rate_pct': 25.0, 'avg_rr': 3.039, 'profit_factor': 0.83, 'total_pips': -12.15, 'total_r': 0.182, 'max_drawdown_r': 5.89, 'max_win_streak': 2, 'max_loss_streak': 5, 'risk_of_ruin_pct': 0.0}
  elite_or_quality: {'n_trades': 12, 'trades_per_week': 0.4, 'win_rate_pct': 33.33, 'avg_rr': 2.271, 'profit_factor': 0.799, 'total_pips': -14.54, 'total_r': 1.232, 'max_drawdown_r': 3.75, 'max_win_streak': 2, 'max_loss_streak': 3, 'risk_of_ruin_pct': 0.0}
  elite_55_4: {'n_trades': 21, 'trades_per_week': 0.7, 'win_rate_pct': 19.05, 'avg_rr': 3.281, 'profit_factor': 0.896, 'total_pips': -10.25, 'total_r': -4.536, 'max_drawdown_r': 7.17, 'max_win_streak': 1, 'max_loss_streak': 6, 'risk_of_ruin_pct': 95.0}
  elite_60_35: {'n_trades': 30, 'trades_per_week': 1.0, 'win_rate_pct': 20.0, 'avg_rr': 2.486, 'profit_factor': 0.893, 'total_pips': -15.1, 'total_r': -10.647, 'max_drawdown_r': 16.48, 'max_win_streak': 3, 'max_loss_streak': 14, 'risk_of_ruin_pct': 95.0}
  elite_60_3: {'n_trades': 30, 'trades_per_week': 1.0, 'win_rate_pct': 23.33, 'avg_rr': 2.394, 'profit_factor': 0.7, 'total_pips': -48.57, 'total_r': -7.182, 'max_drawdown_r': 11.33, 'max_win_streak': 3, 'max_loss_streak': 9, 'risk_of_ruin_pct': 95.0}
  anti_chase_and_70_15: {'n_trades': 120, 'trades_per_week': 4.0, 'win_rate_pct': 45.83, 'avg_rr': 1.707, 'profit_factor': 1.39, 'total_pips': 163.72, 'total_r': 33.552, 'max_drawdown_r': 10.29, 'max_win_streak': 9, 'max_loss_streak': 7, 'risk_of_ruin_pct': 0.0}
  frontier_rr_hi: {'n_trades': 168, 'trades_per_week': 5.6, 'win_rate_pct': 52.38, 'avg_rr': 1.711, 'profit_factor': 1.917, 'total_pips': 470.44, 'total_r': 81.749, 'max_drawdown_r': 6.95, 'max_win_streak': 9, 'max_loss_streak': 6, 'risk_of_ruin_pct': 0.0}
  baseline: {'n_trades': 162, 'trades_per_week': 5.4, 'win_rate_pct': 45.06, 'avg_rr': 1.971, 'profit_factor': 1.618, 'total_pips': 353.59, 'total_r': 63.483, 'max_drawdown_r': 10.72, 'max_win_streak': 7, 'max_loss_streak': 9, 'risk_of_ruin_pct': 0.0}
  anti_chase: {'n_trades': 91, 'trades_per_week': 3.03, 'win_rate_pct': 42.86, 'avg_rr': 1.467, 'profit_factor': 1.072, 'total_pips': 22.81, 'total_r': 6.057, 'max_drawdown_r': 10.62, 'max_win_streak': 4, 'max_loss_streak': 9, 'risk_of_ruin_pct': 0.0}
{
  "winner": "frontier_rr_hi",
  "beats_wr_and_rr": false,
  "deltas_vs_baseline": {
    "anti_chase_fixed_70": {
      "win_rate_pct": -0.52,
      "avg_rr": -0.447,
      "total_r": -46.264,
      "max_drawdown_r": 0.79,
      "profit_factor": -0.42,
      "n_trades": -43.0
    },
    "edge_gentle": {
      "win_rate_pct": 2.14,
      "avg_rr": -0.097,
      "total_r": 2.843,
      "max_drawdown_r": -1.56,
      "profit_factor": 0.136,
      "n_trades": -1.0
    },
    "elite_60_3_vwap": {
      "win_rate_pct": -20.06,
      "avg_rr": 1.068,
      "total_r": -63.301,
      "max_drawdown_r": -4.83,
      "profit_factor": -0.788,
      "n_trades": -146.0
    },
    "elite_or_quality": {
      "win_rate_pct": -11.73,
      "avg_rr": 0.3,
      "total_r": -62.251,
      "max_drawdown_r": -6.97,
      "profit_factor": -0.819,
      "n_trades": -150.0
    },
    "elite_55_4": {
      "win_rate_pct": -26.01,
      "avg_rr": 1.31,
      "total_r": -68.019,
      "max_drawdown_r": -3.55,
      "profit_factor": -0.722,
      "n_trades": -141.0
    },
    "elite_60_35": {
      "win_rate_pct": -25.06,
      "avg_rr": 0.515,
      "total_r": -74.13,
      "max_drawdown_r": 5.76,
      "profit_factor": -0.725,
      "n_trades": -132.0
    },
    "elite_60_3": {
      "win_rate_pct": -21.73,
      "avg_rr": 0.423,
      "total_r": -70.665,
      "max_drawdown_r": 0.61,
      "profit_factor": -0.918,
      "n_trades": -132.0
    },
    "anti_chase_and_70_15": {
      "win_rate_pct": 0.77,
      "avg_rr": -0.264,
      "total_r": -29.931,
      "max_drawdown_r": -0.43,
      "profit_factor": -0.228,
      "n_trades": -42.0
    },
    "frontier_rr_hi": {
      "win_rate_pct": 7.32,
      "avg_rr": -0.26,
      "total_r": 18.266,
      "max_drawdown_r": -3.77,
      "profit_factor": 0.299,
      "n_trades": 6.0
    },
    "anti_chase": {
      "win_rate_pct": -2.2,
      "avg_rr": -0.504,
      "total_r": -57.426,
      "max_drawdown_r": -0.1,
      "profit_factor": -0.546,
      "n_trades": -71.0
    }
  },
  "path": "/home/thuyenng/work/ThuyenRepo/EdgeMinerM15/results/research/wr_rr_breakthrough/kb_2025h2_oos2026.json"
}
