Breakthrough A/B | model=tm_h_c_6_tu_n_h_c_2025-2026-6th_bc18d887 | presets=['baseline', 'edge_surgery_rr', 'edge_surgery_v2', 'edge_surgery_v2_clean'] | workers=2
  baseline: {'n_trades': 272, 'trades_per_week': 9.07, 'win_rate_pct': 48.16, 'avg_rr': 2.434, 'profit_factor': 2.148, 'total_pips': 1121.68, 'total_r': 204.508, 'max_drawdown_r': 8.1, 'max_win_streak': 9, 'max_loss_streak': 7, 'risk_of_ruin_pct': 0.0}
  edge_surgery_rr: {'n_trades': 260, 'trades_per_week': 8.67, 'win_rate_pct': 43.85, 'avg_rr': 2.476, 'profit_factor': 1.845, 'total_pips': 887.72, 'total_r': 155.834, 'max_drawdown_r': 11.74, 'max_win_streak': 9, 'max_loss_streak': 10, 'risk_of_ruin_pct': 0.0}
  edge_surgery_v2: {'n_trades': 268, 'trades_per_week': 8.93, 'win_rate_pct': 45.9, 'avg_rr': 2.405, 'profit_factor': 1.978, 'total_pips': 991.48, 'total_r': 172.938, 'max_drawdown_r': 11.39, 'max_win_streak': 6, 'max_loss_streak': 9, 'risk_of_ruin_pct': 0.0}
  edge_surgery_v2_clean: {'n_trades': 238, 'trades_per_week': 7.93, 'win_rate_pct': 43.28, 'avg_rr': 2.436, 'profit_factor': 1.786, 'total_pips': 742.24, 'total_r': 133.038, 'max_drawdown_r': 14.62, 'max_win_streak': 5, 'max_loss_streak': 11, 'risk_of_ruin_pct': 0.0}
{
  "winner": "baseline",
  "beats_wr_and_rr": false,
  "deltas_vs_baseline": {
    "edge_surgery_rr": {
      "win_rate_pct": -4.31,
      "avg_rr": 0.042,
      "total_r": -48.674,
      "max_drawdown_r": 3.64,
      "profit_factor": -0.303,
      "n_trades": -12.0
    },
    "edge_surgery_v2": {
      "win_rate_pct": -2.26,
      "avg_rr": -0.029,
      "total_r": -31.57,
      "max_drawdown_r": 3.29,
      "profit_factor": -0.17,
      "n_trades": -4.0
    },
    "edge_surgery_v2_clean": {
      "win_rate_pct": -4.88,
      "avg_rr": 0.002,
      "total_r": -71.47,
      "max_drawdown_r": 6.52,
      "profit_factor": -0.362,
      "n_trades": -34.0
    }
  },
  "path": "/home/thuyenng/work/ThuyenRepo/EdgeMinerM15/results/research/wr_rr_breakthrough/latest.json"
}
