Breakthrough A/B | model=tm_h_c_6_tu_n_h_c_2025-2026-6th_bc18d887 | presets=['baseline', 'frontier_rr', 'anti_chase_fixed_62', 'anti_chase_fixed_65', 'anti_chase_fixed_68', 'nova_fixed'] | workers=2
  baseline: {'n_trades': 274, 'trades_per_week': 9.13, 'win_rate_pct': 48.91, 'avg_rr': 2.461, 'profit_factor': 2.189, 'total_pips': 1176.71, 'total_r': 217.668, 'max_drawdown_r': 11.32, 'max_win_streak': 9, 'max_loss_streak': 10, 'risk_of_ruin_pct': 0.0}
  frontier_rr: {'n_trades': 271, 'trades_per_week': 9.03, 'win_rate_pct': 47.6, 'avg_rr': 2.484, 'profit_factor': 2.083, 'total_pips': 1088.95, 'total_r': 204.84, 'max_drawdown_r': 11.32, 'max_win_streak': 9, 'max_loss_streak': 10, 'risk_of_ruin_pct': 0.0}
  anti_chase_fixed_62: {'n_trades': 249, 'trades_per_week': 8.3, 'win_rate_pct': 36.14, 'avg_rr': 2.477, 'profit_factor': 1.394, 'total_pips': 441.66, 'total_r': 73.543, 'max_drawdown_r': 14.77, 'max_win_streak': 4, 'max_loss_streak': 11, 'risk_of_ruin_pct': 0.0}
  anti_chase_fixed_65: {'n_trades': 263, 'trades_per_week': 8.77, 'win_rate_pct': 41.06, 'avg_rr': 2.477, 'profit_factor': 1.707, 'total_pips': 749.89, 'total_r': 129.797, 'max_drawdown_r': 12.87, 'max_win_streak': 9, 'max_loss_streak': 7, 'risk_of_ruin_pct': 0.0}
  anti_chase_fixed_68: {'n_trades': 261, 'trades_per_week': 8.7, 'win_rate_pct': 45.98, 'avg_rr': 2.487, 'profit_factor': 2.112, 'total_pips': 1076.06, 'total_r': 181.486, 'max_drawdown_r': 14.03, 'max_win_streak': 9, 'max_loss_streak': 9, 'risk_of_ruin_pct': 0.0}
  nova_fixed: {'n_trades': 219, 'trades_per_week': 7.3, 'win_rate_pct': 38.81, 'avg_rr': 2.454, 'profit_factor': 1.683, 'total_pips': 595.21, 'total_r': 86.809, 'max_drawdown_r': 17.29, 'max_win_streak': 8, 'max_loss_streak': 9, 'risk_of_ruin_pct': 0.0}
{
  "winner": "baseline",
  "beats_wr_and_rr": false,
  "deltas_vs_baseline": {
    "frontier_rr": {
      "win_rate_pct": -1.31,
      "avg_rr": 0.023,
      "total_r": -12.828,
      "max_drawdown_r": 0.0,
      "profit_factor": -0.106,
      "n_trades": -3.0
    },
    "anti_chase_fixed_62": {
      "win_rate_pct": -12.77,
      "avg_rr": 0.016,
      "total_r": -144.125,
      "max_drawdown_r": 3.45,
      "profit_factor": -0.795,
      "n_trades": -25.0
    },
    "anti_chase_fixed_65": {
      "win_rate_pct": -7.85,
      "avg_rr": 0.016,
      "total_r": -87.871,
      "max_drawdown_r": 1.55,
      "profit_factor": -0.482,
      "n_trades": -11.0
    },
    "anti_chase_fixed_68": {
      "win_rate_pct": -2.93,
      "avg_rr": 0.026,
      "total_r": -36.182,
      "max_drawdown_r": 2.71,
      "profit_factor": -0.077,
      "n_trades": -13.0
    },
    "nova_fixed": {
      "win_rate_pct": -10.1,
      "avg_rr": -0.007,
      "total_r": -130.859,
      "max_drawdown_r": 5.97,
      "profit_factor": -0.506,
      "n_trades": -55.0
    }
  },
  "path": "/home/thuyenng/work/ThuyenRepo/EdgeMinerM15/results/research/wr_rr_breakthrough/latest.json"
}
