Breakthrough A/B | model=tm_h_c_6_tu_n_h_c_2025-2026-6th_bc18d887 | presets=['baseline', 'anti_chase_fixed_68', 'anti_chase_fixed_70', 'anti_chase_and_65_2', 'anti_chase_and_68_2', 'anti_chase_and_70_15'] | workers=2
  baseline: {'n_trades': 273, 'trades_per_week': 9.1, 'win_rate_pct': 48.35, 'avg_rr': 2.475, 'profit_factor': 2.173, 'total_pips': 1160.34, 'total_r': 213.149, 'max_drawdown_r': 11.32, 'max_win_streak': 9, 'max_loss_streak': 10, 'risk_of_ruin_pct': 0.0}
  anti_chase_fixed_68: {'n_trades': 228, 'trades_per_week': 7.6, 'win_rate_pct': 47.37, 'avg_rr': 2.513, 'profit_factor': 2.228, 'total_pips': 1016.73, 'total_r': 174.749, 'max_drawdown_r': 12.17, 'max_win_streak': 8, 'max_loss_streak': 10, 'risk_of_ruin_pct': 0.0}
  anti_chase_fixed_70: {'n_trades': 234, 'trades_per_week': 7.8, 'win_rate_pct': 50.85, 'avg_rr': 2.501, 'profit_factor': 2.512, 'total_pips': 1200.49, 'total_r': 210.15, 'max_drawdown_r': 7.99, 'max_win_streak': 8, 'max_loss_streak': 7, 'risk_of_ruin_pct': 0.0}
  anti_chase_and_65_2: {'n_trades': 186, 'trades_per_week': 6.2, 'win_rate_pct': 53.76, 'avg_rr': 2.442, 'profit_factor': 2.849, 'total_pips': 1092.5, 'total_r': 182.592, 'max_drawdown_r': 5.19, 'max_win_streak': 8, 'max_loss_streak': 4, 'risk_of_ruin_pct': 0.0}
  anti_chase_and_68_2: {'n_trades': 217, 'trades_per_week': 7.23, 'win_rate_pct': 50.23, 'avg_rr': 2.476, 'profit_factor': 2.561, 'total_pips': 1157.99, 'total_r': 186.795, 'max_drawdown_r': 8.16, 'max_win_streak': 8, 'max_loss_streak': 7, 'risk_of_ruin_pct': 0.0}
  anti_chase_and_70_15: {'n_trades': 238, 'trades_per_week': 7.93, 'win_rate_pct': 50.42, 'avg_rr': 2.446, 'profit_factor': 2.403, 'total_pips': 1152.82, 'total_r': 202.249, 'max_drawdown_r': 7.99, 'max_win_streak': 8, 'max_loss_streak': 7, 'risk_of_ruin_pct': 0.0}
{
  "winner": "anti_chase_and_65_2",
  "beats_wr_and_rr": false,
  "deltas_vs_baseline": {
    "anti_chase_fixed_68": {
      "win_rate_pct": -0.98,
      "avg_rr": 0.038,
      "total_r": -38.4,
      "max_drawdown_r": 0.85,
      "profit_factor": 0.055,
      "n_trades": -45.0
    },
    "anti_chase_fixed_70": {
      "win_rate_pct": 2.5,
      "avg_rr": 0.026,
      "total_r": -2.999,
      "max_drawdown_r": -3.33,
      "profit_factor": 0.339,
      "n_trades": -39.0
    },
    "anti_chase_and_65_2": {
      "win_rate_pct": 5.41,
      "avg_rr": -0.033,
      "total_r": -30.557,
      "max_drawdown_r": -6.13,
      "profit_factor": 0.676,
      "n_trades": -87.0
    },
    "anti_chase_and_68_2": {
      "win_rate_pct": 1.88,
      "avg_rr": 0.001,
      "total_r": -26.354,
      "max_drawdown_r": -3.16,
      "profit_factor": 0.388,
      "n_trades": -56.0
    },
    "anti_chase_and_70_15": {
      "win_rate_pct": 2.07,
      "avg_rr": -0.029,
      "total_r": -10.9,
      "max_drawdown_r": -3.33,
      "profit_factor": 0.23,
      "n_trades": -35.0
    }
  },
  "path": "/home/thuyenng/work/ThuyenRepo/EdgeMinerM15/results/research/wr_rr_breakthrough/latest.json"
}
