Clone identity: slug=check instance=LC2G23CHECK bridge=bridge_lc2_g23_check chart_port=10076
==> Locate XM Global MT5
Install : C:\Program Files\XM Global MT5
Data    : C:\Users\Thuyen\AppData\Roaming\MetaQuotes\Terminal\BB16F565FAAA6B23A20C26C49416FF05
Desk    : g23 (LC2G23CHECK GBPUSD M15)
Runtime : C:\Work\ThuyenRepo\M15_check\Train\runtime\g23
Mode    : Live
==> Stop XM MT5 (unlock EA files / Files junction)
==> Link MQL5 Files to app
Live    : C:\Users\Thuyen\AppData\Roaming\MetaQuotes\Terminal\BB16F565FAAA6B23A20C26C49416FF05\MQL5\Files\bridge_lc2_g23_check -> C:\Work\ThuyenRepo\M15_check\Train\runtime\g23\mt5\bridge_lc2_g23_check
==> Render ForgeBridge EA v1.27 for desk g23
OK runtime\g23\mt5\Experts\ForgeBridgeLC2G23CHECK.mq5
==> Copy and compile ForgeBridgeLC2G23CHECK
EX5     : C:\Users\Thuyen\AppData\Roaming\MetaQuotes\Terminal\BB16F565FAAA6B23A20C26C49416FF05\MQL5\Experts\EdgeMinerLC2G23CHECK\ForgeBridgeLC2G23CHECK.ex5
==> Attach ForgeBridgeLC2G23CHECK Live to GBPUSD M15
Attach target: free GBPUSD M15 chart chart03.chr for ForgeBridgeLC2G23CHECK
Attached ForgeBridgeLC2G23CHECK (mode=0, subdir=bridge_lc2_g23_check) -> chart03.chr
Chart   : C:\Users\Thuyen\AppData\Roaming\MetaQuotes\Terminal\BB16F565FAAA6B23A20C26C49416FF05\MQL5\Profiles\Charts\Default\chart03.chr
Trading : True
History test: same EA + chart; App writes sim_control.json on bridge_lc2_g23_check
==> Done
Live EA ready. History test: App from/to writes sim_control.json on this same chart (no Sim EX5).
Next update command:
powershell -ExecutionPolicy Bypass -File "C:\Work\ThuyenRepo\M15_check\Train\scripts\deploy_xm_forgebridge.ps1" -Desk g23
