Breakthrough A/B | model=tm_breakthrough_elite_or_qualit_d23dbb33 | presets=['elite_or_quality', 'anti_chase_fixed_70', 'edge_gentle', 'elite_60_3_vwap', 'elite_55_4', 'elite_60_3', 'elite_60_35', 'anti_chase', 'anti_chase_and_70_15', 'frontier_rr_hi', 'baseline'] | workers=4
  cfg train=6w kb=era_2025_2026_6thang ep=3 OOS=2026-04-01→2026-12-31
  elite_or_quality: {'n_trades': 37, 'trades_per_week': 2.06, 'win_rate_pct': 72.97, 'avg_rr': 2.781, 'profit_factor': 7.703, 'total_pips': 398.39, 'total_r': 76.752, 'max_drawdown_r': 2.53, 'max_win_streak': 8, 'max_loss_streak': 2, 'risk_of_ruin_pct': 0.0}
  elite_60_3_vwap: {'n_trades': 31, 'trades_per_week': 1.72, 'win_rate_pct': 74.19, 'avg_rr': 2.891, 'profit_factor': 7.815, 'total_pips': 334.72, 'total_r': 67.655, 'max_drawdown_r': 2.29, 'max_win_streak': 8, 'max_loss_streak': 2, 'risk_of_ruin_pct': 0.0}
  anti_chase_fixed_70: {'n_trades': 133, 'trades_per_week': 7.39, 'win_rate_pct': 49.62, 'avg_rr': 2.495, 'profit_factor': 2.464, 'total_pips': 590.81, 'total_r': 114.087, 'max_drawdown_r': 5.75, 'max_win_streak': 8, 'max_loss_streak': 5, 'risk_of_ruin_pct': 0.0}
  edge_gentle: {'n_trades': 158, 'trades_per_week': 8.78, 'win_rate_pct': 48.1, 'avg_rr': 2.466, 'profit_factor': 2.194, 'total_pips': 604.5, 'total_r': 122.723, 'max_drawdown_r': 8.1, 'max_win_streak': 6, 'max_loss_streak': 7, 'risk_of_ruin_pct': 0.0}
  elite_60_3: {'n_trades': 35, 'trades_per_week': 1.94, 'win_rate_pct': 62.86, 'avg_rr': 2.822, 'profit_factor': 5.346, 'total_pips': 313.1, 'total_r': 58.316, 'max_drawdown_r': 3.5, 'max_win_streak': 9, 'max_loss_streak': 3, 'risk_of_ruin_pct': 0.0}
  elite_55_4: {'n_trades': 19, 'trades_per_week': 1.06, 'win_rate_pct': 68.42, 'avg_rr': 3.375, 'profit_factor': 6.63, 'total_pips': 226.79, 'total_r': 43.092, 'max_drawdown_r': 2.27, 'max_win_streak': 4, 'max_loss_streak': 2, 'risk_of_ruin_pct': 0.0}
  elite_60_35: {'n_trades': 54, 'trades_per_week': 3.0, 'win_rate_pct': 59.26, 'avg_rr': 2.866, 'profit_factor': 3.907, 'total_pips': 401.25, 'total_r': 80.934, 'max_drawdown_r': 3.68, 'max_win_streak': 8, 'max_loss_streak': 3, 'risk_of_ruin_pct': 0.0}
  anti_chase_and_70_15: {'n_trades': 129, 'trades_per_week': 7.17, 'win_rate_pct': 49.61, 'avg_rr': 2.482, 'profit_factor': 2.384, 'total_pips': 556.68, 'total_r': 109.076, 'max_drawdown_r': 6.8, 'max_win_streak': 7, 'max_loss_streak': 7, 'risk_of_ruin_pct': 0.0}
  baseline: {'n_trades': 157, 'trades_per_week': 8.72, 'win_rate_pct': 46.5, 'avg_rr': 2.427, 'profit_factor': 2.01, 'total_pips': 521.54, 'total_r': 108.481, 'max_drawdown_r': 10.12, 'max_win_streak': 7, 'max_loss_streak': 10, 'risk_of_ruin_pct': 0.0}
  frontier_rr_hi: {'n_trades': 154, 'trades_per_week': 8.56, 'win_rate_pct': 46.75, 'avg_rr': 2.441, 'profit_factor': 2.099, 'total_pips': 552.62, 'total_r': 109.195, 'max_drawdown_r': 10.12, 'max_win_streak': 7, 'max_loss_streak': 10, 'risk_of_ruin_pct': 0.0}
  anti_chase: {'n_trades': 95, 'trades_per_week': 5.28, 'win_rate_pct': 62.11, 'avg_rr': 2.362, 'profit_factor': 3.763, 'total_pips': 591.86, 'total_r': 121.44, 'max_drawdown_r': 4.82, 'max_win_streak': 9, 'max_loss_streak': 4, 'risk_of_ruin_pct': 0.0}
{
  "winner": "anti_chase",
  "beats_wr_and_rr": false,
  "deltas_vs_baseline": {
    "elite_or_quality": {
      "win_rate_pct": 26.47,
      "avg_rr": 0.354,
      "total_r": -31.729,
      "max_drawdown_r": -7.59,
      "profit_factor": 5.693,
      "n_trades": -120.0
    },
    "elite_60_3_vwap": {
      "win_rate_pct": 27.69,
      "avg_rr": 0.464,
      "total_r": -40.826,
      "max_drawdown_r": -7.83,
      "profit_factor": 5.805,
      "n_trades": -126.0
    },
    "anti_chase_fixed_70": {
      "win_rate_pct": 3.12,
      "avg_rr": 0.068,
      "total_r": 5.606,
      "max_drawdown_r": -4.37,
      "profit_factor": 0.454,
      "n_trades": -24.0
    },
    "edge_gentle": {
      "win_rate_pct": 1.6,
      "avg_rr": 0.039,
      "total_r": 14.242,
      "max_drawdown_r": -2.02,
      "profit_factor": 0.184,
      "n_trades": 1.0
    },
    "elite_60_3": {
      "win_rate_pct": 16.36,
      "avg_rr": 0.395,
      "total_r": -50.165,
      "max_drawdown_r": -6.62,
      "profit_factor": 3.336,
      "n_trades": -122.0
    },
    "elite_55_4": {
      "win_rate_pct": 21.92,
      "avg_rr": 0.948,
      "total_r": -65.389,
      "max_drawdown_r": -7.85,
      "profit_factor": 4.62,
      "n_trades": -138.0
    },
    "elite_60_35": {
      "win_rate_pct": 12.76,
      "avg_rr": 0.439,
      "total_r": -27.547,
      "max_drawdown_r": -6.44,
      "profit_factor": 1.897,
      "n_trades": -103.0
    },
    "anti_chase_and_70_15": {
      "win_rate_pct": 3.11,
      "avg_rr": 0.055,
      "total_r": 0.595,
      "max_drawdown_r": -3.32,
      "profit_factor": 0.374,
      "n_trades": -28.0
    },
    "frontier_rr_hi": {
      "win_rate_pct": 0.25,
      "avg_rr": 0.014,
      "total_r": 0.714,
      "max_drawdown_r": 0.0,
      "profit_factor": 0.089,
      "n_trades": -3.0
    },
    "anti_chase": {
      "win_rate_pct": 15.61,
      "avg_rr": -0.065,
      "total_r": 12.959,
      "max_drawdown_r": -5.3,
      "profit_factor": 1.753,
      "n_trades": -62.0
    }
  },
  "path": "/home/thuyenng/work/ThuyenRepo/EdgeMinerM15/results/research/wr_rr_breakthrough/curated11_20260804_143754.json"
}
