Breakthrough A/B | model=tm_h_c_6_tu_n_h_c_2025-2026-6th_bc18d887 | presets=['baseline', 'edge_surgery', 'edge_surgery_rr'] | workers=2
  baseline: {'n_trades': 272, 'trades_per_week': 9.07, 'win_rate_pct': 47.79, 'avg_rr': 2.457, 'profit_factor': 2.146, 'total_pips': 1132.36, 'total_r': 204.04, 'max_drawdown_r': 11.32, 'max_win_streak': 9, 'max_loss_streak': 10, 'risk_of_ruin_pct': 0.0}
  edge_surgery: {'n_trades': 270, 'trades_per_week': 9.0, 'win_rate_pct': 47.78, 'avg_rr': 2.437, 'profit_factor': 2.157, 'total_pips': 1149.69, 'total_r': 199.056, 'max_drawdown_r': 8.1, 'max_win_streak': 9, 'max_loss_streak': 7, 'risk_of_ruin_pct': 0.0}
  edge_surgery_rr: {'n_trades': 270, 'trades_per_week': 9.0, 'win_rate_pct': 48.52, 'avg_rr': 2.491, 'profit_factor': 2.186, 'total_pips': 1165.26, 'total_r': 215.055, 'max_drawdown_r': 8.1, 'max_win_streak': 9, 'max_loss_streak': 7, 'risk_of_ruin_pct': 0.0}
{
  "winner": "edge_surgery_rr",
  "beats_wr_and_rr": true,
  "deltas_vs_baseline": {
    "edge_surgery": {
      "win_rate_pct": -0.01,
      "avg_rr": -0.02,
      "total_r": -4.984,
      "max_drawdown_r": -3.22,
      "profit_factor": 0.011,
      "n_trades": -2.0
    },
    "edge_surgery_rr": {
      "win_rate_pct": 0.73,
      "avg_rr": 0.034,
      "total_r": 11.015,
      "max_drawdown_r": -3.22,
      "profit_factor": 0.04,
      "n_trades": -2.0
    }
  },
  "path": "/home/thuyenng/work/ThuyenRepo/EdgeMinerM15/results/research/wr_rr_breakthrough/latest.json"
}
