
--- start 2026-08-06T21:00:13+07:00 ---
[bridge] live monitor=http://127.0.0.1:8825
[bridge] dir=C:\Work\ThuyenRepo\clone_app\EdgeMinerM15A6\mt5\bridge_m15a6 model=tm_breakthrough_anti_chase_fixe_748923b2 conditions_fp=c58232d10b00
[bridge] history bars=39246
[bridge] schedule week=2026-08-03 strategy=Forge RR3 full 2L3S rsi+ema #660A|chase:fixed_or_rsi<62+vwap<99 fm_len=39247 train_bars=2867 fp=c58232d10b00
[bridge] bar=2026.08.06 16:45 action=FLAT reason=no_signal strat=Forge RR3 full 2L3S rsi+ema #660A|chase:fixed_or_rsi<62+vwap<99
[bridge] live monitor=http://127.0.0.1:8825
[bridge] dir=C:\Work\ThuyenRepo\clone_app\EdgeMinerM15A6\mt5\bridge_m15a6 model=tm_breakthrough_anti_chase_fixe_748923b2 conditions_fp=c58232d10b00
[bridge] history bars=39247
[bridge] schedule week=2026-08-03 strategy=Forge RR3 full 2L3S rsi+ema #660A|chase:fixed_or_rsi<62+vwap<99 fm_len=39247 train_bars=2867 fp=c58232d10b00
[bridge] bar=2026.08.06 16:45 action=FLAT reason=no_signal strat=Forge RR3 full 2L3S rsi+ema #660A|chase:fixed_or_rsi<62+vwap<99
[bridge] live monitor=http://127.0.0.1:8825
[bridge] dir=C:\Work\ThuyenRepo\clone_app\EdgeMinerM15A6\mt5\bridge_m15a6 model=tm_breakthrough_anti_chase_fixe_748923b2 conditions_fp=c58232d10b00
[bridge] history bars=39247
[bridge] schedule week=2026-08-03 strategy=Forge RR3 full 2L3S rsi+ema #660A|chase:fixed_or_rsi<62+vwap<99 fm_len=39247 train_bars=2867 fp=c58232d10b00
[bridge] bar=2026.08.06 16:45 action=FLAT reason=no_signal strat=Forge RR3 full 2L3S rsi+ema #660A|chase:fixed_or_rsi<62+vwap<99
[bridge] live monitor=http://127.0.0.1:8825
[bridge] dir=C:\Work\ThuyenRepo\clone_app\EdgeMinerM15A6\mt5\bridge_m15a6 model=tm_breakthrough_anti_chase_fixe_748923b2 conditions_fp=c58232d10b00
[bridge] history bars=39247
[bridge] schedule week=2026-08-03 strategy=Forge RR3 full 2L3S rsi+ema #660A|chase:fixed_or_rsi<62+vwap<99 fm_len=39247 train_bars=2867 fp=c58232d10b00
[bridge] bar=2026.08.06 16:45 action=FLAT reason=no_signal strat=Forge RR3 full 2L3S rsi+ema #660A|chase:fixed_or_rsi<62+vwap<99
[bridge] schedule week=2026-08-03 strategy=Forge RR3 full 2L4S rsi+range #7A74|chase:fixed_or_rsi<58+vwap<1.5 fm_len=39247 train_bars=2867 fp=490a57dc1f9e
[bridge] bar=2026.08.06 16:45 action=FLAT reason=no_signal strat=Forge RR3 full 2L4S rsi+range #7A74|chase:fixed_or_rsi<58+vwap<1.5
[bridge] bar=2026.08.06 17:00 action=FLAT reason=no_signal strat=Forge RR3 full 2L4S rsi+range #7A74|chase:fixed_or_rsi<58+vwap<1.5
[bridge] bar=2026.08.06 17:15 action=FLAT reason=no_signal strat=Forge RR3 full 2L4S rsi+range #7A74|chase:fixed_or_rsi<58+vwap<1.5
[bridge] live monitor=http://127.0.0.1:8825
[bridge] dir=C:\Work\ThuyenRepo\clone_app\EdgeMinerM15A6\mt5\bridge_m15a6 model=tm_breakthrough_elite_or_qualit_d23dbb33 conditions_fp=490a57dc1f9e
[bridge] history bars=64488
[bridge] schedule week=2026-08-03 strategy=Forge RR3 full 2L4S rsi+range #7A74|chase:fixed_or_rsi<58+vwap<1.5 fm_len=64488 train_bars=2867 fp=490a57dc1f9e
[bridge] bar=2026.08.06 17:15 action=FLAT reason=no_signal strat=Forge RR3 full 2L4S rsi+range #7A74|chase:fixed_or_rsi<58+vwap<1.5
[bridge] ERROR: [Errno 13] Permission denied: 'C:\\Work\\ThuyenRepo\\clone_app\\EdgeMinerM15A6\\mt5\\bridge_m15a6\\status.json.tmp'
[bridge] ERROR: [WinError 2] The system cannot find the file specified: 'C:\\Work\\ThuyenRepo\\clone_app\\EdgeMinerM15A6\\data\\mt5_eurusd_m15.parquet.tmp' -> 'C:\\Work\\ThuyenRepo\\clone_app\\EdgeMinerM15A6\\data\\mt5_eurusd_m15.parquet'
[bridge] ERROR: [WinError 2] The system cannot find the file specified: 'C:\\Work\\ThuyenRepo\\clone_app\\EdgeMinerM15A6\\data\\mt5_eurusd_m15.parquet.tmp' -> 'C:\\Work\\ThuyenRepo\\clone_app\\EdgeMinerM15A6\\data\\mt5_eurusd_m15.parquet'
[bridge] ERROR: [WinError 2] The system cannot find the file specified: 'C:\\Work\\ThuyenRepo\\clone_app\\EdgeMinerM15A6\\data\\mt5_eurusd_m15.parquet.tmp' -> 'C:\\Work\\ThuyenRepo\\clone_app\\EdgeMinerM15A6\\data\\mt5_eurusd_m15.parquet'
[bridge] ERROR: [WinError 2] The system cannot find the file specified: 'C:\\Work\\ThuyenRepo\\clone_app\\EdgeMinerM15A6\\data\\mt5_eurusd_m15.parquet.tmp' -> 'C:\\Work\\ThuyenRepo\\clone_app\\EdgeMinerM15A6\\data\\mt5_eurusd_m15.parquet'
[bridge] ERROR: [WinError 2] The system cannot find the file specified: 'C:\\Work\\ThuyenRepo\\clone_app\\EdgeMinerM15A6\\data\\mt5_eurusd_m15.parquet.tmp' -> 'C:\\Work\\ThuyenRepo\\clone_app\\EdgeMinerM15A6\\data\\mt5_eurusd_m15.parquet'
[bridge] ERROR: [WinError 2] The system cannot find the file specified: 'C:\\Work\\ThuyenRepo\\clone_app\\EdgeMinerM15A6\\data\\mt5_eurusd_m15.parquet.tmp' -> 'C:\\Work\\ThuyenRepo\\clone_app\\EdgeMinerM15A6\\data\\mt5_eurusd_m15.parquet'
[bridge] ERROR: [WinError 2] The system cannot find the file specified: 'C:\\Work\\ThuyenRepo\\clone_app\\EdgeMinerM15A6\\data\\mt5_eurusd_m15.parquet.tmp' -> 'C:\\Work\\ThuyenRepo\\clone_app\\EdgeMinerM15A6\\data\\mt5_eurusd_m15.parquet'
[bridge] ERROR: [WinError 2] The system cannot find the file specified: 'C:\\Work\\ThuyenRepo\\clone_app\\EdgeMinerM15A6\\data\\mt5_eurusd_m15.parquet.tmp' -> 'C:\\Work\\ThuyenRepo\\clone_app\\EdgeMinerM15A6\\data\\mt5_eurusd_m15.parquet'
[bridge] ERROR: [WinError 2] The system cannot find the file specified: 'C:\\Work\\ThuyenRepo\\clone_app\\EdgeMinerM15A6\\data\\mt5_eurusd_m15.parquet.tmp' -> 'C:\\Work\\ThuyenRepo\\clone_app\\EdgeMinerM15A6\\data\\mt5_eurusd_m15.parquet'
[bridge] ERROR: [WinError 2] The system cannot find the file specified: 'C:\\Work\\ThuyenRepo\\clone_app\\EdgeMinerM15A6\\data\\mt5_eurusd_m15.parquet.tmp' -> 'C:\\Work\\ThuyenRepo\\clone_app\\EdgeMinerM15A6\\data\\mt5_eurusd_m15.parquet'
[bridge] ERROR: [WinError 2] The system cannot find the file specified: 'C:\\Work\\ThuyenRepo\\clone_app\\EdgeMinerM15A6\\data\\mt5_eurusd_m15.parquet.tmp' -> 'C:\\Work\\ThuyenRepo\\clone_app\\EdgeMinerM15A6\\data\\mt5_eurusd_m15.parquet'
[bridge] ERROR: [WinError 2] The system cannot find the file specified: 'C:\\Work\\ThuyenRepo\\clone_app\\EdgeMinerM15A6\\data\\mt5_eurusd_m15.parquet.tmp' -> 'C:\\Work\\ThuyenRepo\\clone_app\\EdgeMinerM15A6\\data\\mt5_eurusd_m15.parquet'
[bridge] ERROR: [WinError 2] The system cannot find the file specified: 'C:\\Work\\ThuyenRepo\\clone_app\\EdgeMinerM15A6\\data\\mt5_eurusd_m15.parquet.tmp' -> 'C:\\Work\\ThuyenRepo\\clone_app\\EdgeMinerM15A6\\data\\mt5_eurusd_m15.parquet'
[bridge] ERROR: [WinError 2] The system cannot find the file specified: 'C:\\Work\\ThuyenRepo\\clone_app\\EdgeMinerM15A6\\data\\mt5_eurusd_m15.parquet.tmp' -> 'C:\\Work\\ThuyenRepo\\clone_app\\EdgeMinerM15A6\\data\\mt5_eurusd_m15.parquet'
[bridge] ERROR: [WinError 2] The system cannot find the file specified: 'C:\\Work\\ThuyenRepo\\clone_app\\EdgeMinerM15A6\\data\\mt5_eurusd_m15.parquet.tmp' -> 'C:\\Work\\ThuyenRepo\\clone_app\\EdgeMinerM15A6\\data\\mt5_eurusd_m15.parquet'
[bridge] ERROR: [WinError 2] The system cannot find the file specified: 'C:\\Work\\ThuyenRepo\\clone_app\\EdgeMinerM15A6\\data\\mt5_eurusd_m15.parquet.tmp' -> 'C:\\Work\\ThuyenRepo\\clone_app\\EdgeMinerM15A6\\data\\mt5_eurusd_m15.parquet'
[bridge] ERROR: [WinError 2] The system cannot find the file specified: 'C:\\Work\\ThuyenRepo\\clone_app\\EdgeMinerM15A6\\data\\mt5_eurusd_m15.parquet.tmp' -> 'C:\\Work\\ThuyenRepo\\clone_app\\EdgeMinerM15A6\\data\\mt5_eurusd_m15.parquet'
[bridge] ERROR: [WinError 2] The system cannot find the file specified: 'C:\\Work\\ThuyenRepo\\clone_app\\EdgeMinerM15A6\\data\\mt5_eurusd_m15.parquet.tmp' -> 'C:\\Work\\ThuyenRepo\\clone_app\\EdgeMinerM15A6\\data\\mt5_eurusd_m15.parquet'
[bridge] ERROR: [WinError 2] The system cannot find the file specified: 'C:\\Work\\ThuyenRepo\\clone_app\\EdgeMinerM15A6\\data\\mt5_eurusd_m15.parquet.tmp' -> 'C:\\Work\\ThuyenRepo\\clone_app\\EdgeMinerM15A6\\data\\mt5_eurusd_m15.parquet'
[bridge] ERROR: [WinError 2] The system cannot find the file specified: 'C:\\Work\\ThuyenRepo\\clone_app\\EdgeMinerM15A6\\data\\mt5_eurusd_m15.parquet.tmp' -> 'C:\\Work\\ThuyenRepo\\clone_app\\EdgeMinerM15A6\\data\\mt5_eurusd_m15.parquet'
[bridge] ERROR: [WinError 2] The system cannot find the file specified: 'C:\\Work\\ThuyenRepo\\clone_app\\EdgeMinerM15A6\\data\\mt5_eurusd_m15.parquet.tmp' -> 'C:\\Work\\ThuyenRepo\\clone_app\\EdgeMinerM15A6\\data\\mt5_eurusd_m15.parquet'
[bridge] ERROR: [WinError 2] The system cannot find the file specified: 'C:\\Work\\ThuyenRepo\\clone_app\\EdgeMinerM15A6\\data\\mt5_eurusd_m15.parquet.tmp' -> 'C:\\Work\\ThuyenRepo\\clone_app\\EdgeMinerM15A6\\data\\mt5_eurusd_m15.parquet'
[bridge] ERROR: [Errno 13] Permission denied: 'C:\\Work\\ThuyenRepo\\clone_app\\EdgeMinerM15A6\\data\\mt5_eurusd_m15.parquet.tmp'
[bridge] ERROR: [WinError 2] The system cannot find the file specified: 'C:\\Work\\ThuyenRepo\\clone_app\\EdgeMinerM15A6\\data\\mt5_eurusd_m15.parquet.tmp' -> 'C:\\Work\\ThuyenRepo\\clone_app\\EdgeMinerM15A6\\data\\mt5_eurusd_m15.parquet'
[bridge] ERROR: [WinError 2] The system cannot find the file specified: 'C:\\Work\\ThuyenRepo\\clone_app\\EdgeMinerM15A6\\data\\mt5_eurusd_m15.parquet.tmp' -> 'C:\\Work\\ThuyenRepo\\clone_app\\EdgeMinerM15A6\\data\\mt5_eurusd_m15.parquet'
[bridge] ERROR: [WinError 2] The system cannot find the file specified: 'C:\\Work\\ThuyenRepo\\clone_app\\EdgeMinerM15A6\\data\\mt5_eurusd_m15.parquet.tmp' -> 'C:\\Work\\ThuyenRepo\\clone_app\\EdgeMinerM15A6\\data\\mt5_eurusd_m15.parquet'
[bridge] ERROR: [WinError 2] The system cannot find the file specified: 'C:\\Work\\ThuyenRepo\\clone_app\\EdgeMinerM15A6\\data\\mt5_eurusd_m15.parquet.tmp' -> 'C:\\Work\\ThuyenRepo\\clone_app\\EdgeMinerM15A6\\data\\mt5_eurusd_m15.parquet'
[bridge] ERROR: [WinError 2] The system cannot find the file specified: 'C:\\Work\\ThuyenRepo\\clone_app\\EdgeMinerM15A6\\data\\mt5_eurusd_m15.parquet.tmp' -> 'C:\\Work\\ThuyenRepo\\clone_app\\EdgeMinerM15A6\\data\\mt5_eurusd_m15.parquet'
[bridge] ERROR: [WinError 2] The system cannot find the file specified: 'C:\\Work\\ThuyenRepo\\clone_app\\EdgeMinerM15A6\\data\\mt5_eurusd_m15.parquet.tmp' -> 'C:\\Work\\ThuyenRepo\\clone_app\\EdgeMinerM15A6\\data\\mt5_eurusd_m15.parquet'
[bridge] ERROR: [WinError 2] The system cannot find the file specified: 'C:\\Work\\ThuyenRepo\\clone_app\\EdgeMinerM15A6\\data\\mt5_eurusd_m15.parquet.tmp' -> 'C:\\Work\\ThuyenRepo\\clone_app\\EdgeMinerM15A6\\data\\mt5_eurusd_m15.parquet'
[bridge] ERROR: [WinError 2] The system cannot find the file specified: 'C:\\Work\\ThuyenRepo\\clone_app\\EdgeMinerM15A6\\data\\mt5_eurusd_m15.parquet.tmp' -> 'C:\\Work\\ThuyenRepo\\clone_app\\EdgeMinerM15A6\\data\\mt5_eurusd_m15.parquet'
[bridge] ERROR: [WinError 2] The system cannot find the file specified: 'C:\\Work\\ThuyenRepo\\clone_app\\EdgeMinerM15A6\\data\\mt5_eurusd_m15.parquet.tmp' -> 'C:\\Work\\ThuyenRepo\\clone_app\\EdgeMinerM15A6\\data\\mt5_eurusd_m15.parquet'
[bridge] ERROR: [WinError 2] The system cannot find the file specified: 'C:\\Work\\ThuyenRepo\\clone_app\\EdgeMinerM15A6\\data\\mt5_eurusd_m15.parquet.tmp' -> 'C:\\Work\\ThuyenRepo\\clone_app\\EdgeMinerM15A6\\data\\mt5_eurusd_m15.parquet'
[bridge] ERROR: [WinError 2] The system cannot find the file specified: 'C:\\Work\\ThuyenRepo\\clone_app\\EdgeMinerM15A6\\data\\mt5_eurusd_m15.parquet.tmp' -> 'C:\\Work\\ThuyenRepo\\clone_app\\EdgeMinerM15A6\\data\\mt5_eurusd_m15.parquet'
[bridge] ERROR: [WinError 2] The system cannot find the file specified: 'C:\\Work\\ThuyenRepo\\clone_app\\EdgeMinerM15A6\\data\\mt5_eurusd_m15.parquet.tmp' -> 'C:\\Work\\ThuyenRepo\\clone_app\\EdgeMinerM15A6\\data\\mt5_eurusd_m15.parquet'
[bridge] ERROR: [WinError 2] The system cannot find the file specified: 'C:\\Work\\ThuyenRepo\\clone_app\\EdgeMinerM15A6\\data\\mt5_eurusd_m15.parquet.tmp' -> 'C:\\Work\\ThuyenRepo\\clone_app\\EdgeMinerM15A6\\data\\mt5_eurusd_m15.parquet'
[bridge] ERROR: [WinError 2] The system cannot find the file specified: 'C:\\Work\\ThuyenRepo\\clone_app\\EdgeMinerM15A6\\data\\mt5_eurusd_m15.parquet.tmp' -> 'C:\\Work\\ThuyenRepo\\clone_app\\EdgeMinerM15A6\\data\\mt5_eurusd_m15.parquet'
[bridge] ERROR: [WinError 32] The process cannot access the file because it is being used by another process: 'C:\\Work\\ThuyenRepo\\clone_app\\EdgeMinerM15A6\\data\\mt5_eurusd_m15.parquet.tmp' -> 'C:\\Work\\ThuyenRepo\\clone_app\\EdgeMinerM15A6\\data\\mt5_eurusd_m15.parquet'
[bridge] ERROR: [WinError 2] The system cannot find the file specified: 'C:\\Work\\ThuyenRepo\\clone_app\\EdgeMinerM15A6\\data\\mt5_eurusd_m15.parquet.tmp' -> 'C:\\Work\\ThuyenRepo\\clone_app\\EdgeMinerM15A6\\data\\mt5_eurusd_m15.parquet'
[bridge] ERROR: [WinError 2] The system cannot find the file specified: 'C:\\Work\\ThuyenRepo\\clone_app\\EdgeMinerM15A6\\data\\mt5_eurusd_m15.parquet.tmp' -> 'C:\\Work\\ThuyenRepo\\clone_app\\EdgeMinerM15A6\\data\\mt5_eurusd_m15.parquet'
[bridge] ERROR: [WinError 32] The process cannot access the file because it is being used by another process: 'C:\\Work\\ThuyenRepo\\clone_app\\EdgeMinerM15A6\\data\\mt5_eurusd_m15.parquet.tmp' -> 'C:\\Work\\ThuyenRepo\\clone_app\\EdgeMinerM15A6\\data\\mt5_eurusd_m15.parquet'
[bridge] ERROR: [WinError 2] The system cannot find the file specified: 'C:\\Work\\ThuyenRepo\\clone_app\\EdgeMinerM15A6\\data\\mt5_eurusd_m15.parquet.tmp' -> 'C:\\Work\\ThuyenRepo\\clone_app\\EdgeMinerM15A6\\data\\mt5_eurusd_m15.parquet'
[bridge] ERROR: [WinError 2] The system cannot find the file specified: 'C:\\Work\\ThuyenRepo\\clone_app\\EdgeMinerM15A6\\data\\mt5_eurusd_m15.parquet.tmp' -> 'C:\\Work\\ThuyenRepo\\clone_app\\EdgeMinerM15A6\\data\\mt5_eurusd_m15.parquet'
[bridge] ERROR: [WinError 2] The system cannot find the file specified: 'C:\\Work\\ThuyenRepo\\clone_app\\EdgeMinerM15A6\\data\\mt5_eurusd_m15.parquet.tmp' -> 'C:\\Work\\ThuyenRepo\\clone_app\\EdgeMinerM15A6\\data\\mt5_eurusd_m15.parquet'
[bridge] ERROR: [WinError 2] The system cannot find the file specified: 'C:\\Work\\ThuyenRepo\\clone_app\\EdgeMinerM15A6\\data\\mt5_eurusd_m15.parquet.tmp' -> 'C:\\Work\\ThuyenRepo\\clone_app\\EdgeMinerM15A6\\data\\mt5_eurusd_m15.parquet'
[bridge] ERROR: [WinError 2] The system cannot find the file specified: 'C:\\Work\\ThuyenRepo\\clone_app\\EdgeMinerM15A6\\data\\mt5_eurusd_m15.parquet.tmp' -> 'C:\\Work\\ThuyenRepo\\clone_app\\EdgeMinerM15A6\\data\\mt5_eurusd_m15.parquet'
[bridge] ERROR: [WinError 2] The system cannot find the file specified: 'C:\\Work\\ThuyenRepo\\clone_app\\EdgeMinerM15A6\\data\\mt5_eurusd_m15.parquet.tmp' -> 'C:\\Work\\ThuyenRepo\\clone_app\\EdgeMinerM15A6\\data\\mt5_eurusd_m15.parquet'
[bridge] ERROR: [WinError 2] The system cannot find the file specified: 'C:\\Work\\ThuyenRepo\\clone_app\\EdgeMinerM15A6\\data\\mt5_eurusd_m15.parquet.tmp' -> 'C:\\Work\\ThuyenRepo\\clone_app\\EdgeMinerM15A6\\data\\mt5_eurusd_m15.parquet'
[bridge] ERROR: [WinError 2] The system cannot find the file specified: 'C:\\Work\\ThuyenRepo\\clone_app\\EdgeMinerM15A6\\data\\mt5_eurusd_m15.parquet.tmp' -> 'C:\\Work\\ThuyenRepo\\clone_app\\EdgeMinerM15A6\\data\\mt5_eurusd_m15.parquet'
[bridge] bar=2026.08.06 17:30 action=FLAT reason=no_signal strat=Forge RR3 full 2L4S rsi+range #7A74|chase:fixed_or_rsi<58+vwap<1.5
[bridge] bar=2026.08.06 17:30 action=FLAT reason=no_signal strat=Forge RR3 full 2L4S rsi+range #7A74|chase:fixed_or_rsi<58+vwap<1.5

--- start 2026-08-06T21:48:21+07:00 ---
[bridge] live monitor=http://127.0.0.1:8825
[bridge] dir=C:\Work\ThuyenRepo\clone_app\EdgeMinerM15A6\mt5\bridge_m15a6 model=tm_breakthrough_elite_or_qualit_d23dbb33 conditions_fp=490a57dc1f9e
[bridge] history bars=64489
[bridge] schedule week=2026-08-03 strategy=Forge RR3 full 2L4S rsi+range #7A74|chase:fixed_or_rsi<58+vwap<1.5 fm_len=64489 train_bars=2867 fp=490a57dc1f9e
[bridge] bar=2026.08.06 17:30 action=FLAT reason=no_signal strat=Forge RR3 full 2L4S rsi+range #7A74|chase:fixed_or_rsi<58+vwap<1.5
